Component: ARM Compiler 5.06 update 7 (build 960) Tool: armlink [4d3601]

==============================================================================

Section Cross References

    startup_stm32f103xb.o(STACK) refers (Special) to heapauxi.o(.text) for __use_two_region_memory
    startup_stm32f103xb.o(HEAP) refers (Special) to heapauxi.o(.text) for __use_two_region_memory
    startup_stm32f103xb.o(RESET) refers (Special) to heapauxi.o(.text) for __use_two_region_memory
    startup_stm32f103xb.o(RESET) refers to startup_stm32f103xb.o(STACK) for __initial_sp
    startup_stm32f103xb.o(RESET) refers to startup_stm32f103xb.o(.text) for Reset_Handler
    startup_stm32f103xb.o(RESET) refers to stm32f1xx_it.o(i.NMI_Handler) for NMI_Handler
    startup_stm32f103xb.o(RESET) refers to stm32f1xx_it.o(i.HardFault_Handler) for HardFault_Handler
    startup_stm32f103xb.o(RESET) refers to stm32f1xx_it.o(i.MemManage_Handler) for MemManage_Handler
    startup_stm32f103xb.o(RESET) refers to stm32f1xx_it.o(i.BusFault_Handler) for BusFault_Handler
    startup_stm32f103xb.o(RESET) refers to stm32f1xx_it.o(i.UsageFault_Handler) for UsageFault_Handler
    startup_stm32f103xb.o(RESET) refers to port.o(.emb_text) for SVC_Handler
    startup_stm32f103xb.o(RESET) refers to stm32f1xx_it.o(i.DebugMon_Handler) for DebugMon_Handler
    startup_stm32f103xb.o(RESET) refers to stm32f1xx_it.o(i.SysTick_Handler) for SysTick_Handler
    startup_stm32f103xb.o(RESET) refers to stm32f1xx_it.o(i.TIM1_UP_IRQHandler) for TIM1_UP_IRQHandler
    startup_stm32f103xb.o(RESET) refers to stm32f1xx_it.o(i.USART2_IRQHandler) for USART2_IRQHandler
    startup_stm32f103xb.o(.text) refers (Special) to heapauxi.o(.text) for __use_two_region_memory
    startup_stm32f103xb.o(.text) refers to system_stm32f1xx.o(i.SystemInit) for SystemInit
    startup_stm32f103xb.o(.text) refers to __main.o(!!!main) for __main
    startup_stm32f103xb.o(.text) refers to startup_stm32f103xb.o(HEAP) for Heap_Mem
    startup_stm32f103xb.o(.text) refers to startup_stm32f103xb.o(STACK) for Stack_Mem
    main.o(i.Display_function) refers to oled_new.o(i.Oled_ShowCHinese) for Oled_ShowCHinese
    main.o(i.Display_function) refers to oled_new.o(i.Oled_ShowString) for Oled_ShowString
    main.o(i.Display_function) refers to oled_new.o(i.OLED_Show_Temp) for OLED_Show_Temp
    main.o(i.Display_function) refers to oled_new.o(i.OLED_ShowNum) for OLED_ShowNum
    main.o(i.Display_function) refers to stm32f1xx_hal_gpio.o(i.HAL_GPIO_ReadPin) for HAL_GPIO_ReadPin
    main.o(i.Display_function) refers to main.o(.data) for .data
    main.o(i.HAL_TIM_PeriodElapsedCallback) refers to tim.o(.bss) for htim1
    main.o(i.HAL_TIM_PeriodElapsedCallback) refers to main.o(.data) for .data
    main.o(i.HAL_TIM_PeriodElapsedCallback) refers to main.o(.constdata) for .constdata
    main.o(i.HAL_UART_RxCpltCallback) refers to stm32f1xx_hal_uart.o(i.HAL_UART_Receive_IT) for HAL_UART_Receive_IT
    main.o(i.HAL_UART_RxCpltCallback) refers to usart.o(.bss) for huart2
    main.o(i.HAL_UART_RxCpltCallback) refers to aliesp8266.o(.data) for uartwifi_value
    main.o(i.HAL_UART_RxCpltCallback) refers to aliesp8266.o(.bss) for ESP8266_buf
    main.o(i.Key_function) refers to key.o(i.Chiclet_Keyboard_Scan) for Chiclet_Keyboard_Scan
    main.o(i.Key_function) refers to main.o(.data) for .data
    main.o(i.Monitor_function) refers to ds18b20.o(i.Ds18b20_Read_Temp) for Ds18b20_Read_Temp
    main.o(i.Monitor_function) refers to stm32f1xx_hal_adc.o(i.HAL_ADC_Start) for HAL_ADC_Start
    main.o(i.Monitor_function) refers to stm32f1xx_hal_adc.o(i.HAL_ADC_PollForConversion) for HAL_ADC_PollForConversion
    main.o(i.Monitor_function) refers to stm32f1xx_hal_adc.o(i.HAL_ADC_GetValue) for HAL_ADC_GetValue
    main.o(i.Monitor_function) refers to stm32f1xx_hal_adc.o(i.HAL_ADC_Stop) for HAL_ADC_Stop
    main.o(i.Monitor_function) refers to dflt_clz.o(x$fpl$dfltu) for __aeabi_ui2d
    main.o(i.Monitor_function) refers to ddiv.o(x$fpl$ddiv) for __aeabi_ddiv
    main.o(i.Monitor_function) refers to dmul.o(x$fpl$dmul) for __aeabi_dmul
    main.o(i.Monitor_function) refers to dfixu.o(x$fpl$dfixu) for __aeabi_d2uiz
    main.o(i.Monitor_function) refers to aliesp8266.o(i.Ali_MQTT_Publish_1) for Ali_MQTT_Publish_1
    main.o(i.Monitor_function) refers to aliesp8266.o(i.Ali_MQTT_Publish_2) for Ali_MQTT_Publish_2
    main.o(i.Monitor_function) refers to stm32f1xx_hal_gpio.o(i.HAL_GPIO_ReadPin) for HAL_GPIO_ReadPin
    main.o(i.Monitor_function) refers to stm32f1xx_hal_gpio.o(i.HAL_GPIO_WritePin) for HAL_GPIO_WritePin
    main.o(i.Monitor_function) refers to main.o(.data) for .data
    main.o(i.Monitor_function) refers to adc.o(.bss) for hadc1
    main.o(i.SystemClock_Config) refers to rt_memclr_w.o(.text) for __aeabi_memclr4
    main.o(i.SystemClock_Config) refers to stm32f1xx_hal_rcc.o(i.HAL_RCC_OscConfig) for HAL_RCC_OscConfig
    main.o(i.SystemClock_Config) refers to stm32f1xx_hal_rcc.o(i.HAL_RCC_ClockConfig) for HAL_RCC_ClockConfig
[...]
    i.OLED_Write_IIC_Byte                    0x08003a6c   Section        0  oled_new.o(i.OLED_Write_IIC_Byte)
    i.OLED_write_iic_com                     0x08003b04   Section        0  oled_new.o(i.OLED_write_iic_com)
    i.OLED_write_iic_dat                     0x08003b26   Section        0  oled_new.o(i.OLED_write_iic_dat)
    i.Oled_ShowCHinese                       0x08003b48   Section        0  oled_new.o(i.Oled_ShowCHinese)
    i.Oled_ShowChar                          0x08003bcc   Section        0  oled_new.o(i.Oled_ShowChar)
    i.Oled_ShowString                        0x08003c18   Section        0  oled_new.o(i.Oled_ShowString)
    i.SysTick_Handler                        0x08003c48   Section        0  stm32f1xx_it.o(i.SysTick_Handler)
    i.SystemClock_Config                     0x08003c60   Section        0  main.o(i.SystemClock_Config)
    i.SystemInit                             0x08003cd8   Section        0  system_stm32f1xx.o(i.SystemInit)
    i.TIM1_UP_IRQHandler                     0x08003cdc   Section        0  stm32f1xx_it.o(i.TIM1_UP_IRQHandler)
    i.TIM_Base_SetConfig                     0x08003ce8   Section        0  stm32f1xx_hal_tim.o(i.TIM_Base_SetConfig)
    i.TIM_ETR_SetConfig                      0x08003d54   Section        0  stm32f1xx_hal_tim.o(i.TIM_ETR_SetConfig)
    i.TIM_ITRx_SetConfig                     0x08003d68   Section        0  stm32f1xx_hal_tim.o(i.TIM_ITRx_SetConfig)
    TIM_ITRx_SetConfig                       0x08003d69   Thumb Code    16  stm32f1xx_hal_tim.o(i.TIM_ITRx_SetConfig)
    i.TIM_TI1_ConfigInputStage               0x08003d78   Section        0  stm32f1xx_hal_tim.o(i.TIM_TI1_ConfigInputStage)
    TIM_TI1_ConfigInputStage                 0x08003d79   Thumb Code    34  stm32f1xx_hal_tim.o(i.TIM_TI1_ConfigInputStage)
    i.TIM_TI2_ConfigInputStage               0x08003d9a   Section        0  stm32f1xx_hal_tim.o(i.TIM_TI2_ConfigInputStage)
    TIM_TI2_ConfigInputStage                 0x08003d9b   Thumb Code    36  stm32f1xx_hal_tim.o(i.TIM_TI2_ConfigInputStage)
    i.Task_Key                               0x08003dbe   Section        0  main.o(i.Task_Key)
    i.Task_Monitor                           0x08003dca   Section        0  main.o(i.Task_Monitor)
    i.Task_Network                           0x08003dde   Section        0  main.o(i.Task_Network)
    i.UART_DMAAbortOnError                   0x08003dee   Section        0  stm32f1xx_hal_uart.o(i.UART_DMAAbortOnError)
    UART_DMAAbortOnError                     0x08003def   Thumb Code    16  stm32f1xx_hal_uart.o(i.UART_DMAAbortOnError)
    i.UART_EndRxTransfer                     0x08003dfe   Section        0  stm32f1xx_hal_uart.o(i.UART_EndRxTransfer)
    UART_EndRxTransfer                       0x08003dff   Thumb Code    48  stm32f1xx_hal_uart.o(i.UART_EndRxTransfer)
    i.UART_Receive_IT                        0x08003e2e   Section        0  stm32f1xx_hal_uart.o(i.UART_Receive_IT)
    UART_Receive_IT                          0x08003e2f   Thumb Code   182  stm32f1xx_hal_uart.o(i.UART_Receive_IT)
    i.UART_SetConfig                         0x08003ee4   Section        0  stm32f1xx_hal_uart.o(i.UART_SetConfig)
    UART_SetConfig                           0x08003ee5   Thumb Code   178  stm32f1xx_hal_uart.o(i.UART_SetConfig)
    i.UART_Start_Receive_IT                  0x08003f9c   Section        0  stm32f1xx_hal_uart.o(i.UART_Start_Receive_IT)
    i.UART_WaitOnFlagUntilTimeout            0x08003fd2   Section        0  stm32f1xx_hal_uart.o(i.UART_WaitOnFlagUntilTimeout)
    UART_WaitOnFlagUntilTimeout              0x08003fd3   Thumb Code   100  stm32f1xx_hal_uart.o(i.UART_WaitOnFlagUntilTimeout)
    i.USART2_IRQHandler                      0x08004038   Section        0  stm32f1xx_it.o(i.USART2_IRQHandler)
    i.UsageFault_Handler                     0x08004044   Section        0  stm32f1xx_it.o(i.UsageFault_Handler)
    i.Usart_SendString                       0x08004048   Section        0  aliesp8266.o(i.Usart_SendString)
    i.__NVIC_SetPriority                     0x0800405c   Section        0  stm32f1xx_hal_cortex.o(i.__NVIC_SetPriority)
    __NVIC_SetPriority                       0x0800405d   Thumb Code    32  stm32f1xx_hal_cortex.o(i.__NVIC_SetPriority)
    i._is_digit                              0x0800407c   Section        0  __printf_wp.o(i._is_digit)
    i.delay_us                               0x0800408a   Section        0  delay.o(i.delay_us)
    i.main                                   0x080040cc   Section        0  main.o(i.main)
    i.oled_pow                               0x08004180   Section        0  oled_new.o(i.oled_pow)
    i.prvAddCurrentTaskToDelayedList         0x08004190   Section        0  tasks.o(i.prvAddCurrentTaskToDelayedList)
    prvAddCurrentTaskToDelayedList           0x08004191   Thumb Code   136  tasks.o(i.prvAddCurrentTaskToDelayedList)
    i.prvAddNewTaskToReadyList               0x08004220   Section        0  tasks.o(i.prvAddNewTaskToReadyList)
    prvAddNewTaskToReadyList                 0x08004221   Thumb Code   226  tasks.o(i.prvAddNewTaskToReadyList)
    i.prvCheckTasksWaitingTermination        0x08004310   Section        0  tasks.o(i.prvCheckTasksWaitingTermination)
    prvCheckTasksWaitingTermination          0x08004311   Thumb Code    52  tasks.o(i.prvCheckTasksWaitingTermination)
    i.prvDeleteTCB                           0x0800434c   Section        0  tasks.o(i.prvDeleteTCB)
    prvDeleteTCB                             0x0800434d   Thumb Code    20  tasks.o(i.prvDeleteTCB)
    i.prvHeapInit                            0x08004360   Section        0  heap_4.o(i.prvHeapInit)
    prvHeapInit                              0x08004361   Thumb Code    60  heap_4.o(i.prvHeapInit)
    i.prvIdleTask                            0x080043a4   Section        0  tasks.o(i.prvIdleTask)
    prvIdleTask                              0x080043a5   Thumb Code    30  tasks.o(i.prvIdleTask)
    i.prvInitialiseNewTask                   0x080043cc   Section        0  tasks.o(i.prvInitialiseNewTask)
    prvInitialiseNewTask                     0x080043cd   Thumb Code   112  tasks.o(i.prvInitialiseNewTask)
    i.prvInsertBlockIntoFreeList             0x0800443c   Section        0  heap_4.o(i.prvInsertBlockIntoFreeList)
    prvInsertBlockIntoFreeList               0x0800443d   Thumb Code    72  heap_4.o(i.prvInsertBlockIntoFreeList)
    i.prvResetNextTaskUnblockTime            0x08004488   Section        0  tasks.o(i.prvResetNextTaskUnblockTime)
    prvResetNextTaskUnblockTime              0x08004489   Thumb Code    24  tasks.o(i.prvResetNextTaskUnblockTime)
    i.prvTaskExitError                       0x080044a4   Section        0  port.o(i.prvTaskExitError)
    prvTaskExitError                         0x080044a5   Thumb Code    16  port.o(i.prvTaskExitError)
    i.pvPortMalloc                           0x080044b4   Section        0  heap_4.o(i.pvPortMalloc)
    i.pxPortInitialiseStack                  0x08004560   Section        0  port.o(i.pxPortInitialiseStack)
    i.read_18b20                             0x08004584   Section        0  ds18b20.o(i.read_18b20)
    i.uxListRemove                           0x080045dc   Section        0  list.o(i.uxListRemove)
    i.vListInitialise                        0x08004600   Section        0  list.o(i.vListInitialise)
    i.vListInitialiseItem                    0x08004616   Section        0  list.o(i.vListInitialiseItem)
    i.vListInsert                            0x0800461c   Section        0  list.o(i.vListInsert)
    i.vPortEnterCritical                     0x0800464c   Section        0  port.o(i.vPortEnterCritical)
    i.vPortExitCritical                      0x08004668   Section        0  port.o(i.vPortExitCritical)
    i.vPortFree                              0x0800467c   Section        0  heap_4.o(i.vPortFree)
    i.vPortSetupTimerInterrupt               0x080046c0   Section        0  port.o(i.vPortSetupTimerInterrupt)
    i.vTaskDelay                             0x080046e4   Section        0  tasks.o(i.vTaskDelay)
    i.vTaskStartScheduler                    0x08004714   Section        0  tasks.o(i.vTaskStartScheduler)
    i.vTaskSuspendAll                        0x0800477c   Section        0  tasks.o(i.vTaskSuspendAll)
    i.vTaskSwitchContext                     0x0800478c   Section        0  tasks.o(i.vTaskSwitchContext)
    i.write_18b20                            0x080047d8   Section        0  ds18b20.o(i.write_18b20)
    i.xPortStartScheduler                    0x08004830   Section        0  port.o(i.xPortStartScheduler)
    i.xPortSysTickHandler                    0x08004860   Section        0  port.o(i.xPortSysTickHandler)
    i.xTaskCreate                            0x0800488c   Section        0  tasks.o(i.xTaskCreate)
    i.xTaskGetSchedulerState                 0x080048e8   Section        0  tasks.o(i.xTaskGetSchedulerState)
    i.xTaskIncrementTick                     0x08004904   Section        0  tasks.o(i.xTaskIncrementTick)
    i.xTaskResumeAll                         0x08004a2c   Section        0  tasks.o(i.xTaskResumeAll)
    locale$$code                             0x08004b60   Section       44  lc_ctype_c.o(locale$$code)
    x$fpl$ddiv                               0x08004b8c   Section      688  ddiv.o(x$fpl$ddiv)
    ddiv_entry                               0x08004b93   Thumb Code     0  ddiv.o(x$fpl$ddiv)
    x$fpl$dfixu                              0x08004e3c   Section       90  dfixu.o(x$fpl$dfixu)
    x$fpl$dfltu                              0x08004e96   Section       38  dflt_clz.o(x$fpl$dfltu)
    x$fpl$dmul                               0x08004ebc   Section      340  dmul.o(x$fpl$dmul)
    x$fpl$dnaninf                            0x08005010   Section      156  dnaninf.o(x$fpl$dnaninf)
    x$fpl$dretinf                            0x080050ac   Section       12  dretinf.o(x$fpl$dretinf)
    .constdata                               0x080050b8   Section        8  main.o(.constdata)
    x$fpl$usenofp                            0x080050b8   Section        0  usenofp.o(x$fpl$usenofp)
    .constdata                               0x080050c0   Section       16  system_stm32f1xx.o(.constdata)
    .constdata                               0x080050d0   Section        8  system_stm32f1xx.o(.constdata)
    .constdata                               0x080050d8   Section     5510  oled_new.o(.constdata)
    .constdata                               0x0800665e   Section       17  __printf_flags_ss_wp.o(.constdata)
    maptable                                 0x0800665e   Data          17  __printf_flags_ss_wp.o(.constdata)
    .conststring                             0x08006670   Section      208  aliesp8266.o(.conststring)
    locale$$data                             0x08006760   Section      272  lc_ctype_c.o(locale$$data)
    __lcctype_c_name                         0x08006764   Data           2  lc_ctype_c.o(locale$$data)
    __lcctype_c_start                        0x0800676c   Data           0  lc_ctype_c.o(locale$$data)
    __lcctype_c_end                          0x08006870   Data           0  lc_ctype_c.o(locale$$data)
    .data                                    0x20000000   Section       44  main.o(.data)
    .data                                    0x2000002c   Section       12  stm32f1xx_hal.o(.data)
    .data                                    0x20000038   Section        4  system_stm32f1xx.o(.data)
    .data                                    0x2000003c   Section        1  key.o(.data)
    .data                                    0x20000040   Section       28  aliesp8266.o(.data)
    cry_debounce_counter                     0x20000042   Data           1  aliesp8266.o(.data)
    cry_triggered                            0x20000043   Data           1  aliesp8266.o(.data)
    last_mode                                0x20000045   Data           1  aliesp8266.o(.data)
    last_hot_flag                            0x20000046   Data           1  aliesp8266.o(.data)
    last_fan_flag                            0x20000047   Data           1  aliesp8266.o(.data)
    last_crib_flag                           0x20000048   Data           1  aliesp8266.o(.data)
    last_beep_temp                           0x20000049   Data           1  aliesp8266.o(.data)
    last_beep_humi                           0x2000004a   Data           1  aliesp8266.o(.data)
    last_voice                               0x2000004b   Data           1  aliesp8266.o(.data)
    last_body_temp                           0x20000050   Data           2  aliesp8266.o(.data)
    last_publish_tick                        0x20000054   Data           4  aliesp8266.o(.data)
    last_cry_trigger_tick                    0x20000058   Data           4  aliesp8266.o(.data)
    .data                                    0x2000005c   Section       64  tasks.o(.data)
    uxDeletedTasksWaitingCleanUp             0x20000060   Data           4  tasks.o(.data)
    uxCurrentNumberOfTasks                   0x20000064   Data           4  tasks.o(.data)
    xTickCount                               0x20000068   Data           4  tasks.o(.data)
    uxTopReadyPriority                       0x2000006c   Data           4  tasks.o(.data)
    xSchedulerRunning                        0x20000070   Data           4  tasks.o(.data)
    xPendedTicks                             0x20000074   Data           4  tasks.o(.data)
    xYieldPendings                           0x20000078   Data           4  tasks.o(.data)
    xNumOfOverflows                          0x2000007c   Data           4  tasks.o(.data)
    uxTaskNumber                             0x20000080   Data           4  tasks.o(.data)
    xNextTaskUnblockTime                     0x20000084   Data           4  tasks.o(.data)
    uxTopUsedPriority                        0x20000088   Data           4  tasks.o(.data)
    uxSchedulerSuspended                     0x2000008c   Data           4  tasks.o(.data)
    pxDelayedTaskList                        0x20000090   Data           4  tasks.o(.data)
    pxOverflowDelayedTaskList                0x20000094   Data           4  tasks.o(.data)
    xIdleTaskHandles                         0x20000098   Data           4  tasks.o(.data)
    .data                                    0x2000009c   Section       28  heap_4.o(.data)
    pxEnd                                    0x2000009c   Data           4  heap_4.o(.data)
    xFreeBytesRemaining                      0x200000a0   Data           4  heap_4.o(.data)
    xMinimumEverFreeBytesRemaining           0x200000a4   Data           4  heap_4.o(.data)
    xNumberOfSuccessfulAllocations           0x200000a8   Data           4  heap_4.o(.data)
    xNumberOfSuccessfulFrees                 0x200000ac   Data           4  heap_4.o(.data)
    xStart                                   0x200000b0   Data           8  heap_4.o(.data)
    .data                                    0x200000b8   Section        4  port.o(.data)
    uxCriticalNesting                        0x200000b8   Data           4  port.o(.data)
    .bss                                     0x200000bc   Section       48  adc.o(.bss)
    .bss                                     0x200000ec   Section       72  tim.o(.bss)
    .bss                                     0x20000134   Section       68  usart.o(.bss)
    .bss                                     0x20000178   Section     2432  aliesp8266.o(.bss)
    json_payload                             0x20000978   Data         256  aliesp8266.o(.bss)
    raw_cmd_header                           0x20000a78   Data         128  aliesp8266.o(.bss)
    .bss                                     0x20000af8   Section      200  tasks.o(.bss)
    pxReadyTasksLists                        0x20000af8   Data         100  tasks.o(.bss)
    xDelayedTaskList1                        0x20000b5c   Data          20  tasks.o(.bss)
    xDelayedTaskList2                        0x20000b70   Data          20  tasks.o(.bss)
    xPendingReadyList                        0x20000b84   Data          20  tasks.o(.bss)
    xTasksWaitingTermination                 0x20000b98   Data          20  tasks.o(.bss)
    xSuspendedTaskList                       0x20000bac   Data          20  tasks.o(.bss)
    .bss                                     0x20000bc0   Section    10240  heap_4.o(.bss)
    ucHeap                                   0x20000bc0   Data       10240  heap_4.o(.bss)
    .bss                                     0x200033c0   Section       96  libspace.o(.bss)
    HEAP                                     0x20003420   Section      512  startup_stm32f103xb.o(HEAP)
    Heap_Mem                                 0x20003420   Data         512  startup_stm32f103xb.o(HEAP)
    STACK                                    0x20003620   Section     1024  startup_stm32f103xb.o(STACK)
    Stack_Mem                                0x20003620   Data        1024  startup_stm32f103xb.o(STACK)
    __initial_sp                             0x20003a20   Data           0  startup_stm32f103xb.o(STACK)

    Global Symbols

    Symbol Name                              Value     Ov Type        Size  Object(Section)

    BuildAttributes$$THM_ISAv4$P$D$K$B$S$PE$A:L22UL41UL21$X:L11$S22US41US21$IEEE1$IW$USESV6$~STKCKD$USESV7$~SHL$OSPACE$ROPI$EBA8$UX$STANDARDLIB$REQ8$PRES8$EABIv2 0x00000000   Number         0  anon$$obj.o ABSOLUTE
    __ARM_use_no_argv                        0x00000000   Number         0  main.o ABSOLUTE
    _printf_flags                            0x00000000   Number         0  printf_stubs.o ABSOLUTE
    _printf_return_value                     0x00000000   Number         0  printf_stubs.o ABSOLUTE
    _printf_sizespec                         0x00000000   Number         0  printf_stubs.o ABSOLUTE
    _printf_widthprec                        0x00000000   Number         0  printf_stubs.o ABSOLUTE
    __ARM_exceptions_init                     - Undefined Weak Reference
    __alloca_initialize                       - Undefined Weak Reference
    __arm_fini_                               - Undefined Weak Reference
    __arm_preinit_                            - Undefined Weak Reference
    __cpp_initialize__aeabi_                  - Undefined Weak Reference
    __cxa_finalize                            - Undefined Weak Reference
    __sigvec_lookup                           - Undefined Weak Reference
    _atexit_init                              - Undefined Weak Reference
    _call_atexit_fns                          - Undefined Weak Reference
    _clock_init                               - Undefined Weak Reference
    _fp_trap_init                             - Undefined Weak Reference
    _fp_trap_shutdown                         - Undefined Weak Reference
    _get_lc_collate                           - Undefined Weak Reference
    _get_lc_monetary                          - Undefined Weak Reference
    _get_lc_numeric                           - Undefined Weak Reference
    _get_lc_time                              - Undefined Weak Reference
    _getenv_init                              - Undefined Weak Reference
    _handle_redirection                       - Undefined Weak Reference
    _init_alloc                               - Undefined Weak Reference
    _init_user_alloc                          - Undefined Weak Reference
    _initio                                   - Undefined Weak Reference
    _printf_mbtowc                            - Undefined Weak Reference
    _printf_truncate_signed                   - Undefined Weak Reference
    _printf_truncate_unsigned                 - Undefined Weak Reference
    _rand_init                                - Undefined Weak Reference
    _signal_finish                            - Undefined Weak Reference
    _signal_init                              - Undefined Weak Reference
    _terminate_alloc                          - Undefined Weak Reference
    _terminate_user_alloc                     - Undefined Weak Reference
    _terminateio                              - Undefined Weak Reference
    __Vectors_Size                           0x000000ec   Number         0  startup_stm32f103xb.o ABSOLUTE
    __Vectors                                0x08000000   Data           4  startup_stm32f103xb.o(RESET)
    __Vectors_End                            0x080000ec   Data           0  startup_stm32f103xb.o(RESET)
    __main                                   0x080000ed   Thumb Code     8  __main.o(!!!main)
    __scatterload                            0x080000f5   Thumb Code     0  __scatter.o(!!!scatter)
    __scatterload_rt2                        0x080000f5   Thumb Code    44  __scatter.o(!!!scatter)
    __scatterload_rt2_thumb_only             0x080000f5   Thumb Code     0  __scatter.o(!!!scatter)
    __scatterload_null                       0x08000103   Thumb Code     0  __scatter.o(!!!scatter)
    __scatterload_copy                       0x08000129   Thumb Code    26  __scatter_copy.o(!!handler_copy)
    __scatterload_zeroinit                   0x08000145   Thumb Code    28  __scatter_zi.o(!!handler_zi)
    _printf_d                                0x08000161   Thumb Code     0  _printf_d.o(.ARM.Collect$$_printf_percent$$00000009)
    _printf_percent                          0x08000161   Thumb Code     0  _printf_percent.o(.ARM.Collect$$_printf_percent$$00000000)
    _printf_u                                0x08000167   Thumb Code     0  _printf_u.o(.ARM.Collect$$_printf_percent$$0000000A)
    _printf_s                                0x0800016d   Thumb Code     0  _printf_s.o(.ARM.Collect$$_printf_percent$$00000014)
    _printf_percent_end                      0x08000173   Thumb Code     0  _printf_percent_end.o(.ARM.Collect$$_printf_percent$$00000017)
    __rt_lib_init                            0x08000177   Thumb Code     0  libinit.o(.ARM.Collect$$libinit$$00000000)
    __rt_lib_init_fp_1                       0x08000179   Thumb Code     0  libinit2.o(.ARM.Collect$$libinit$$00000002)
    __rt_lib_init_heap_1                     0x08000179   Thumb Code     0  libinit2.o(.ARM.Collect$$libinit$$0000000A)
    __rt_lib_init_lc_common                  0x08000179   Thumb Code     0  libinit2.o(.ARM.Collect$$libinit$$0000000F)
    __rt_lib_init_preinit_1                  0x08000179   Thumb Code     0  libinit2.o(.ARM.Collect$$libinit$$00000004)
    __rt_lib_init_rand_1                     0x08000179   Thumb Code     0  libinit2.o(.ARM.Collect$$libinit$$0000000E)
    __rt_lib_init_user_alloc_1               0x08000179   Thumb Code     0  libinit2.o(.ARM.Collect$$libinit$$0000000C)
    __rt_lib_init_lc_collate_1               0x0800017f   Thumb Code     0  libinit2.o(.ARM.Collect$$libinit$$00000011)
    __rt_lib_init_lc_ctype_2                 0x0800017f   Thumb Code     0  libinit2.o(.ARM.Collect$$libinit$$00000012)
    __rt_lib_init_alloca_1                   0x0800018b   Thumb Code     0  libinit2.o(.ARM.Collect$$libinit$$0000002E)
    __rt_lib_init_argv_1                     0x0800018b   Thumb Code     0  libinit2.o(.ARM.Collect$$libinit$$0000002C)
    __rt_lib_init_atexit_1                   0x0800018b   Thumb Code     0  libinit2.o(.ARM.Collect$$libinit$$0000001B)
    __rt_lib_init_clock_1                    0x0800018b   Thumb Code     0  libinit2.o(.ARM.Collect$$libinit$$00000021)
    __rt_lib_init_cpp_1                      0x0800018b   Thumb Code     0  libinit2.o(.ARM.Collect$$libinit$$00000032)
    __rt_lib_init_exceptions_1               0x0800018b   Thumb Code     0  libinit2.o(.ARM.Collect$$libinit$$00000030)
    __rt_lib_init_fp_trap_1                  0x0800018b   Thumb Code     0  libinit2.o(.ARM.Collect$$libinit$$0000001F)
    __rt_lib_init_getenv_1                   0x0800018b   Thumb Code     0  libinit2.o(.ARM.Collect$$libinit$$00000023)
    __rt_lib_init_lc_ctype_1                 0x0800018b   Thumb Code     0  libinit2.o(.ARM.Collect$$libinit$$00000013)
    __rt_lib_init_lc_monetary_1              0x0800018b   Thumb Code     0  libinit2.o(.ARM.Collect$$libinit$$00000015)
    __rt_lib_init_lc_numeric_1               0x0800018b   Thumb Code     0  libinit2.o(.ARM.Collect$$libinit$$00000017)
    __rt_lib_init_lc_time_1                  0x0800018b   Thumb Code     0  libinit2.o(.ARM.Collect$$libinit$$00000019)
    __rt_lib_init_return                     0x0800018b   Thumb Code     0  libinit2.o(.ARM.Collect$$libinit$$00000033)
    __rt_lib_init_signal_1                   0x0800018b   Thumb Code     0  libinit2.o(.ARM.Collect$$libinit$$0000001D)
    __rt_lib_init_stdio_1                    0x0800018b   Thumb Code     0  libinit2.o(.ARM.Collect$$libinit$$00000025)
    __rt_lib_shutdown                        0x0800018d   Thumb Code     0  libshutdown.o(.ARM.Collect$$libshutdown$$00000000)
    __rt_lib_shutdown_cpp_1                  0x0800018f   Thumb Code     0  libshutdown2.o(.ARM.Collect$$libshutdown$$00000004)
    __rt_lib_shutdown_fini_1                 0x0800018f   Thumb Code     0  libshutdown2.o(.ARM.Collect$$libshutdown$$00000002)
    __rt_lib_shutdown_fp_trap_1              0x0800018f   Thumb Code     0  libshutdown2.o(.ARM.Collect$$libshutdown$$00000009)
    __rt_lib_shutdown_heap_1                 0x0800018f   Thumb Code     0  libshutdown2.o(.ARM.Collect$$libshutdown$$00000011)
    __rt_lib_shutdown_return                 0x0800018f   Thumb Code     0  libshutdown2.o(.ARM.Collect$$libshutdown$$00000012)
    __rt_lib_shutdown_signal_1               0x0800018f   Thumb Code     0  libshutdown2.o(.ARM.Collect$$libshutdown$$0000000C)
    __rt_lib_shutdown_stdio_1                0x0800018f   Thumb Code     0  libshutdown2.o(.ARM.Collect$$libshutdown$$00000006)
    __rt_lib_shutdown_user_alloc_1           0x0800018f   Thumb Code     0  libshutdown2.o(.ARM.Collect$$libshutdown$$0000000E)
    __rt_entry                               0x08000191   Thumb Code     0  __rtentry.o(.ARM.Collect$$rtentry$$00000000)
    __rt_entry_presh_1                       0x08000191   Thumb Code     0  __rtentry2.o(.ARM.Collect$$rtentry$$00000002)
    __rt_entry_sh                            0x08000191   Thumb Code     0  __rtentry4.o(.ARM.Collect$$rtentry$$00000004)
    __rt_entry_li                            0x08000197   Thumb Code     0  __rtentry2.o(.ARM.Collect$$rtentry$$0000000A)
    __rt_entry_postsh_1                      0x08000197   Thumb Code     0  __rtentry2.o(.ARM.Collect$$rtentry$$00000009)
    __rt_entry_main                          0x0800019b   Thumb Code     0  __rtentry2.o(.ARM.Collect$$rtentry$$0000000D)
    __rt_entry_postli_1                      0x0800019b   Thumb Code     0  __rtentry2.o(.ARM.Collect$$rtentry$$0000000C)
    __rt_exit                                0x080001a3   Thumb Code     0  rtexit.o(.ARM.Collect$$rtexit$$00000000)
    __rt_exit_ls                             0x080001a5   Thumb Code     0  rtexit2.o(.ARM.Collect$$rtexit$$00000003)
    __rt_exit_prels_1                        0x080001a5   Thumb Code     0  rtexit2.o(.ARM.Collect$$rtexit$$00000002)
    __rt_exit_exit                           0x080001a9   Thumb Code     0  rtexit2.o(.ARM.Collect$$rtexit$$00000004)
    SVC_Handler                              0x080001b1   Thumb Code    32  port.o(.emb_text)
    __asm___6_port_c_39a90d8d__prvStartFirstTask 0x080001d5   Thumb Code    28  port.o(.emb_text)
    PendSV_Handler                           0x080001f5   Thumb Code    72  port.o(.emb_text)
    vPortGetIPSR                             0x08000241   Thumb Code     6  port.o(.emb_text)
    Reset_Handler                            0x08000249   Thumb Code     8  startup_stm32f103xb.o(.text)
    ADC1_2_IRQHandler                        0x08000263   Thumb Code     0  startup_stm32f103xb.o(.text)
    CAN1_RX1_IRQHandler                      0x08000263   Thumb Code     0  startup_stm32f103xb.o(.text)
    CAN1_SCE_IRQHandler                      0x08000263   Thumb Code     0  startup_stm32f103xb.o(.text)
    DMA1_Channel1_IRQHandler                 0x08000263   Thumb Code     0  startup_stm32f103xb.o(.text)
    DMA1_Channel2_IRQHandler                 0x08000263   Thumb Code     0  startup_stm32f103xb.o(.text)
    DMA1_Channel3_IRQHandler                 0x08000263   Thumb Code     0  startup_stm32f103xb.o(.text)
    DMA1_Channel4_IRQHandler                 0x08000263   Thumb Code     0  startup_stm32f103xb.o(.text)
    DMA1_Channel5_IRQHandler                 0x08000263   Thumb Code     0  startup_stm32f103xb.o(.text)
    DMA1_Channel6_IRQHandler                 0x08000263   Thumb Code     0  startup_stm32f103xb.o(.text)
    DMA1_Channel7_IRQHandler                 0x08000263   Thumb Code     0  startup_stm32f103xb.o(.text)
    EXTI0_IRQHandler                         0x08000263   Thumb Code     0  startup_stm32f103xb.o(.text)
    EXTI15_10_IRQHandler                     0x08000263   Thumb Code     0  startup_stm32f103xb.o(.text)
    EXTI1_IRQHandler                         0x08000263   Thumb Code     0  startup_stm32f103xb.o(.text)
    EXTI2_IRQHandler                         0x08000263   Thumb Code     0  startup_stm32f103xb.o(.text)
    EXTI3_IRQHandler                         0x08000263   Thumb Code     0  startup_stm32f103xb.o(.text)
    EXTI4_IRQHandler                         0x08000263   Thumb Code     0  startup_stm32f103xb.o(.text)
    EXTI9_5_IRQHandler                       0x08000263   Thumb Code     0  startup_stm32f103xb.o(.text)
    FLASH_IRQHandler                         0x08000263   Thumb Code     0  startup_stm32f103xb.o(.text)
    I2C1_ER_IRQHandler                       0x08000263   Thumb Code     0  startup_stm32f103xb.o(.text)
    I2C1_EV_IRQHandler                       0x08000263   Thumb Code     0  startup_stm32f103xb.o(.text)
    I2C2_ER_IRQHandler                       0x08000263   Thumb Code     0  startup_stm32f103xb.o(.text)
    I2C2_EV_IRQHandler                       0x08000263   Thumb Code     0  startup_stm32f103xb.o(.text)
    PVD_IRQHandler                           0x08000263   Thumb Code     0  startup_stm32f103xb.o(.text)
    RCC_IRQHandler                           0x08000263   Thumb Code     0  startup_stm32f103xb.o(.text)
    RTC_Alarm_IRQHandler                     0x08000263   Thumb Code     0  startup_stm32f103xb.o(.text)
    RTC_IRQHandler                           0x08000263   Thumb Code     0  startup_stm32f103xb.o(.text)
    SPI1_IRQHandler                          0x08000263   Thumb Code     0  startup_stm32f103xb.o(.text)
    SPI2_IRQHandler                          0x08000263   Thumb Code     0  startup_stm32f103xb.o(.text)
    TAMPER_IRQHandler                        0x08000263   Thumb Code     0  startup_stm32f103xb.o(.text)
    TIM1_BRK_IRQHandler                      0x08000263   Thumb Code     0  startup_stm32f103xb.o(.text)
    TIM1_CC_IRQHandler                       0x08000263   Thumb Code     0  startup_stm32f103xb.o(.text)
    TIM1_TRG_COM_IRQHandler                  0x08000263   Thumb Code     0  startup_stm32f103xb.o(.text)
    TIM2_IRQHandler                          0x08000263   Thumb Code     0  startup_stm32f103xb.o(.text)
    TIM3_IRQHandler                          0x08000263   Thumb Code     0  startup_stm32f103xb.o(.text)
    TIM4_IRQHandler                          0x08000263   Thumb Code     0  startup_stm32f103xb.o(.text)
    USART1_IRQHandler                        0x08000263   Thumb Code     0  startup_stm32f103xb.o(.text)
    USART3_IRQHandler                        0x08000263   Thumb Code     0  startup_stm32f103xb.o(.text)
    USBWakeUp_IRQHandler                     0x08000263   Thumb Code     0  startup_stm32f103xb.o(.text)
    USB_HP_CAN1_TX_IRQHandler                0x08000263   Thumb Code     0  startup_stm32f103xb.o(.text)
    USB_LP_CAN1_RX0_IRQHandler               0x08000263   Thumb Code     0  startup_stm32f103xb.o(.text)
    WWDG_IRQHandler                          0x08000263   Thumb Code     0  startup_stm32f103xb.o(.text)
    __user_initial_stackheap                 0x08000265   Thumb Code     0  startup_stm32f103xb.o(.text)
    __2sprintf                               0x08000289   Thumb Code    38  __2sprintf.o(.text)
    __2snprintf                              0x080002b5   Thumb Code    50  __2snprintf.o(.text)
    _printf_pre_padding                      0x080002ed   Thumb Code    44  _printf_pad.o(.text)
    _printf_post_padding                     0x08000319   Thumb Code    34  _printf_pad.o(.text)
    _printf_str                              0x0800033b   Thumb Code    82  _printf_str.o(.text)
    _printf_int_dec                          0x0800038d   Thumb Code   104  _printf_dec.o(.text)
    __printf                                 0x08000405   Thumb Code   388  __printf_flags_ss_wp.o(.text)
    atoi                                     0x0800058d   Thumb Code    26  atoi.o(.text)
    strstr                                   0x080005a7   Thumb Code    36  strstr.o(.text)
    strcpy                                   0x080005cb   Thumb Code    72  strcpy.o(.text)
    strlen                                   0x08000613   Thumb Code    62  strlen.o(.text)
    __aeabi_memclr                           0x08000651   Thumb Code     0  rt_memclr.o(.text)
    __rt_memclr                              0x08000651   Thumb Code    68  rt_memclr.o(.text)
    _memset                                  0x08000655   Thumb Code     0  rt_memclr.o(.text)
    __aeabi_memclr4                          0x08000695   Thumb Code     0  rt_memclr_w.o(.text)
    __aeabi_memclr8                          0x08000695   Thumb Code     0  rt_memclr_w.o(.text)
    __rt_memclr_w                            0x08000695   Thumb Code    78  rt_memclr_w.o(.text)
    _memset_w                                0x08000699   Thumb Code     0  rt_memclr_w.o(.text)
    strncpy                                  0x080006e3   Thumb Code    86  strncpy.o(.text)
    __use_two_region_memory                  0x08000739   Thumb Code     2  heapauxi.o(.text)
    __rt_heap_escrow$2region                 0x0800073b   Thumb Code     2  heapauxi.o(.text)
    __rt_heap_expand$2region                 0x0800073d   Thumb Code     2  heapauxi.o(.text)
    __aeabi_errno_addr                       0x08000741   Thumb Code     8  rt_errno_addr_intlibspace.o(.text)
    __errno$intlibspace                      0x08000741   Thumb Code     0  rt_errno_addr_intlibspace.o(.text)
    __rt_errno_addr$intlibspace              0x08000741   Thumb Code     0  rt_errno_addr_intlibspace.o(.text)
    _printf_int_common                       0x08000749   Thumb Code   178  _printf_intcommon.o(.text)
    _printf_char_common                      0x08000807   Thumb Code    32  _printf_char_common.o(.text)
    _sputc                                   0x0800082d   Thumb Code    10  _sputc.o(.text)
    _snputc                                  0x08000837   Thumb Code    16  _snputc.o(.text)
    _printf_cs_common                        0x08000847   Thumb Code    20  _printf_char.o(.text)
    _printf_char                             0x0800085b   Thumb Code    16  _printf_char.o(.text)
    _printf_string                           0x0800086b   Thumb Code     8  _printf_char.o(.text)
    strtol                                   0x08000873   Thumb Code   112  strtol.o(.text)
    __user_libspace                          0x080008e5   Thumb Code     8  libspace.o(.text)
    __user_perproc_libspace                  0x080008e5   Thumb Code     0  libspace.o(.text)
    __user_perthread_libspace                0x080008e5   Thumb Code     0  libspace.o(.text)
    __rt_ctype_table                         0x080008ed   Thumb Code    16  rt_ctype_table.o(.text)
    _strtoul                                 0x080008fd   Thumb Code   158  _strtoul.o(.text)
    __user_setup_stackheap                   0x0800099b   Thumb Code    74  sys_stackheap_outer.o(.text)
    __rt_locale                              0x080009e5   Thumb Code     8  rt_locale_intlibspace.o(.text)
    _chval                                   0x080009ed   Thumb Code    28  _chval.o(.text)
    exit                                     0x08000a09   Thumb Code    18  exit.o(.text)
    strcmp                                   0x08000a1d   Thumb Code   128  strcmpv7m.o(.text)
    _sys_exit                                0x08000a9d   Thumb Code     8  sys_exit.o(.text)
    __I$use$semihosting                      0x08000aa9   Thumb Code     0  use_no_semi.o(.text)
    __use_no_semihosting_swi                 0x08000aa9   Thumb Code     2  use_no_semi.o(.text)
    __semihosting_library_function           0x08000aab   Thumb Code     0  indicate_semi.o(.text)
    ADC_ConversionStop_Disable               0x08000aad   Thumb Code    86  stm32f1xx_hal_adc.o(i.ADC_ConversionStop_Disable)
    ADC_Enable                               0x08000b05   Thumb Code   114  stm32f1xx_hal_adc.o(i.ADC_Enable)
    Ali_MQTT_Publish_1                       0x08000b81   Thumb Code     2  aliesp8266.o(i.Ali_MQTT_Publish_1)
    Ali_MQTT_Publish_2                       0x08000b85   Thumb Code   126  aliesp8266.o(i.Ali_MQTT_Publish_2)
    Ali_MQTT_Publish_Status                  0x08000c29   Thumb Code   146  aliesp8266.o(i.Ali_MQTT_Publish_Status)
    Ali_MQTT_Recevie                         0x08000d2d   Thumb Code   636  aliesp8266.o(i.Ali_MQTT_Recevie)
    Ali_MQTT_Trigger_CryEvent                0x08001239   Thumb Code   148  aliesp8266.o(i.Ali_MQTT_Trigger_CryEvent)
    BusFault_Handler                         0x0800131d   Thumb Code     2  stm32f1xx_it.o(i.BusFault_Handler)
    Chiclet_Keyboard_Scan                    0x08001321   Thumb Code   148  key.o(i.Chiclet_Keyboard_Scan)
    DQ_IN                                    0x080013bd   Thumb Code    26  ds18b20.o(i.DQ_IN)
    DQ_OUT                                   0x080013dd   Thumb Code    28  ds18b20.o(i.DQ_OUT)
    DebugMon_Handler                         0x080013fd   Thumb Code     2  stm32f1xx_it.o(i.DebugMon_Handler)
    Display_function                         0x08001401   Thumb Code   174  main.o(i.Display_function)
    Ds18b20_GPIO_Init                        0x08001501   Thumb Code    50  ds18b20.o(i.Ds18b20_GPIO_Init)
    Ds18b20_Init                             0x0800153d   Thumb Code    88  ds18b20.o(i.Ds18b20_Init)
    Ds18b20_Read_Temp                        0x08001599   Thumb Code    82  ds18b20.o(i.Ds18b20_Read_Temp)
    ESP8266LinkAp                            0x080015f1   Thumb Code   226  aliesp8266.o(i.ESP8266LinkAp)
    ESP8266LinkloT                           0x08001785   Thumb Code   558  aliesp8266.o(i.ESP8266LinkloT)
    ESP8266_Clear                            0x08001b21   Thumb Code    20  aliesp8266.o(i.ESP8266_Clear)
    ESP8266_SendCmd                          0x08001b3d   Thumb Code   132  aliesp8266.o(i.ESP8266_SendCmd)
    ESP8266_WaitRecive                       0x08001bcd   Thumb Code    28  aliesp8266.o(i.ESP8266_WaitRecive)
    ESP8266_init                             0x08001bed   Thumb Code    24  aliesp8266.o(i.ESP8266_init)
    Error_Handler                            0x08001c0d   Thumb Code     4  main.o(i.Error_Handler)
    HAL_ADC_ConfigChannel                    0x08001c11   Thumb Code   240  stm32f1xx_hal_adc.o(i.HAL_ADC_ConfigChannel)
    HAL_ADC_GetValue                         0x08001d0d   Thumb Code     6  stm32f1xx_hal_adc.o(i.HAL_ADC_GetValue)
    HAL_ADC_Init                             0x08001d15   Thumb Code   272  stm32f1xx_hal_adc.o(i.HAL_ADC_Init)
    HAL_ADC_MspInit                          0x08001e31   Thumb Code    76  adc.o(i.HAL_ADC_MspInit)
    HAL_ADC_PollForConversion                0x08001e89   Thumb Code   304  stm32f1xx_hal_adc.o(i.HAL_ADC_PollForConversion)
    HAL_ADC_Start                            0x08001fc5   Thumb Code   184  stm32f1xx_hal_adc.o(i.HAL_ADC_Start)
    HAL_ADC_Stop                             0x08002085   Thumb Code    52  stm32f1xx_hal_adc.o(i.HAL_ADC_Stop)
    HAL_DMA_Abort                            0x080020b9   Thumb Code    70  stm32f1xx_hal_dma.o(i.HAL_DMA_Abort)
    HAL_DMA_Abort_IT                         0x08002101   Thumb Code   148  stm32f1xx_hal_dma.o(i.HAL_DMA_Abort_IT)
    HAL_Delay                                0x08002199   Thumb Code    32  stm32f1xx_hal.o(i.HAL_Delay)
    HAL_GPIO_Init                            0x080021bd   Thumb Code   446  stm32f1xx_hal_gpio.o(i.HAL_GPIO_Init)
    HAL_GPIO_ReadPin                         0x0800239d   Thumb Code    10  stm32f1xx_hal_gpio.o(i.HAL_GPIO_ReadPin)
    HAL_GPIO_WritePin                        0x080023a7   Thumb Code    10  stm32f1xx_hal_gpio.o(i.HAL_GPIO_WritePin)
    HAL_GetTick                              0x080023b1   Thumb Code     6  stm32f1xx_hal.o(i.HAL_GetTick)
    HAL_IncTick                              0x080023bd   Thumb Code    12  stm32f1xx_hal.o(i.HAL_IncTick)
    HAL_Init                                 0x080023cd   Thumb Code    32  stm32f1xx_hal.o(i.HAL_Init)
    HAL_InitTick                             0x080023f1   Thumb Code    54  stm32f1xx_hal.o(i.HAL_InitTick)
    HAL_MspInit                              0x08002431   Thumb Code    52  stm32f1xx_hal_msp.o(i.HAL_MspInit)
    HAL_NVIC_EnableIRQ                       0x0800246d   Thumb Code    26  stm32f1xx_hal_cortex.o(i.HAL_NVIC_EnableIRQ)
    HAL_NVIC_SetPriority                     0x08002489   Thumb Code    60  stm32f1xx_hal_cortex.o(i.HAL_NVIC_SetPriority)
    HAL_NVIC_SetPriorityGrouping             0x080024c9   Thumb Code    26  stm32f1xx_hal_cortex.o(i.HAL_NVIC_SetPriorityGrouping)
    HAL_RCCEx_GetPeriphCLKFreq               0x080024ed   Thumb Code   166  stm32f1xx_hal_rcc_ex.o(i.HAL_RCCEx_GetPeriphCLKFreq)
    HAL_RCCEx_PeriphCLKConfig                0x080025b5   Thumb Code   224  stm32f1xx_hal_rcc_ex.o(i.HAL_RCCEx_PeriphCLKConfig)
    HAL_RCC_ClockConfig                      0x080026a1   Thumb Code   280  stm32f1xx_hal_rcc.o(i.HAL_RCC_ClockConfig)
    HAL_RCC_GetPCLK1Freq                     0x080027cd   Thumb Code    20  stm32f1xx_hal_rcc.o(i.HAL_RCC_GetPCLK1Freq)
    HAL_RCC_GetPCLK2Freq                     0x080027ed   Thumb Code    20  stm32f1xx_hal_rcc.o(i.HAL_RCC_GetPCLK2Freq)
    HAL_RCC_GetSysClockFreq                  0x0800280d   Thumb Code    74  stm32f1xx_hal_rcc.o(i.HAL_RCC_GetSysClockFreq)
    HAL_RCC_OscConfig                        0x08002879   Thumb Code   778  stm32f1xx_hal_rcc.o(i.HAL_RCC_OscConfig)
    HAL_SYSTICK_Config                       0x08002b99   Thumb Code    40  stm32f1xx_hal_cortex.o(i.HAL_SYSTICK_Config)
    HAL_TIMEx_BreakCallback                  0x08002bc1   Thumb Code     2  stm32f1xx_hal_tim_ex.o(i.HAL_TIMEx_BreakCallback)
    HAL_TIMEx_CommutCallback                 0x08002bc3   Thumb Code     2  stm32f1xx_hal_tim_ex.o(i.HAL_TIMEx_CommutCallback)
    HAL_TIMEx_MasterConfigSynchronization    0x08002bc5   Thumb Code    92  stm32f1xx_hal_tim_ex.o(i.HAL_TIMEx_MasterConfigSynchronization)
    HAL_TIM_Base_Init                        0x08002c2d   Thumb Code    90  stm32f1xx_hal_tim.o(i.HAL_TIM_Base_Init)
    HAL_TIM_Base_MspInit                     0x08002c89   Thumb Code    50  tim.o(i.HAL_TIM_Base_MspInit)
    HAL_TIM_Base_Start_IT                    0x08002cc5   Thumb Code    76  stm32f1xx_hal_tim.o(i.HAL_TIM_Base_Start_IT)
    HAL_TIM_ConfigClockSource                0x08002d1d   Thumb Code   214  stm32f1xx_hal_tim.o(i.HAL_TIM_ConfigClockSource)
    HAL_TIM_IC_CaptureCallback               0x08002df3   Thumb Code     2  stm32f1xx_hal_tim.o(i.HAL_TIM_IC_CaptureCallback)
    HAL_TIM_IRQHandler                       0x08002df5   Thumb Code   358  stm32f1xx_hal_tim.o(i.HAL_TIM_IRQHandler)
    HAL_TIM_OC_DelayElapsedCallback          0x08002f5b   Thumb Code     2  stm32f1xx_hal_tim.o(i.HAL_TIM_OC_DelayElapsedCallback)
    HAL_TIM_PWM_PulseFinishedCallback        0x08002f5d   Thumb Code     2  stm32f1xx_hal_tim.o(i.HAL_TIM_PWM_PulseFinishedCallback)
    HAL_TIM_PeriodElapsedCallback            0x08002f61   Thumb Code   172  main.o(i.HAL_TIM_PeriodElapsedCallback)
    HAL_TIM_TriggerCallback                  0x0800301d   Thumb Code     2  stm32f1xx_hal_tim.o(i.HAL_TIM_TriggerCallback)
    HAL_UARTEx_RxEventCallback               0x0800301f   Thumb Code     2  stm32f1xx_hal_uart.o(i.HAL_UARTEx_RxEventCallback)
    HAL_UART_ErrorCallback                   0x08003021   Thumb Code     2  stm32f1xx_hal_uart.o(i.HAL_UART_ErrorCallback)
    HAL_UART_IRQHandler                      0x08003025   Thumb Code   520  stm32f1xx_hal_uart.o(i.HAL_UART_IRQHandler)
    HAL_UART_Init                            0x08003231   Thumb Code    98  stm32f1xx_hal_uart.o(i.HAL_UART_Init)
    HAL_UART_MspInit                         0x08003295   Thumb Code   114  usart.o(i.HAL_UART_MspInit)
    HAL_UART_Receive_IT                      0x08003315   Thumb Code    42  stm32f1xx_hal_uart.o(i.HAL_UART_Receive_IT)
    HAL_UART_RxCpltCallback                  0x08003341   Thumb Code    52  main.o(i.HAL_UART_RxCpltCallback)
    HAL_UART_Transmit                        0x08003385   Thumb Code   178  stm32f1xx_hal_uart.o(i.HAL_UART_Transmit)
    HAL_UART_TxCpltCallback                  0x08003437   Thumb Code     2  stm32f1xx_hal_uart.o(i.HAL_UART_TxCpltCallback)
    HardFault_Handler                        0x08003439   Thumb Code     2  stm32f1xx_it.o(i.HardFault_Handler)
    Key_function                             0x0800343d   Thumb Code    70  main.o(i.Key_function)
    MX_ADC1_Init                             0x08003489   Thumb Code    72  adc.o(i.MX_ADC1_Init)
    MX_GPIO_Init                             0x080034d9   Thumb Code   166  gpio.o(i.MX_GPIO_Init)
    MX_TIM1_Init                             0x0800358d   Thumb Code    96  tim.o(i.MX_TIM1_Init)
    MX_USART2_UART_Init                      0x080035f5   Thumb Code    48  usart.o(i.MX_USART2_UART_Init)
    MemManage_Handler                        0x0800362d   Thumb Code     2  stm32f1xx_it.o(i.MemManage_Handler)
    Monitor_function                         0x08003631   Thumb Code   322  main.o(i.Monitor_function)
    NMI_Handler                              0x0800378d   Thumb Code     2  stm32f1xx_it.o(i.NMI_Handler)
    OLED_Clear                               0x0800378f   Thumb Code    52  oled_new.o(i.OLED_Clear)
    OLED_GPIO_Init                           0x080037c5   Thumb Code    86  oled_new.o(i.OLED_GPIO_Init)
    OLED_IIC_Start                           0x08003825   Thumb Code    70  oled_new.o(i.OLED_IIC_Start)
    OLED_IIC_Stop                            0x08003871   Thumb Code    54  oled_new.o(i.OLED_IIC_Stop)
    OLED_Init                                0x080038ad   Thumb Code   186  oled_new.o(i.OLED_Init)
    OLED_Set_Pos                             0x08003967   Thumb Code    38  oled_new.o(i.OLED_Set_Pos)
    OLED_ShowNum                             0x0800398d   Thumb Code    94  oled_new.o(i.OLED_ShowNum)
    OLED_Show_Temp                           0x080039ed   Thumb Code   120  oled_new.o(i.OLED_Show_Temp)
    OLED_Write_IIC_Byte                      0x08003a6d   Thumb Code   146  oled_new.o(i.OLED_Write_IIC_Byte)
    OLED_write_iic_com                       0x08003b05   Thumb Code    34  oled_new.o(i.OLED_write_iic_com)
    OLED_write_iic_dat                       0x08003b27   Thumb Code    34  oled_new.o(i.OLED_write_iic_dat)
    Oled_ShowCHinese                         0x08003b49   Thumb Code   126  oled_new.o(i.Oled_ShowCHinese)
    Oled_ShowChar                            0x08003bcd   Thumb Code    70  oled_new.o(i.Oled_ShowChar)
    Oled_ShowString                          0x08003c19   Thumb Code    48  oled_new.o(i.Oled_ShowString)
    SysTick_Handler                          0x08003c49   Thumb Code    24  stm32f1xx_it.o(i.SysTick_Handler)
    SystemClock_Config                       0x08003c61   Thumb Code   120  main.o(i.SystemClock_Config)
    SystemInit                               0x08003cd9   Thumb Code     2  system_stm32f1xx.o(i.SystemInit)
    TIM1_UP_IRQHandler                       0x08003cdd   Thumb Code     6  stm32f1xx_it.o(i.TIM1_UP_IRQHandler)
    TIM_Base_SetConfig                       0x08003ce9   Thumb Code    94  stm32f1xx_hal_tim.o(i.TIM_Base_SetConfig)
    TIM_ETR_SetConfig                        0x08003d55   Thumb Code    20  stm32f1xx_hal_tim.o(i.TIM_ETR_SetConfig)
    Task_Key                                 0x08003dbf   Thumb Code    12  main.o(i.Task_Key)
    Task_Monitor                             0x08003dcb   Thumb Code    20  main.o(i.Task_Monitor)
    Task_Network                             0x08003ddf   Thumb Code    16  main.o(i.Task_Network)
    UART_Start_Receive_IT                    0x08003f9d   Thumb Code    54  stm32f1xx_hal_uart.o(i.UART_Start_Receive_IT)
    USART2_IRQHandler                        0x08004039   Thumb Code     6  stm32f1xx_it.o(i.USART2_IRQHandler)
    UsageFault_Handler                       0x08004045   Thumb Code     2  stm32f1xx_it.o(i.UsageFault_Handler)
    Usart_SendString                         0x08004049   Thumb Code    14  aliesp8266.o(i.Usart_SendString)
    _is_digit                                0x0800407d   Thumb Code    14  __printf_wp.o(i._is_digit)
    delay_us                                 0x0800408b   Thumb Code    66  delay.o(i.delay_us)
    main                                     0x080040cd   Thumb Code   130  main.o(i.main)
    oled_pow                                 0x08004181   Thumb Code    16  oled_new.o(i.oled_pow)
    pvPortMalloc                             0x080044b5   Thumb Code   168  heap_4.o(i.pvPortMalloc)
    pxPortInitialiseStack                    0x08004561   Thumb Code    32  port.o(i.pxPortInitialiseStack)
    read_18b20                               0x08004585   Thumb Code    84  ds18b20.o(i.read_18b20)
    uxListRemove                             0x080045dd   Thumb Code    36  list.o(i.uxListRemove)
    vListInitialise                          0x08004601   Thumb Code    22  list.o(i.vListInitialise)
    vListInitialiseItem                      0x08004617   Thumb Code     6  list.o(i.vListInitialiseItem)
    vListInsert                              0x0800461d   Thumb Code    48  list.o(i.vListInsert)
    vPortEnterCritical                       0x0800464d   Thumb Code    24  port.o(i.vPortEnterCritical)
    vPortExitCritical                        0x08004669   Thumb Code    16  port.o(i.vPortExitCritical)
    vPortFree                                0x0800467d   Thumb Code    64  heap_4.o(i.vPortFree)
    vPortSetupTimerInterrupt                 0x080046c1   Thumb Code    32  port.o(i.vPortSetupTimerInterrupt)
    vTaskDelay                               0x080046e5   Thumb Code    44  tasks.o(i.vTaskDelay)
    vTaskStartScheduler                      0x08004715   Thumb Code    88  tasks.o(i.vTaskStartScheduler)
    vTaskSuspendAll                          0x0800477d   Thumb Code    10  tasks.o(i.vTaskSuspendAll)
    vTaskSwitchContext                       0x0800478d   Thumb Code    66  tasks.o(i.vTaskSwitchContext)
    write_18b20                              0x080047d9   Thumb Code    82  ds18b20.o(i.write_18b20)
    xPortStartScheduler                      0x08004831   Thumb Code    38  port.o(i.xPortStartScheduler)
    xPortSysTickHandler                      0x08004861   Thumb Code    38  port.o(i.xPortSysTickHandler)
    xTaskCreate                              0x0800488d   Thumb Code    92  tasks.o(i.xTaskCreate)
    xTaskGetSchedulerState                   0x080048e9   Thumb Code    22  tasks.o(i.xTaskGetSchedulerState)
    xTaskIncrementTick                       0x08004905   Thumb Code   286  tasks.o(i.xTaskIncrementTick)
    xTaskResumeAll                           0x08004a2d   Thumb Code   296  tasks.o(i.xTaskResumeAll)
    _get_lc_ctype                            0x08004b61   Thumb Code    44  lc_ctype_c.o(locale$$code)
    __aeabi_ddiv                             0x08004b8d   Thumb Code     0  ddiv.o(x$fpl$ddiv)
    _ddiv                                    0x08004b8d   Thumb Code   552  ddiv.o(x$fpl$ddiv)
    __aeabi_d2uiz                            0x08004e3d   Thumb Code     0  dfixu.o(x$fpl$dfixu)
    _dfixu                                   0x08004e3d   Thumb Code    90  dfixu.o(x$fpl$dfixu)
    __aeabi_ui2d                             0x08004e97   Thumb Code     0  dflt_clz.o(x$fpl$dfltu)
    _dfltu                                   0x08004e97   Thumb Code    38  dflt_clz.o(x$fpl$dfltu)
    __aeabi_dmul                             0x08004ebd   Thumb Code     0  dmul.o(x$fpl$dmul)
    _dmul                                    0x08004ebd   Thumb Code   332  dmul.o(x$fpl$dmul)
    __fpl_dnaninf                            0x08005011   Thumb Code   156  dnaninf.o(x$fpl$dnaninf)
    __fpl_dretinf                            0x080050ad   Thumb Code    12  dretinf.o(x$fpl$dretinf)
    Motor_Buf                                0x080050b8   Data           8  main.o(.constdata)
    __I$use$fp                               0x080050b8   Number         0  usenofp.o(x$fpl$usenofp)
    AHBPrescTable                            0x080050c0   Data          16  system_stm32f1xx.o(.constdata)
    APBPrescTable                            0x080050d0   Data           8  system_stm32f1xx.o(.constdata)
    Hzk                                      0x080050d8   Data         918  oled_new.o(.constdata)
    F8X16                                    0x0800546e   Data        1520  oled_new.o(.constdata)
    QRCode_HEX                               0x08005a5e   Data         512  oled_new.o(.constdata)
    ZiMo_64X64                               0x08005c5e   Data        2560  oled_new.o(.constdata)
    Region$$Table$$Base                      0x08006740   Number         0  anon$$obj.o(Region$$Table)
    Region$$Table$$Limit                     0x08006760   Number         0  anon$$obj.o(Region$$Table)
    __ctype                                  0x0800676d   Data           0  lc_ctype_c.o(locale$$data)
    key_num                                  0x20000000   Data           1  main.o(.data)
    Motor_Status                             0x20000001   Data           1  main.o(.data)
    flag_moto                                0x20000002   Data           1  main.o(.data)
    mode                                     0x20000003   Data           1  main.o(.data)
    hot_flag                                 0x20000004   Data           1  main.o(.data)
    fan_flag                                 0x20000005   Data           1  main.o(.data)
    crib_flag                                0x20000006   Data           1  main.o(.data)
    beep_temp                                0x20000007   Data           1  main.o(.data)
    beep_humi                                0x20000008   Data           1  main.o(.data)
    time_1ms                                 0x2000000a   Data           2  main.o(.data)
    time_500ms                               0x2000000c   Data           2  main.o(.data)
    Motor_Num                                0x2000000e   Data           2  main.o(.data)
    Motor_Time                               0x20000010   Data           2  main.o(.data)
    body_temp                                0x20000012   Data           2  main.o(.data)
    adc_value                                0x20000014   Data           2  main.o(.data)
    humi                                     0x20000016   Data           2  main.o(.data)
    time_1                                   0x20000018   Data           2  main.o(.data)
    flag_1                                   0x2000001a   Data           2  main.o(.data)
    time_2                                   0x2000001c   Data           2  main.o(.data)
    flag_2                                   0x2000001e   Data           2  main.o(.data)
    TaskKey_Handle                           0x20000020   Data           4  main.o(.data)
    TaskMonitor_Handle                       0x20000024   Data           4  main.o(.data)
    TaskNetwork_Handle                       0x20000028   Data           4  main.o(.data)
    uwTickFreq                               0x2000002c   Data           1  stm32f1xx_hal.o(.data)
    uwTickPrio                               0x20000030   Data           4  stm32f1xx_hal.o(.data)
    uwTick                                   0x20000034   Data           4  stm32f1xx_hal.o(.data)
    SystemCoreClock                          0x20000038   Data           4  system_stm32f1xx.o(.data)
    chiclet_keyboard_num                     0x2000003c   Data           1  key.o(.data)
    music_flag                               0x20000040   Data           1  aliesp8266.o(.data)
    music_app_override                       0x20000041   Data           1  aliesp8266.o(.data)
    uartwifi_value                           0x20000044   Data           1  aliesp8266.o(.data)
    ESP8266_cnt                              0x2000004c   Data           2  aliesp8266.o(.data)
    ESP8266_cntPre                           0x2000004e   Data           2  aliesp8266.o(.data)
    pxCurrentTCB                             0x2000005c   Data           4  tasks.o(.data)
    hadc1                                    0x200000bc   Data          48  adc.o(.bss)
    htim1                                    0x200000ec   Data          72  tim.o(.bss)
    huart2                                   0x20000134   Data          68  usart.o(.bss)
    ESP8266_buf                              0x20000178   Data        1024  aliesp8266.o(.bss)
    USARTWIFI_TX_BUF                         0x20000578   Data        1024  aliesp8266.o(.bss)
    __libspace_start                         0x200033c0   Data          96  libspace.o(.bss)
    __temporary_stack_top$libspace           0x20003420   Data           0  libspace.o(.bss)



==============================================================================

Memory Map of the image

  Image Entry point : 0x080000ed

  Load Region LR_IROM1 (Base: 0x08000000, Size: 0x0000692c, Max: 0x00010000, ABSOLUTE)

    Execution Region ER_IROM1 (Base: 0x08000000, Size: 0x00006870, Max: 0x00010000, ABSOLUTE)

    Base Addr    Size         Type   Attr      Idx    E Section Name        Object

    0x08000000   0x000000ec   Data   RO            3    RESET               startup_stm32f103xb.o
    0x080000ec   0x00000008   Code   RO         4538  * !!!main             c_w.l(__main.o)
    0x080000f4   0x00000034   Code   RO         4756    !!!scatter          c_w.l(__scatter.o)
    0x08000128   0x0000001a   Code   RO         4758    !!handler_copy      c_w.l(__scatter_copy.o)
    0x08000142   0x00000002   PAD
    0x08000144   0x0000001c   Code   RO         4760    !!handler_zi        c_w.l(__scatter_zi.o)
    0x08000160   0x00000000   Code   RO         4519    .ARM.Collect$$_printf_percent$$00000000  c_w.l(_printf_percent.o)
    0x08000160   0x00000006   Code   RO         4517    .ARM.Collect$$_printf_percent$$00000009  c_w.l(_printf_d.o)
    0x08000166   0x00000006   Code   RO         4518    .ARM.Collect$$_printf_percent$$0000000A  c_w.l(_printf_u.o)
    0x0800016c   0x00000006   Code   RO         4516    .ARM.Collect$$_printf_percent$$00000014  c_w.l(_printf_s.o)
    0x08000172   0x00000004   Code   RO         4572    .ARM.Collect$$_printf_percent$$00000017  c_w.l(_printf_percent_end.o)
    0x08000176   0x00000002   Code   RO         4625    .ARM.Collect$$libinit$$00000000  c_w.l(libinit.o)
    0x08000178   0x00000000   Code   RO         4631    .ARM.Collect$$libinit$$00000002  c_w.l(libinit2.o)
    0x08000178   0x00000000   Code   RO         4633    .ARM.Collect$$libinit$$00000004  c_w.l(libinit2.o)
    0x08000178   0x00000000   Code   RO         4636    .ARM.Collect$$libinit$$0000000A  c_w.l(libinit2.o)
    0x08000178   0x00000000   Code   RO         4638    .ARM.Collect$$libinit$$0000000C  c_w.l(libinit2.o)
    0x08000178   0x00000000   Code   RO         4640    .ARM.Collect$$libinit$$0000000E  c_w.l(libinit2.o)
    0x08000178   0x00000006   Code   RO         4641    .ARM.Collect$$libinit$$0000000F  c_w.l(libinit2.o)
    0x0800017e   0x00000000   Code   RO         4643    .ARM.Collect$$libinit$$00000011  c_w.l(libinit2.o)
    0x0800017e   0x0000000c   Code   RO         4644    .ARM.Collect$$libinit$$00000012  c_w.l(libinit2.o)
    0x0800018a   0x00000000   Code   RO         4645    .ARM.Collect$$libinit$$00000013  c_w.l(libinit2.o)
    0x0800018a   0x00000000   Code   RO         4647    .ARM.Collect$$libinit$$00000015  c_w.l(libinit2.o)
    0x0800018a   0x00000000   Code   RO         4649    .ARM.Collect$$libinit$$00000017  c_w.l(libinit2.o)
    0x0800018a   0x00000000   Code   RO         4651    .ARM.Collect$$libinit$$00000019  c_w.l(libinit2.o)
    0x0800018a   0x00000000   Code   RO         4653    .ARM.Collect$$libinit$$0000001B  c_w.l(libinit2.o)
    0x0800018a   0x00000000   Code   RO         4655    .ARM.Collect$$libinit$$0000001D  c_w.l(libinit2.o)
    0x0800018a   0x00000000   Code   RO         4657    .ARM.Collect$$libinit$$0000001F  c_w.l(libinit2.o)
    0x0800018a   0x00000000   Code   RO         4659    .ARM.Collect$$libinit$$00000021  c_w.l(libinit2.o)
    0x0800018a   0x00000000   Code   RO         4661    .ARM.Collect$$libinit$$00000023  c_w.l(libinit2.o)
    0x0800018a   0x00000000   Code   RO         4663    .ARM.Collect$$libinit$$00000025  c_w.l(libinit2.o)
    0x0800018a   0x00000000   Code   RO         4667    .ARM.Collect$$libinit$$0000002C  c_w.l(libinit2.o)
    0x0800018a   0x00000000   Code   RO         4669    .ARM.Collect$$libinit$$0000002E  c_w.l(libinit2.o)
    0x0800018a   0x00000000   Code   RO         4671    .ARM.Collect$$libinit$$00000030  c_w.l(libinit2.o)
    0x0800018a   0x00000000   Code   RO         4673    .ARM.Collect$$libinit$$00000032  c_w.l(libinit2.o)
    0x0800018a   0x00000002   Code   RO         4674    .ARM.Collect$$libinit$$00000033  c_w.l(libinit2.o)
    0x0800018c   0x00000002   Code   RO         4694    .ARM.Collect$$libshutdown$$00000000  c_w.l(libshutdown.o)
    0x0800018e   0x00000000   Code   RO         4707    .ARM.Collect$$libshutdown$$00000002  c_w.l(libshutdown2.o)
    0x0800018e   0x00000000   Code   RO         4709    .ARM.Collect$$libshutdown$$00000004  c_w.l(libshutdown2.o)
    0x0800018e   0x00000000   Code   RO         4711    .ARM.Collect$$libshutdown$$00000006  c_w.l(libshutdown2.o)
    0x0800018e   0x00000000   Code   RO         4714    .ARM.Collect$$libshutdown$$00000009  c_w.l(libshutdown2.o)
    0x0800018e   0x00000000   Code   RO         4717    .ARM.Collect$$libshutdown$$0000000C  c_w.l(libshutdown2.o)
    0x0800018e   0x00000000   Code   RO         4719    .ARM.Collect$$libshutdown$$0000000E  c_w.l(libshutdown2.o)
    0x0800018e   0x00000000   Code   RO         4722    .ARM.Collect$$libshutdown$$00000011  c_w.l(libshutdown2.o)
    0x0800018e   0x00000002   Code   RO         4723    .ARM.Collect$$libshutdown$$00000012  c_w.l(libshutdown2.o)
    0x08000190   0x00000000   Code   RO         4556    .ARM.Collect$$rtentry$$00000000  c_w.l(__rtentry.o)
    0x08000190   0x00000000   Code   RO         4586    .ARM.Collect$$rtentry$$00000002  c_w.l(__rtentry2.o)
    0x08000190   0x00000006   Code   RO         4598    .ARM.Collect$$rtentry$$00000004  c_w.l(__rtentry4.o)
    0x08000196   0x00000000   Code   RO         4588    .ARM.Collect$$rtentry$$00000009  c_w.l(__rtentry2.o)
    0x08000196   0x00000004   Code   RO         4589    .ARM.Collect$$rtentry$$0000000A  c_w.l(__rtentry2.o)
    0x0800019a   0x00000000   Code   RO         4591    .ARM.Collect$$rtentry$$0000000C  c_w.l(__rtentry2.o)
    0x0800019a   0x00000008   Code   RO         4592    .ARM.Collect$$rtentry$$0000000D  c_w.l(__rtentry2.o)
    0x080001a2   0x00000002   Code   RO         4626    .ARM.Collect$$rtexit$$00000000  c_w.l(rtexit.o)
    0x080001a4   0x00000000   Code   RO         4676    .ARM.Collect$$rtexit$$00000002  c_w.l(rtexit2.o)
    0x080001a4   0x00000004   Code   RO         4677    .ARM.Collect$$rtexit$$00000003  c_w.l(rtexit2.o)
    0x080001a8   0x00000006   Code   RO         4678    .ARM.Collect$$rtexit$$00000004  c_w.l(rtexit2.o)
    0x080001ae   0x00000002   PAD
    0x080001b0   0x00000096   Code   RO         4405    .emb_text           port.o
    0x08000246   0x00000002   PAD
    0x08000248   0x00000040   Code   RO            4    .text               startup_stm32f103xb.o
    0x08000288   0x0000002c   Code   RO         4480    .text               c_w.l(__2sprintf.o)
    0x080002b4   0x00000038   Code   RO         4482    .text               c_w.l(__2snprintf.o)
    0x080002ec   0x0000004e   Code   RO         4490    .text               c_w.l(_printf_pad.o)
    0x0800033a   0x00000052   Code   RO         4492    .text               c_w.l(_printf_str.o)
    0x0800038c   0x00000078   Code   RO         4494    .text               c_w.l(_printf_dec.o)
    0x08000404   0x00000188   Code   RO         4513    .text               c_w.l(__printf_flags_ss_wp.o)
    0x0800058c   0x0000001a   Code   RO         4520    .text               c_w.l(atoi.o)
    0x080005a6   0x00000024   Code   RO         4522    .text               c_w.l(strstr.o)
    0x080005ca   0x00000048   Code   RO         4524    .text               c_w.l(strcpy.o)
    0x08000612   0x0000003e   Code   RO         4526    .text               c_w.l(strlen.o)
    0x08000650   0x00000044   Code   RO         4530    .text               c_w.l(rt_memclr.o)
    0x08000694   0x0000004e   Code   RO         4532    .text               c_w.l(rt_memclr_w.o)
    0x080006e2   0x00000056   Code   RO         4534    .text               c_w.l(strncpy.o)
    0x08000738   0x00000006   Code   RO         4536    .text               c_w.l(heapauxi.o)
    0x0800073e   0x00000002   PAD
    0x08000740   0x00000008   Code   RO         4560    .text               c_w.l(rt_errno_addr_intlibspace.o)
    0x08000748   0x000000b2   Code   RO         4562    .text               c_w.l(_printf_intcommon.o)
    0x080007fa   0x00000002   PAD
    0x080007fc   0x00000030   Code   RO         4564    .text               c_w.l(_printf_char_common.o)
    0x0800082c   0x0000000a   Code   RO         4566    .text               c_w.l(_sputc.o)
    0x08000836   0x00000010   Code   RO         4568    .text               c_w.l(_snputc.o)
    0x08000846   0x0000002c   Code   RO         4570    .text               c_w.l(_printf_char.o)
    0x08000872   0x00000070   Code   RO         4573    .text               c_w.l(strtol.o)
    0x080008e2   0x00000002   PAD
    0x080008e4   0x00000008   Code   RO         4582    .text               c_w.l(libspace.o)
    0x080008ec   0x00000010   Code   RO         4600    .text               c_w.l(rt_ctype_table.o)
    0x080008fc   0x0000009e   Code   RO         4604    .text               c_w.l(_strtoul.o)
    0x0800099a   0x0000004a   Code   RO         4606    .text               c_w.l(sys_stackheap_outer.o)
    0x080009e4   0x00000008   Code   RO         4611    .text               c_w.l(rt_locale_intlibspace.o)
    0x080009ec   0x0000001c   Code   RO         4613    .text               c_w.l(_chval.o)
    0x08000a08   0x00000012   Code   RO         4618    .text               c_w.l(exit.o)
    0x08000a1a   0x00000002   PAD
    0x08000a1c   0x00000080   Code   RO         4628    .text               c_w.l(strcmpv7m.o)
    0x08000a9c   0x0000000c   Code   RO         4686    .text               c_w.l(sys_exit.o)
    0x08000aa8   0x00000002   Code   RO         4697    .text               c_w.l(use_no_semi.o)
    0x08000aaa   0x00000000   Code   RO         4699    .text               c_w.l(indicate_semi.o)
    0x08000aaa   0x00000002   PAD
    0x08000aac   0x00000056   Code   RO          559    i.ADC_ConversionStop_Disable  stm32f1xx_hal_adc.o
    0x08000b02   0x00000002   PAD
    0x08000b04   0x0000007c   Code   RO          563    i.ADC_Enable        stm32f1xx_hal_adc.o
    0x08000b80   0x00000002   Code   RO         3399    i.Ali_MQTT_Publish_1  aliesp8266.o
    0x08000b82   0x00000002   PAD
    0x08000b84   0x000000a4   Code   RO         3400    i.Ali_MQTT_Publish_2  aliesp8266.o
    0x08000c28   0x00000104   Code   RO         3401    i.Ali_MQTT_Publish_Status  aliesp8266.o
    0x08000d2c   0x0000050c   Code   RO         3402    i.Ali_MQTT_Recevie  aliesp8266.o
    0x08001238   0x000000e4   Code   RO         3403    i.Ali_MQTT_Trigger_CryEvent  aliesp8266.o
    0x0800131c   0x00000002   Code   RO          423    i.BusFault_Handler  stm32f1xx_it.o
    0x0800131e   0x00000002   PAD
    0x08001320   0x0000009c   Code   RO         3205    i.Chiclet_Keyboard_Scan  key.o
    0x080013bc   0x00000020   Code   RO         3514    i.DQ_IN             ds18b20.o
    0x080013dc   0x00000020   Code   RO         3515    i.DQ_OUT            ds18b20.o
    0x080013fc   0x00000002   Code   RO          424    i.DebugMon_Handler  stm32f1xx_it.o
    0x080013fe   0x00000002   PAD
    0x08001400   0x00000100   Code   RO           13    i.Display_function  main.o
    0x08001500   0x0000003c   Code   RO         3516    i.Ds18b20_GPIO_Init  ds18b20.o
    0x0800153c   0x0000005c   Code   RO         3517    i.Ds18b20_Init      ds18b20.o
    0x08001598   0x00000058   Code   RO         3518    i.Ds18b20_Read_Temp  ds18b20.o
    0x080015f0   0x00000194   Code   RO         3404    i.ESP8266LinkAp     aliesp8266.o
    0x08001784   0x0000039c   Code   RO         3405    i.ESP8266LinkloT    aliesp8266.o
    0x08001b20   0x0000001c   Code   RO         3406    i.ESP8266_Clear     aliesp8266.o
    0x08001b3c   0x00000090   Code   RO         3408    i.ESP8266_SendCmd   aliesp8266.o
    0x08001bcc   0x00000020   Code   RO         3410    i.ESP8266_WaitRecive  aliesp8266.o
    0x08001bec   0x00000020   Code   RO         3411    i.ESP8266_init      aliesp8266.o
    0x08001c0c   0x00000004   Code   RO           14    i.Error_Handler     main.o
    0x08001c10   0x000000fc   Code   RO          565    i.HAL_ADC_ConfigChannel  stm32f1xx_hal_adc.o
    0x08001d0c   0x00000006   Code   RO          572    i.HAL_ADC_GetValue  stm32f1xx_hal_adc.o
    0x08001d12   0x00000002   PAD
    0x08001d14   0x0000011c   Code   RO          574    i.HAL_ADC_Init      stm32f1xx_hal_adc.o
    0x08001e30   0x00000058   Code   RO          298    i.HAL_ADC_MspInit   adc.o
    0x08001e88   0x0000013c   Code   RO          578    i.HAL_ADC_PollForConversion  stm32f1xx_hal_adc.o
    0x08001fc4   0x000000c0   Code   RO          580    i.HAL_ADC_Start     stm32f1xx_hal_adc.o
    0x08002084   0x00000034   Code   RO          583    i.HAL_ADC_Stop      stm32f1xx_hal_adc.o
    0x080020b8   0x00000046   Code   RO         1214    i.HAL_DMA_Abort     stm32f1xx_hal_dma.o
    0x080020fe   0x00000002   PAD
    0x08002100   0x00000098   Code   RO         1215    i.HAL_DMA_Abort_IT  stm32f1xx_hal_dma.o
    0x08002198   0x00000024   Code   RO          842    i.HAL_Delay         stm32f1xx_hal.o
    0x080021bc   0x000001e0   Code   RO         1150    i.HAL_GPIO_Init     stm32f1xx_hal_gpio.o
    0x0800239c   0x0000000a   Code   RO         1152    i.HAL_GPIO_ReadPin  stm32f1xx_hal_gpio.o
    0x080023a6   0x0000000a   Code   RO         1154    i.HAL_GPIO_WritePin  stm32f1xx_hal_gpio.o
    0x080023b0   0x0000000c   Code   RO          846    i.HAL_GetTick       stm32f1xx_hal.o
    0x080023bc   0x00000010   Code   RO          852    i.HAL_IncTick       stm32f1xx_hal.o
    0x080023cc   0x00000024   Code   RO          853    i.HAL_Init          stm32f1xx_hal.o
    0x080023f0   0x00000040   Code   RO          854    i.HAL_InitTick      stm32f1xx_hal.o
    0x08002430   0x0000003c   Code   RO          499    i.HAL_MspInit       stm32f1xx_hal_msp.o
    0x0800246c   0x0000001a   Code   RO         1310    i.HAL_NVIC_EnableIRQ  stm32f1xx_hal_cortex.o
    0x08002486   0x00000002   PAD
    0x08002488   0x00000040   Code   RO         1316    i.HAL_NVIC_SetPriority  stm32f1xx_hal_cortex.o
    0x080024c8   0x00000024   Code   RO         1317    i.HAL_NVIC_SetPriorityGrouping  stm32f1xx_hal_cortex.o
    0x080024ec   0x000000c8   Code   RO         1112    i.HAL_RCCEx_GetPeriphCLKFreq  stm32f1xx_hal_rcc_ex.o
    0x080025b4   0x000000ec   Code   RO         1113    i.HAL_RCCEx_PeriphCLKConfig  stm32f1xx_hal_rcc_ex.o
    0x080026a0   0x0000012c   Code   RO         1010    i.HAL_RCC_ClockConfig  stm32f1xx_hal_rcc.o
    0x080027cc   0x00000020   Code   RO         1017    i.HAL_RCC_GetPCLK1Freq  stm32f1xx_hal_rcc.o
    0x080027ec   0x00000020   Code   RO         1018    i.HAL_RCC_GetPCLK2Freq  stm32f1xx_hal_rcc.o
    0x0800280c   0x0000006c   Code   RO         1019    i.HAL_RCC_GetSysClockFreq  stm32f1xx_hal_rcc.o
    0x08002878   0x00000320   Code   RO         1022    i.HAL_RCC_OscConfig  stm32f1xx_hal_rcc.o
    0x08002b98   0x00000028   Code   RO         1321    i.HAL_SYSTICK_Config  stm32f1xx_hal_cortex.o
    0x08002bc0   0x00000002   Code   RO         2516    i.HAL_TIMEx_BreakCallback  stm32f1xx_hal_tim_ex.o
    0x08002bc2   0x00000002   Code   RO         2517    i.HAL_TIMEx_CommutCallback  stm32f1xx_hal_tim_ex.o
    0x08002bc4   0x00000068   Code   RO         2535    i.HAL_TIMEx_MasterConfigSynchronization  stm32f1xx_hal_tim_ex.o
    0x08002c2c   0x0000005a   Code   RO         1812    i.HAL_TIM_Base_Init  stm32f1xx_hal_tim.o
    0x08002c86   0x00000002   PAD
    0x08002c88   0x0000003c   Code   RO          340    i.HAL_TIM_Base_MspInit  tim.o
    0x08002cc4   0x00000058   Code   RO         1817    i.HAL_TIM_Base_Start_IT  stm32f1xx_hal_tim.o
    0x08002d1c   0x000000d6   Code   RO         1821    i.HAL_TIM_ConfigClockSource  stm32f1xx_hal_tim.o
    0x08002df2   0x00000002   Code   RO         1846    i.HAL_TIM_IC_CaptureCallback  stm32f1xx_hal_tim.o
    0x08002df4   0x00000166   Code   RO         1860    i.HAL_TIM_IRQHandler  stm32f1xx_hal_tim.o
    0x08002f5a   0x00000002   Code   RO         1863    i.HAL_TIM_OC_DelayElapsedCallback  stm32f1xx_hal_tim.o
    0x08002f5c   0x00000002   Code   RO         1890    i.HAL_TIM_PWM_PulseFinishedCallback  stm32f1xx_hal_tim.o
    0x08002f5e   0x00000002   PAD
    0x08002f60   0x000000bc   Code   RO           15    i.HAL_TIM_PeriodElapsedCallback  main.o
    0x0800301c   0x00000002   Code   RO         1903    i.HAL_TIM_TriggerCallback  stm32f1xx_hal_tim.o
    0x0800301e   0x00000002   Code   RO         2794    i.HAL_UARTEx_RxEventCallback  stm32f1xx_hal_uart.o
    0x08003020   0x00000002   Code   RO         2808    i.HAL_UART_ErrorCallback  stm32f1xx_hal_uart.o
    0x08003022   0x00000002   PAD
    0x08003024   0x0000020c   Code   RO         2811    i.HAL_UART_IRQHandler  stm32f1xx_hal_uart.o
    0x08003230   0x00000062   Code   RO         2812    i.HAL_UART_Init     stm32f1xx_hal_uart.o
    0x08003292   0x00000002   PAD
    0x08003294   0x00000080   Code   RO          382    i.HAL_UART_MspInit  usart.o
    0x08003314   0x0000002a   Code   RO         2817    i.HAL_UART_Receive_IT  stm32f1xx_hal_uart.o
    0x0800333e   0x00000002   PAD
    0x08003340   0x00000044   Code   RO           16    i.HAL_UART_RxCpltCallback  main.o
    0x08003384   0x000000b2   Code   RO         2820    i.HAL_UART_Transmit  stm32f1xx_hal_uart.o
    0x08003436   0x00000002   Code   RO         2823    i.HAL_UART_TxCpltCallback  stm32f1xx_hal_uart.o
    0x08003438   0x00000002   Code   RO          425    i.HardFault_Handler  stm32f1xx_it.o
    0x0800343a   0x00000002   PAD
    0x0800343c   0x0000004c   Code   RO           17    i.Key_function      main.o
    0x08003488   0x00000050   Code   RO          299    i.MX_ADC1_Init      adc.o
    0x080034d8   0x000000b4   Code   RO          269    i.MX_GPIO_Init      gpio.o
    0x0800358c   0x00000068   Code   RO          341    i.MX_TIM1_Init      tim.o
    0x080035f4   0x00000038   Code   RO          383    i.MX_USART2_UART_Init  usart.o
    0x0800362c   0x00000002   Code   RO          426    i.MemManage_Handler  stm32f1xx_it.o
    0x0800362e   0x00000002   PAD
    0x08003630   0x0000015c   Code   RO           18    i.Monitor_function  main.o
    0x0800378c   0x00000002   Code   RO          427    i.NMI_Handler       stm32f1xx_it.o
    0x0800378e   0x00000034   Code   RO         3238    i.OLED_Clear        oled_new.o
    0x080037c2   0x00000002   PAD
    0x080037c4   0x00000060   Code   RO         3243    i.OLED_GPIO_Init    oled_new.o
    0x08003824   0x0000004c   Code   RO         3244    i.OLED_IIC_Start    oled_new.o
    0x08003870   0x0000003c   Code   RO         3245    i.OLED_IIC_Stop     oled_new.o
    0x080038ac   0x000000ba   Code   RO         3246    i.OLED_Init         oled_new.o
    0x08003966   0x00000026   Code   RO         3247    i.OLED_Set_Pos      oled_new.o
    0x0800398c   0x0000005e   Code   RO         3248    i.OLED_ShowNum      oled_new.o
    0x080039ea   0x00000002   PAD
    0x080039ec   0x00000080   Code   RO         3250    i.OLED_Show_Temp    oled_new.o
    0x08003a6c   0x00000098   Code   RO         3252    i.OLED_Write_IIC_Byte  oled_new.o
    0x08003b04   0x00000022   Code   RO         3253    i.OLED_write_iic_com  oled_new.o
    0x08003b26   0x00000022   Code   RO         3254    i.OLED_write_iic_dat  oled_new.o
    0x08003b48   0x00000084   Code   RO         3255    i.Oled_ShowCHinese  oled_new.o
    0x08003bcc   0x0000004c   Code   RO         3256    i.Oled_ShowChar     oled_new.o
    0x08003c18   0x00000030   Code   RO         3257    i.Oled_ShowString   oled_new.o
    0x08003c48   0x00000018   Code   RO          428    i.SysTick_Handler   stm32f1xx_it.o
    0x08003c60   0x00000078   Code   RO           19    i.SystemClock_Config  main.o
    0x08003cd8   0x00000002   Code   RO         3141    i.SystemInit        system_stm32f1xx.o
    0x08003cda   0x00000002   PAD
    0x08003cdc   0x0000000c   Code   RO          429    i.TIM1_UP_IRQHandler  stm32f1xx_it.o
    0x08003ce8   0x0000006c   Code   RO         1905    i.TIM_Base_SetConfig  stm32f1xx_hal_tim.o
    0x08003d54   0x00000014   Code   RO         1916    i.TIM_ETR_SetConfig  stm32f1xx_hal_tim.o
    0x08003d68   0x00000010   Code   RO         1917    i.TIM_ITRx_SetConfig  stm32f1xx_hal_tim.o
    0x08003d78   0x00000022   Code   RO         1923    i.TIM_TI1_ConfigInputStage  stm32f1xx_hal_tim.o
    0x08003d9a   0x00000024   Code   RO         1925    i.TIM_TI2_ConfigInputStage  stm32f1xx_hal_tim.o
    0x08003dbe   0x0000000c   Code   RO           20    i.Task_Key          main.o
    0x08003dca   0x00000014   Code   RO           21    i.Task_Monitor      main.o
    0x08003dde   0x00000010   Code   RO           22    i.Task_Network      main.o
    0x08003dee   0x00000010   Code   RO         2825    i.UART_DMAAbortOnError  stm32f1xx_hal_uart.o
    0x08003dfe   0x00000030   Code   RO         2835    i.UART_EndRxTransfer  stm32f1xx_hal_uart.o
    0x08003e2e   0x000000b6   Code   RO         2837    i.UART_Receive_IT   stm32f1xx_hal_uart.o
    0x08003ee4   0x000000b8   Code   RO         2838    i.UART_SetConfig    stm32f1xx_hal_uart.o
    0x08003f9c   0x00000036   Code   RO         2840    i.UART_Start_Receive_IT  stm32f1xx_hal_uart.o
    0x08003fd2   0x00000064   Code   RO         2841    i.UART_WaitOnFlagUntilTimeout  stm32f1xx_hal_uart.o
    0x08004036   0x00000002   PAD
    0x08004038   0x0000000c   Code   RO          430    i.USART2_IRQHandler  stm32f1xx_it.o
    0x08004044   0x00000002   Code   RO          431    i.UsageFault_Handler  stm32f1xx_it.o
    0x08004046   0x00000002   PAD
    0x08004048   0x00000014   Code   RO         3412    i.Usart_SendString  aliesp8266.o
    0x0800405c   0x00000020   Code   RO         1323    i.__NVIC_SetPriority  stm32f1xx_hal_cortex.o
    0x0800407c   0x0000000e   Code   RO         4506    i._is_digit         c_w.l(__printf_wp.o)
    0x0800408a   0x00000042   Code   RO         3178    i.delay_us          delay.o
    0x080040cc   0x000000b4   Code   RO           23    i.main              main.o
    0x08004180   0x00000010   Code   RO         3258    i.oled_pow          oled_new.o
    0x08004190   0x00000090   Code   RO         4020    i.prvAddCurrentTaskToDelayedList  tasks.o
    0x08004220   0x000000f0   Code   RO         4021    i.prvAddNewTaskToReadyList  tasks.o
    0x08004310   0x0000003c   Code   RO         4022    i.prvCheckTasksWaitingTermination  tasks.o
    0x0800434c   0x00000014   Code   RO         4023    i.prvDeleteTCB      tasks.o
    0x08004360   0x00000044   Code   RO         4338    i.prvHeapInit       heap_4.o
    0x080043a4   0x00000028   Code   RO         4024    i.prvIdleTask       tasks.o
    0x080043cc   0x00000070   Code   RO         4025    i.prvInitialiseNewTask  tasks.o
    0x0800443c   0x0000004c   Code   RO         4339    i.prvInsertBlockIntoFreeList  heap_4.o
    0x08004488   0x0000001c   Code   RO         4026    i.prvResetNextTaskUnblockTime  tasks.o
    0x080044a4   0x00000010   Code   RO         4406    i.prvTaskExitError  port.o
    0x080044b4   0x000000ac   Code   RO         4341    i.pvPortMalloc      heap_4.o
    0x08004560   0x00000024   Code   RO         4407    i.pxPortInitialiseStack  port.o
    0x08004584   0x00000058   Code   RO         3519    i.read_18b20        ds18b20.o
    0x080045dc   0x00000024   Code   RO         3681    i.uxListRemove      list.o
    0x08004600   0x00000016   Code   RO         3682    i.vListInitialise   list.o
    0x08004616   0x00000006   Code   RO         3683    i.vListInitialiseItem  list.o
    0x0800461c   0x00000030   Code   RO         3684    i.vListInsert       list.o
    0x0800464c   0x0000001c   Code   RO         4409    i.vPortEnterCritical  port.o
    0x08004668   0x00000014   Code   RO         4410    i.vPortExitCritical  port.o
    0x0800467c   0x00000044   Code   RO         4342    i.vPortFree         heap_4.o
    0x080046c0   0x00000024   Code   RO         4411    i.vPortSetupTimerInterrupt  port.o
    0x080046e4   0x00000030   Code   RO         4034    i.vTaskDelay        tasks.o
    0x08004714   0x00000068   Code   RO         4047    i.vTaskStartScheduler  tasks.o
    0x0800477c   0x00000010   Code   RO         4049    i.vTaskSuspendAll   tasks.o
    0x0800478c   0x0000004c   Code   RO         4050    i.vTaskSwitchContext  tasks.o
    0x080047d8   0x00000058   Code   RO         3520    i.write_18b20       ds18b20.o
    0x08004830   0x00000030   Code   RO         4412    i.xPortStartScheduler  port.o
    0x08004860   0x0000002c   Code   RO         4413    i.xPortSysTickHandler  port.o
    0x0800488c   0x0000005c   Code   RO         4053    i.xTaskCreate       tasks.o
    0x080048e8   0x0000001c   Code   RO         4061    i.xTaskGetSchedulerState  tasks.o
    0x08004904   0x00000128   Code   RO         4064    i.xTaskIncrementTick  tasks.o
    0x08004a2c   0x00000134   Code   RO         4066    i.xTaskResumeAll    tasks.o
    0x08004b60   0x0000002c   Code   RO         4616    locale$$code        c_w.l(lc_ctype_c.o)
    0x08004b8c   0x000002b0   Code   RO         4541    x$fpl$ddiv          fz_ws.l(ddiv.o)
    0x08004e3c   0x0000005a   Code   RO         4544    x$fpl$dfixu         fz_ws.l(dfixu.o)
    0x08004e96   0x00000026   Code   RO         4548    x$fpl$dfltu         fz_ws.l(dflt_clz.o)
    0x08004ebc   0x00000154   Code   RO         4554    x$fpl$dmul          fz_ws.l(dmul.o)
    0x08005010   0x0000009c   Code   RO         4577    x$fpl$dnaninf       fz_ws.l(dnaninf.o)
    0x080050ac   0x0000000c   Code   RO         4579    x$fpl$dretinf       fz_ws.l(dretinf.o)
    0x080050b8   0x00000000   Code   RO         4581    x$fpl$usenofp       fz_ws.l(usenofp.o)
    0x080050b8   0x00000008   Data   RO           25    .constdata          main.o
    0x080050c0   0x00000010   Data   RO         3142    .constdata          system_stm32f1xx.o
    0x080050d0   0x00000008   Data   RO         3143    .constdata          system_stm32f1xx.o
    0x080050d8   0x00001586   Data   RO         3261    .constdata          oled_new.o
    0x0800665e   0x00000011   Data   RO         4514    .constdata          c_w.l(__printf_flags_ss_wp.o)
    0x0800666f   0x00000001   PAD
    0x08006670   0x000000d0   Data   RO         3414    .conststring        aliesp8266.o
    0x08006740   0x00000020   Data   RO         4754    Region$$Table       anon$$obj.o
    0x08006760   0x00000110   Data   RO         4615    locale$$data        c_w.l(lc_ctype_c.o)


    Execution Region RW_IRAM1 (Base: 0x20000000, Size: 0x00003a20, Max: 0x00005000, ABSOLUTE)

    Base Addr    Size         Type   Attr      Idx    E Section Name        Object

    0x20000000   0x0000002c   Data   RW           26    .data               main.o
    0x2000002c   0x0000000c   Data   RW          860    .data               stm32f1xx_hal.o
    0x20000038   0x00000004   Data   RW         3144    .data               system_stm32f1xx.o
    0x2000003c   0x00000001   Data   RW         3206    .data               key.o
    0x2000003d   0x00000003   PAD
    0x20000040   0x0000001c   Data   RW         3415    .data               aliesp8266.o
    0x2000005c   0x00000040   Data   RW         4069    .data               tasks.o
    0x2000009c   0x0000001c   Data   RW         4349    .data               heap_4.o
    0x200000b8   0x00000004   Data   RW         4414    .data               port.o
    0x200000bc   0x00000030   Zero   RW          300    .bss                adc.o
    0x200000ec   0x00000048   Zero   RW          342    .bss                tim.o
    0x20000134   0x00000044   Zero   RW          384    .bss                usart.o
    0x20000178   0x00000980   Zero   RW         3413    .bss                aliesp8266.o
    0x20000af8   0x000000c8   Zero   RW         4068    .bss                tasks.o
    0x20000bc0   0x00002800   Zero   RW         4348    .bss                heap_4.o
    0x200033c0   0x00000060   Zero   RW         4583    .bss                c_w.l(libspace.o)
    0x20003420   0x00000200   Zero   RW            2    HEAP                startup_stm32f103xb.o
    0x20003620   0x00000400   Zero   RW            1    STACK               startup_stm32f103xb.o


==============================================================================

Image component sizes


      Code (inc. data)   RO Data    RW Data    ZI Data      Debug   Object Name

       168         20          0          0         48       1613   adc.o
      3530       1470        208         28       2432      11386   aliesp8266.o
        66          0          0          0          0        679   delay.o
       480         40          0          0          0       4021   ds18b20.o
         0          0          0          0          0       2532   event_groups.o
       180         14          0          0          0        895   gpio.o
       384         20          0         28      10240       4939   heap_4.o
       156          8          0          1          0        851   key.o
       112          0          0          0          0       2497   list.o
      1288        196          8         44          0     463194   main.o
      1222         48       5510          0          0      10685   oled_new.o
       378         44          0          4          0       8992   port.o
        64         26        236          0       1536        800   startup_stm32f103xb.o
       164         28          0         12          0       5825   stm32f1xx_hal.o
      1312         54          0          0          0       7151   stm32f1xx_hal_adc.o
       198         14          0          0          0      28887   stm32f1xx_hal_cortex.o
       222          4          0          0          0       1743   stm32f1xx_hal_dma.o
       500         34          0          0          0       3479   stm32f1xx_hal_gpio.o
        60          8          0          0          0        850   stm32f1xx_hal_msp.o
      1272        100          0          0          0       5140   stm32f1xx_hal_rcc.o
       436         46          0          0          0       2501   stm32f1xx_hal_rcc_ex.o
       972         26          0          0          0       9529   stm32f1xx_hal_tim.o
       108         12          0          0          0       2337   stm32f1xx_hal_tim_ex.o
      1432         10          0          0          0      10396   stm32f1xx_hal_uart.o
        60         12          0          0          0       3884   stm32f1xx_it.o
         2          0         24          4          0       1091   system_stm32f1xx.o
      1612        108          0         64        200      28199   tasks.o
       164         18          0          0         72       1622   tim.o
       184         22          0          0         68       1654   usart.o

    ----------------------------------------------------------------------
     16766       2382       6018        188      14596     627372   Object Totals
         0          0         32          0          0          0   (incl. Generated)
        40          0          0          3          0          0   (incl. Padding)

    ----------------------------------------------------------------------

      Code (inc. data)   RO Data    RW Data    ZI Data      Debug   Library Member Name

        56          6          0          0          0         88   __2snprintf.o
        44          6          0          0          0         84   __2sprintf.o
         8          0          0          0          0         68   __main.o
       392          4         17          0          0         92   __printf_flags_ss_wp.o
        14          0          0          0          0         68   __printf_wp.o
         0          0          0          0          0          0   __rtentry.o
        12          0          0          0          0          0   __rtentry2.o
         6          0          0          0          0          0   __rtentry4.o
        52          8          0          0          0          0   __scatter.o
        26          0          0          0          0          0   __scatter_copy.o
        28          0          0          0          0          0   __scatter_zi.o
        28          0          0          0          0         68   _chval.o
        44          0          0          0          0        108   _printf_char.o
        48          6          0          0          0         96   _printf_char_common.o
         6          0          0          0          0          0   _printf_d.o
       120         16          0          0          0         92   _printf_dec.o
       178          0          0          0          0         88   _printf_intcommon.o
        78          0          0          0          0        108   _printf_pad.o
         0          0          0          0          0          0   _printf_percent.o
         4          0          0          0          0          0   _printf_percent_end.o
         6          0          0          0          0          0   _printf_s.o
        82          0          0          0          0         80   _printf_str.o
         6          0          0          0          0          0   _printf_u.o
        16          0          0          0          0         68   _snputc.o
        10          0          0          0          0         68   _sputc.o
       158          0          0          0          0         92   _strtoul.o
        26          0          0          0          0         80   atoi.o
        18          0          0          0          0         80   exit.o
         6          0          0          0          0        152   heapauxi.o
         0          0          0          0          0          0   indicate_semi.o
        44         10        272          0          0         76   lc_ctype_c.o
         2          0          0          0          0          0   libinit.o
        20          0          0          0          0          0   libinit2.o
         2          0          0          0          0          0   libshutdown.o
         2          0          0          0          0          0   libshutdown2.o
         8          4          0          0         96         68   libspace.o
        16          4          0          0          0         76   rt_ctype_table.o
         8          4          0          0          0         68   rt_errno_addr_intlibspace.o
         8          4          0          0          0         68   rt_locale_intlibspace.o
        68          0          0          0          0         68   rt_memclr.o
        78          0          0          0          0         80   rt_memclr_w.o
         2          0          0          0          0          0   rtexit.o
        10          0          0          0          0          0   rtexit2.o
       128          0          0          0          0         68   strcmpv7m.o
        72          0          0          0          0         80   strcpy.o
        62          0          0          0          0         76   strlen.o
        86          0          0          0          0         76   strncpy.o
        36          0          0          0          0         80   strstr.o
       112          0          0          0          0         88   strtol.o
        12          4          0          0          0         68   sys_exit.o
        74          0          0          0          0         80   sys_stackheap_outer.o
         2          0          0          0          0         68   use_no_semi.o
       688        140          0          0          0        208   ddiv.o
        90          4          0          0          0         92   dfixu.o
        38          0          0          0          0         68   dflt_clz.o
       340         12          0          0          0        104   dmul.o
       156          4          0          0          0         92   dnaninf.o
        12          0          0          0          0         68   dretinf.o
         0          0          0          0          0          0   usenofp.o

    ----------------------------------------------------------------------
      3662        236        290          0         96       3400   Library Totals
        14          0          1          0          0          0   (incl. Padding)

    ----------------------------------------------------------------------

      Code (inc. data)   RO Data    RW Data    ZI Data      Debug   Library Name

      2324         76        289          0         96       2768   c_w.l
      1324        160          0          0          0        632   fz_ws.l

    ----------------------------------------------------------------------
      3662        236        290          0         96       3400   Library Totals

    ----------------------------------------------------------------------

==============================================================================


      Code (inc. data)   RO Data    RW Data    ZI Data      Debug   

     20428       2618       6308        188      14692     621148   Grand Totals
     20428       2618       6308        188      14692     621148   ELF Image Totals
     20428       2618       6308        188          0          0   ROM Totals

==============================================================================

    Total RO  Size (Code + RO Data)                26736 (  26.11kB)
    Total RW  Size (RW Data + ZI Data)             14880 (  14.53kB)
    Total ROM Size (Code + RO Data + RW Data)      26924 (  26.29kB)

==============================================================================

