Component: ARM Compiler 5.06 update 7 (build 960) Tool: armlink [4d3601]

==============================================================================

Section Cross References

    startup_stm32f103xb.o(STACK) refers (Special) to heapauxi.o(.text) for __use_two_region_memory
    startup_stm32f103xb.o(HEAP) refers (Special) to heapauxi.o(.text) for __use_two_region_memory
    startup_stm32f103xb.o(RESET) refers (Special) to heapauxi.o(.text) for __use_two_region_memory
    startup_stm32f103xb.o(RESET) refers to startup_stm32f103xb.o(STACK) for __initial_sp
    startup_stm32f103xb.o(RESET) refers to startup_stm32f103xb.o(.text) for Reset_Handler
    startup_stm32f103xb.o(RESET) refers to stm32f1xx_it.o(i.NMI_Handler) for NMI_Handler
    startup_stm32f103xb.o(RESET) refers to stm32f1xx_it.o(i.HardFault_Handler) for HardFault_Handler
    startup_stm32f103xb.o(RESET) refers to stm32f1xx_it.o(i.MemManage_Handler) for MemManage_Handler
    startup_stm32f103xb.o(RESET) refers to stm32f1xx_it.o(i.BusFault_Handler) for BusFault_Handler
    startup_stm32f103xb.o(RESET) refers to stm32f1xx_it.o(i.UsageFault_Handler) for UsageFault_Handler
    startup_stm32f103xb.o(RESET) refers to stm32f1xx_it.o(i.SVC_Handler) for SVC_Handler
    startup_stm32f103xb.o(RESET) refers to stm32f1xx_it.o(i.DebugMon_Handler) for DebugMon_Handler
    startup_stm32f103xb.o(RESET) refers to stm32f1xx_it.o(i.PendSV_Handler) for PendSV_Handler
    startup_stm32f103xb.o(RESET) refers to stm32f1xx_it.o(i.SysTick_Handler) for SysTick_Handler
    startup_stm32f103xb.o(RESET) refers to stm32f1xx_it.o(i.TIM1_UP_IRQHandler) for TIM1_UP_IRQHandler
    startup_stm32f103xb.o(RESET) refers to stm32f1xx_it.o(i.USART2_IRQHandler) for USART2_IRQHandler
    startup_stm32f103xb.o(.text) refers (Special) to heapauxi.o(.text) for __use_two_region_memory
    startup_stm32f103xb.o(.text) refers to system_stm32f1xx.o(i.SystemInit) for SystemInit
    startup_stm32f103xb.o(.text) refers to __main.o(!!!main) for __main
    startup_stm32f103xb.o(.text) refers to startup_stm32f103xb.o(HEAP) for Heap_Mem
    startup_stm32f103xb.o(.text) refers to startup_stm32f103xb.o(STACK) for Stack_Mem
    main.o(i.Display_function) refers to oled_new.o(i.Oled_ShowCHinese) for Oled_ShowCHinese
    main.o(i.Display_function) refers to oled_new.o(i.Oled_ShowString) for Oled_ShowString
    main.o(i.Display_function) refers to oled_new.o(i.OLED_Show_Temp) for OLED_Show_Temp
    main.o(i.Display_function) refers to oled_new.o(i.OLED_ShowNum) for OLED_ShowNum
    main.o(i.Display_function) refers to stm32f1xx_hal_gpio.o(i.HAL_GPIO_ReadPin) for HAL_GPIO_ReadPin
    main.o(i.Display_function) refers to main.o(.data) for .data
    main.o(i.HAL_TIM_PeriodElapsedCallback) refers to tim.o(.bss) for htim1
    main.o(i.HAL_TIM_PeriodElapsedCallback) refers to main.o(.data) for .data
    main.o(i.HAL_TIM_PeriodElapsedCallback) refers to main.o(.constdata) for .constdata
    main.o(i.HAL_UART_RxCpltCallback) refers to stm32f1xx_hal_uart.o(i.HAL_UART_Receive_IT) for HAL_UART_Receive_IT
    main.o(i.HAL_UART_RxCpltCallback) refers to usart.o(.bss) for huart2
    main.o(i.HAL_UART_RxCpltCallback) refers to aliesp8266.o(.data) for uartwifi_value
    main.o(i.HAL_UART_RxCpltCallback) refers to aliesp8266.o(.bss) for ESP8266_buf
    main.o(i.Key_function) refers to key.o(i.Chiclet_Keyboard_Scan) for Chiclet_Keyboard_Scan
    main.o(i.Key_function) refers to main.o(.data) for .data
    main.o(i.Monitor_function) refers to ds18b20.o(i.Ds18b20_Read_Temp) for Ds18b20_Read_Temp
    main.o(i.Monitor_function) refers to stm32f1xx_hal_adc.o(i.HAL_ADC_Start) for HAL_ADC_Start
    main.o(i.Monitor_function) refers to stm32f1xx_hal_adc.o(i.HAL_ADC_PollForConversion) for HAL_ADC_PollForConversion
    main.o(i.Monitor_function) refers to stm32f1xx_hal_adc.o(i.HAL_ADC_GetValue) for HAL_ADC_GetValue
    main.o(i.Monitor_function) refers to stm32f1xx_hal_adc.o(i.HAL_ADC_Stop) for HAL_ADC_Stop
    main.o(i.Monitor_function) refers to dflt_clz.o(x$fpl$dfltu) for __aeabi_ui2d
    main.o(i.Monitor_function) refers to ddiv.o(x$fpl$ddiv) for __aeabi_ddiv
    main.o(i.Monitor_function) refers to dmul.o(x$fpl$dmul) for __aeabi_dmul
    main.o(i.Monitor_function) refers to dfixu.o(x$fpl$dfixu) for __aeabi_d2uiz
    main.o(i.Monitor_function) refers to aliesp8266.o(i.Ali_MQTT_Publish_1) for Ali_MQTT_Publish_1
    main.o(i.Monitor_function) refers to aliesp8266.o(i.Ali_MQTT_Publish_2) for Ali_MQTT_Publish_2
    main.o(i.Monitor_function) refers to stm32f1xx_hal_gpio.o(i.HAL_GPIO_ReadPin) for HAL_GPIO_ReadPin
    main.o(i.Monitor_function) refers to stm32f1xx_hal_gpio.o(i.HAL_GPIO_WritePin) for HAL_GPIO_WritePin
    main.o(i.Monitor_function) refers to main.o(.data) for .data
    main.o(i.Monitor_function) refers to adc.o(.bss) for hadc1
    main.o(i.SystemClock_Config) refers to rt_memclr_w.o(.text) for __aeabi_memclr4
    main.o(i.SystemClock_Config) refers to stm32f1xx_hal_rcc.o(i.HAL_RCC_OscConfig) for HAL_RCC_OscConfig
[...]
    .ARM.Collect$$rtexit$$00000003           0x080001a4   Section        4  rtexit2.o(.ARM.Collect$$rtexit$$00000003)
    .ARM.Collect$$rtexit$$00000004           0x080001a8   Section        6  rtexit2.o(.ARM.Collect$$rtexit$$00000004)
    .text                                    0x080001b0   Section       64  startup_stm32f103xb.o(.text)
    .text                                    0x080001f0   Section        0  __2sprintf.o(.text)
    .text                                    0x0800021c   Section        0  __2snprintf.o(.text)
    .text                                    0x08000254   Section        0  _printf_pad.o(.text)
    .text                                    0x080002a2   Section        0  _printf_str.o(.text)
    .text                                    0x080002f4   Section        0  _printf_dec.o(.text)
    .text                                    0x0800036c   Section        0  __printf_flags_ss_wp.o(.text)
    .text                                    0x080004f4   Section        0  atoi.o(.text)
    .text                                    0x0800050e   Section        0  strstr.o(.text)
    .text                                    0x08000532   Section        0  strcpy.o(.text)
    .text                                    0x0800057a   Section        0  strlen.o(.text)
    .text                                    0x080005b8   Section       68  rt_memclr.o(.text)
    .text                                    0x080005fc   Section       78  rt_memclr_w.o(.text)
    .text                                    0x0800064a   Section       86  strncpy.o(.text)
    .text                                    0x080006a0   Section        0  heapauxi.o(.text)
    .text                                    0x080006a8   Section        8  rt_errno_addr_intlibspace.o(.text)
    .text                                    0x080006b0   Section        0  _printf_intcommon.o(.text)
    .text                                    0x08000764   Section        0  _printf_char_common.o(.text)
    _printf_input_char                       0x08000765   Thumb Code    10  _printf_char_common.o(.text)
    .text                                    0x08000794   Section        0  _sputc.o(.text)
    .text                                    0x0800079e   Section        0  _snputc.o(.text)
    .text                                    0x080007ae   Section        0  _printf_char.o(.text)
    .text                                    0x080007da   Section        0  strtol.o(.text)
    .text                                    0x0800084c   Section        8  libspace.o(.text)
    .text                                    0x08000854   Section       16  rt_ctype_table.o(.text)
    .text                                    0x08000864   Section        0  _strtoul.o(.text)
    .text                                    0x08000902   Section       74  sys_stackheap_outer.o(.text)
    .text                                    0x0800094c   Section        8  rt_locale_intlibspace.o(.text)
    .text                                    0x08000954   Section        0  _chval.o(.text)
    .text                                    0x08000970   Section        0  exit.o(.text)
    .text                                    0x08000984   Section      128  strcmpv7m.o(.text)
    .text                                    0x08000a04   Section        0  sys_exit.o(.text)
    .text                                    0x08000a10   Section        2  use_no_semi.o(.text)
    .text                                    0x08000a12   Section        0  indicate_semi.o(.text)
    i.ADC_ConversionStop_Disable             0x08000a14   Section        0  stm32f1xx_hal_adc.o(i.ADC_ConversionStop_Disable)
    i.ADC_Enable                             0x08000a6c   Section        0  stm32f1xx_hal_adc.o(i.ADC_Enable)
    i.Ali_MQTT_Publish_1                     0x08000ae8   Section        0  aliesp8266.o(i.Ali_MQTT_Publish_1)
    i.Ali_MQTT_Publish_2                     0x08000aec   Section        0  aliesp8266.o(i.Ali_MQTT_Publish_2)
    i.Ali_MQTT_Publish_Status                0x08000b90   Section        0  aliesp8266.o(i.Ali_MQTT_Publish_Status)
    i.Ali_MQTT_Recevie                       0x08000c94   Section        0  aliesp8266.o(i.Ali_MQTT_Recevie)
    i.Ali_MQTT_Trigger_CryEvent              0x080011a0   Section        0  aliesp8266.o(i.Ali_MQTT_Trigger_CryEvent)
    i.BusFault_Handler                       0x08001284   Section        0  stm32f1xx_it.o(i.BusFault_Handler)
    i.Chiclet_Keyboard_Scan                  0x08001288   Section        0  key.o(i.Chiclet_Keyboard_Scan)
    i.DQ_IN                                  0x08001324   Section        0  ds18b20.o(i.DQ_IN)
    i.DQ_OUT                                 0x08001344   Section        0  ds18b20.o(i.DQ_OUT)
    i.DebugMon_Handler                       0x08001364   Section        0  stm32f1xx_it.o(i.DebugMon_Handler)
    i.Display_function                       0x08001368   Section        0  main.o(i.Display_function)
    i.Ds18b20_GPIO_Init                      0x08001468   Section        0  ds18b20.o(i.Ds18b20_GPIO_Init)
    i.Ds18b20_Init                           0x080014a4   Section        0  ds18b20.o(i.Ds18b20_Init)
    i.Ds18b20_Read_Temp                      0x08001500   Section        0  ds18b20.o(i.Ds18b20_Read_Temp)
    i.ESP8266LinkAp                          0x08001558   Section        0  aliesp8266.o(i.ESP8266LinkAp)
    i.ESP8266LinkloT                         0x080016ec   Section        0  aliesp8266.o(i.ESP8266LinkloT)
    i.ESP8266_Clear                          0x08001a88   Section        0  aliesp8266.o(i.ESP8266_Clear)
    i.ESP8266_SendCmd                        0x08001aa4   Section        0  aliesp8266.o(i.ESP8266_SendCmd)
    i.ESP8266_WaitRecive                     0x08001b34   Section        0  aliesp8266.o(i.ESP8266_WaitRecive)
    i.ESP8266_init                           0x08001b54   Section        0  aliesp8266.o(i.ESP8266_init)
    i.Error_Handler                          0x08001b74   Section        0  main.o(i.Error_Handler)
    i.HAL_ADC_ConfigChannel                  0x08001b78   Section        0  stm32f1xx_hal_adc.o(i.HAL_ADC_ConfigChannel)
    i.HAL_ADC_GetValue                       0x08001c74   Section        0  stm32f1xx_hal_adc.o(i.HAL_ADC_GetValue)
    i.HAL_ADC_Init                           0x08001c7c   Section        0  stm32f1xx_hal_adc.o(i.HAL_ADC_Init)
    i.HAL_ADC_MspInit                        0x08001d98   Section        0  adc.o(i.HAL_ADC_MspInit)
    i.HAL_ADC_PollForConversion              0x08001df0   Section        0  stm32f1xx_hal_adc.o(i.HAL_ADC_PollForConversion)
    i.HAL_ADC_Start                          0x08001f2c   Section        0  stm32f1xx_hal_adc.o(i.HAL_ADC_Start)
    i.HAL_ADC_Stop                           0x08001fec   Section        0  stm32f1xx_hal_adc.o(i.HAL_ADC_Stop)
    i.HAL_DMA_Abort                          0x08002020   Section        0  stm32f1xx_hal_dma.o(i.HAL_DMA_Abort)
    i.HAL_DMA_Abort_IT                       0x08002068   Section        0  stm32f1xx_hal_dma.o(i.HAL_DMA_Abort_IT)
    i.HAL_Delay                              0x08002100   Section        0  stm32f1xx_hal.o(i.HAL_Delay)
    i.HAL_GPIO_Init                          0x08002124   Section        0  stm32f1xx_hal_gpio.o(i.HAL_GPIO_Init)
    i.HAL_GPIO_ReadPin                       0x08002304   Section        0  stm32f1xx_hal_gpio.o(i.HAL_GPIO_ReadPin)
    i.HAL_GPIO_WritePin                      0x0800230e   Section        0  stm32f1xx_hal_gpio.o(i.HAL_GPIO_WritePin)
    i.HAL_GetTick                            0x08002318   Section        0  stm32f1xx_hal.o(i.HAL_GetTick)
    i.HAL_IncTick                            0x08002324   Section        0  stm32f1xx_hal.o(i.HAL_IncTick)
    i.HAL_Init                               0x08002334   Section        0  stm32f1xx_hal.o(i.HAL_Init)
    i.HAL_InitTick                           0x08002358   Section        0  stm32f1xx_hal.o(i.HAL_InitTick)
    i.HAL_MspInit                            0x08002398   Section        0  stm32f1xx_hal_msp.o(i.HAL_MspInit)
    i.HAL_NVIC_EnableIRQ                     0x080023d4   Section        0  stm32f1xx_hal_cortex.o(i.HAL_NVIC_EnableIRQ)
    i.HAL_NVIC_SetPriority                   0x080023f0   Section        0  stm32f1xx_hal_cortex.o(i.HAL_NVIC_SetPriority)
    i.HAL_NVIC_SetPriorityGrouping           0x08002430   Section        0  stm32f1xx_hal_cortex.o(i.HAL_NVIC_SetPriorityGrouping)
    i.HAL_RCCEx_GetPeriphCLKFreq             0x08002454   Section        0  stm32f1xx_hal_rcc_ex.o(i.HAL_RCCEx_GetPeriphCLKFreq)
    i.HAL_RCCEx_PeriphCLKConfig              0x0800251c   Section        0  stm32f1xx_hal_rcc_ex.o(i.HAL_RCCEx_PeriphCLKConfig)
    i.HAL_RCC_ClockConfig                    0x08002608   Section        0  stm32f1xx_hal_rcc.o(i.HAL_RCC_ClockConfig)
    i.HAL_RCC_GetPCLK1Freq                   0x08002734   Section        0  stm32f1xx_hal_rcc.o(i.HAL_RCC_GetPCLK1Freq)
    i.HAL_RCC_GetPCLK2Freq                   0x08002754   Section        0  stm32f1xx_hal_rcc.o(i.HAL_RCC_GetPCLK2Freq)
    i.HAL_RCC_GetSysClockFreq                0x08002774   Section        0  stm32f1xx_hal_rcc.o(i.HAL_RCC_GetSysClockFreq)
    i.HAL_RCC_OscConfig                      0x080027e0   Section        0  stm32f1xx_hal_rcc.o(i.HAL_RCC_OscConfig)
    i.HAL_SYSTICK_Config                     0x08002b00   Section        0  stm32f1xx_hal_cortex.o(i.HAL_SYSTICK_Config)
    i.HAL_TIMEx_BreakCallback                0x08002b28   Section        0  stm32f1xx_hal_tim_ex.o(i.HAL_TIMEx_BreakCallback)
    i.HAL_TIMEx_CommutCallback               0x08002b2a   Section        0  stm32f1xx_hal_tim_ex.o(i.HAL_TIMEx_CommutCallback)
    i.HAL_TIMEx_MasterConfigSynchronization  0x08002b2c   Section        0  stm32f1xx_hal_tim_ex.o(i.HAL_TIMEx_MasterConfigSynchronization)
    i.HAL_TIM_Base_Init                      0x08002b94   Section        0  stm32f1xx_hal_tim.o(i.HAL_TIM_Base_Init)
    i.HAL_TIM_Base_MspInit                   0x08002bf0   Section        0  tim.o(i.HAL_TIM_Base_MspInit)
    i.HAL_TIM_Base_Start_IT                  0x08002c2c   Section        0  stm32f1xx_hal_tim.o(i.HAL_TIM_Base_Start_IT)
    i.HAL_TIM_ConfigClockSource              0x08002c84   Section        0  stm32f1xx_hal_tim.o(i.HAL_TIM_ConfigClockSource)
    i.HAL_TIM_IC_CaptureCallback             0x08002d5a   Section        0  stm32f1xx_hal_tim.o(i.HAL_TIM_IC_CaptureCallback)
    i.HAL_TIM_IRQHandler                     0x08002d5c   Section        0  stm32f1xx_hal_tim.o(i.HAL_TIM_IRQHandler)
    i.HAL_TIM_OC_DelayElapsedCallback        0x08002ec2   Section        0  stm32f1xx_hal_tim.o(i.HAL_TIM_OC_DelayElapsedCallback)
    i.HAL_TIM_PWM_PulseFinishedCallback      0x08002ec4   Section        0  stm32f1xx_hal_tim.o(i.HAL_TIM_PWM_PulseFinishedCallback)
    i.HAL_TIM_PeriodElapsedCallback          0x08002ec8   Section        0  main.o(i.HAL_TIM_PeriodElapsedCallback)
    i.HAL_TIM_TriggerCallback                0x08002f84   Section        0  stm32f1xx_hal_tim.o(i.HAL_TIM_TriggerCallback)
    i.HAL_UARTEx_RxEventCallback             0x08002f86   Section        0  stm32f1xx_hal_uart.o(i.HAL_UARTEx_RxEventCallback)
    i.HAL_UART_ErrorCallback                 0x08002f88   Section        0  stm32f1xx_hal_uart.o(i.HAL_UART_ErrorCallback)
    i.HAL_UART_IRQHandler                    0x08002f8c   Section        0  stm32f1xx_hal_uart.o(i.HAL_UART_IRQHandler)
    i.HAL_UART_Init                          0x08003198   Section        0  stm32f1xx_hal_uart.o(i.HAL_UART_Init)
    i.HAL_UART_MspInit                       0x080031fc   Section        0  usart.o(i.HAL_UART_MspInit)
    i.HAL_UART_Receive_IT                    0x0800327c   Section        0  stm32f1xx_hal_uart.o(i.HAL_UART_Receive_IT)
    i.HAL_UART_RxCpltCallback                0x080032a8   Section        0  main.o(i.HAL_UART_RxCpltCallback)
    i.HAL_UART_Transmit                      0x080032ec   Section        0  stm32f1xx_hal_uart.o(i.HAL_UART_Transmit)
    i.HAL_UART_TxCpltCallback                0x0800339e   Section        0  stm32f1xx_hal_uart.o(i.HAL_UART_TxCpltCallback)
    i.HardFault_Handler                      0x080033a0   Section        0  stm32f1xx_it.o(i.HardFault_Handler)
    i.Key_function                           0x080033a4   Section        0  main.o(i.Key_function)
    i.MX_ADC1_Init                           0x080033f0   Section        0  adc.o(i.MX_ADC1_Init)
    i.MX_GPIO_Init                           0x08003440   Section        0  gpio.o(i.MX_GPIO_Init)
    i.MX_TIM1_Init                           0x080034f4   Section        0  tim.o(i.MX_TIM1_Init)
    i.MX_USART2_UART_Init                    0x0800355c   Section        0  usart.o(i.MX_USART2_UART_Init)
    i.MemManage_Handler                      0x08003594   Section        0  stm32f1xx_it.o(i.MemManage_Handler)
    i.Monitor_function                       0x08003598   Section        0  main.o(i.Monitor_function)
    i.NMI_Handler                            0x080036f4   Section        0  stm32f1xx_it.o(i.NMI_Handler)
    i.OLED_Clear                             0x080036f6   Section        0  oled_new.o(i.OLED_Clear)
    i.OLED_GPIO_Init                         0x0800372c   Section        0  oled_new.o(i.OLED_GPIO_Init)
    i.OLED_IIC_Start                         0x0800378c   Section        0  oled_new.o(i.OLED_IIC_Start)
    i.OLED_IIC_Stop                          0x080037d8   Section        0  oled_new.o(i.OLED_IIC_Stop)
    i.OLED_Init                              0x08003814   Section        0  oled_new.o(i.OLED_Init)
    i.OLED_Set_Pos                           0x080038ce   Section        0  oled_new.o(i.OLED_Set_Pos)
    i.OLED_ShowNum                           0x080038f4   Section        0  oled_new.o(i.OLED_ShowNum)
    i.OLED_Show_Temp                         0x08003954   Section        0  oled_new.o(i.OLED_Show_Temp)
    i.OLED_Write_IIC_Byte                    0x080039d4   Section        0  oled_new.o(i.OLED_Write_IIC_Byte)
    i.OLED_write_iic_com                     0x08003a6c   Section        0  oled_new.o(i.OLED_write_iic_com)
    i.OLED_write_iic_dat                     0x08003a8e   Section        0  oled_new.o(i.OLED_write_iic_dat)
    i.Oled_ShowCHinese                       0x08003ab0   Section        0  oled_new.o(i.Oled_ShowCHinese)
    i.Oled_ShowChar                          0x08003b34   Section        0  oled_new.o(i.Oled_ShowChar)
    i.Oled_ShowString                        0x08003b80   Section        0  oled_new.o(i.Oled_ShowString)
    i.PendSV_Handler                         0x08003bb0   Section        0  stm32f1xx_it.o(i.PendSV_Handler)
    i.SVC_Handler                            0x08003bb2   Section        0  stm32f1xx_it.o(i.SVC_Handler)
    i.SysTick_Handler                        0x08003bb4   Section        0  stm32f1xx_it.o(i.SysTick_Handler)
    i.SystemClock_Config                     0x08003bb8   Section        0  main.o(i.SystemClock_Config)
    i.SystemInit                             0x08003c30   Section        0  system_stm32f1xx.o(i.SystemInit)
    i.TIM1_UP_IRQHandler                     0x08003c34   Section        0  stm32f1xx_it.o(i.TIM1_UP_IRQHandler)
    i.TIM_Base_SetConfig                     0x08003c40   Section        0  stm32f1xx_hal_tim.o(i.TIM_Base_SetConfig)
    i.TIM_ETR_SetConfig                      0x08003cac   Section        0  stm32f1xx_hal_tim.o(i.TIM_ETR_SetConfig)
    i.TIM_ITRx_SetConfig                     0x08003cc0   Section        0  stm32f1xx_hal_tim.o(i.TIM_ITRx_SetConfig)
    TIM_ITRx_SetConfig                       0x08003cc1   Thumb Code    16  stm32f1xx_hal_tim.o(i.TIM_ITRx_SetConfig)
    i.TIM_TI1_ConfigInputStage               0x08003cd0   Section        0  stm32f1xx_hal_tim.o(i.TIM_TI1_ConfigInputStage)
    TIM_TI1_ConfigInputStage                 0x08003cd1   Thumb Code    34  stm32f1xx_hal_tim.o(i.TIM_TI1_ConfigInputStage)
    i.TIM_TI2_ConfigInputStage               0x08003cf2   Section        0  stm32f1xx_hal_tim.o(i.TIM_TI2_ConfigInputStage)
    TIM_TI2_ConfigInputStage                 0x08003cf3   Thumb Code    36  stm32f1xx_hal_tim.o(i.TIM_TI2_ConfigInputStage)
    i.UART_DMAAbortOnError                   0x08003d16   Section        0  stm32f1xx_hal_uart.o(i.UART_DMAAbortOnError)
    UART_DMAAbortOnError                     0x08003d17   Thumb Code    16  stm32f1xx_hal_uart.o(i.UART_DMAAbortOnError)
    i.UART_EndRxTransfer                     0x08003d26   Section        0  stm32f1xx_hal_uart.o(i.UART_EndRxTransfer)
    UART_EndRxTransfer                       0x08003d27   Thumb Code    48  stm32f1xx_hal_uart.o(i.UART_EndRxTransfer)
    i.UART_Receive_IT                        0x08003d56   Section        0  stm32f1xx_hal_uart.o(i.UART_Receive_IT)
    UART_Receive_IT                          0x08003d57   Thumb Code   182  stm32f1xx_hal_uart.o(i.UART_Receive_IT)
    i.UART_SetConfig                         0x08003e0c   Section        0  stm32f1xx_hal_uart.o(i.UART_SetConfig)
    UART_SetConfig                           0x08003e0d   Thumb Code   178  stm32f1xx_hal_uart.o(i.UART_SetConfig)
    i.UART_Start_Receive_IT                  0x08003ec4   Section        0  stm32f1xx_hal_uart.o(i.UART_Start_Receive_IT)
    i.UART_WaitOnFlagUntilTimeout            0x08003efa   Section        0  stm32f1xx_hal_uart.o(i.UART_WaitOnFlagUntilTimeout)
    UART_WaitOnFlagUntilTimeout              0x08003efb   Thumb Code   100  stm32f1xx_hal_uart.o(i.UART_WaitOnFlagUntilTimeout)
    i.USART2_IRQHandler                      0x08003f60   Section        0  stm32f1xx_it.o(i.USART2_IRQHandler)
    i.UsageFault_Handler                     0x08003f6c   Section        0  stm32f1xx_it.o(i.UsageFault_Handler)
    i.Usart_SendString                       0x08003f70   Section        0  aliesp8266.o(i.Usart_SendString)
    i.__NVIC_SetPriority                     0x08003f84   Section        0  stm32f1xx_hal_cortex.o(i.__NVIC_SetPriority)
    __NVIC_SetPriority                       0x08003f85   Thumb Code    32  stm32f1xx_hal_cortex.o(i.__NVIC_SetPriority)
    i._is_digit                              0x08003fa4   Section        0  __printf_wp.o(i._is_digit)
    i.delay_us                               0x08003fb2   Section        0  delay.o(i.delay_us)
    i.main                                   0x08003ff4   Section        0  main.o(i.main)
    i.oled_pow                               0x08004050   Section        0  oled_new.o(i.oled_pow)
    i.read_18b20                             0x08004060   Section        0  ds18b20.o(i.read_18b20)
    i.write_18b20                            0x080040b8   Section        0  ds18b20.o(i.write_18b20)
    locale$$code                             0x08004110   Section       44  lc_ctype_c.o(locale$$code)
    x$fpl$ddiv                               0x0800413c   Section      688  ddiv.o(x$fpl$ddiv)
    ddiv_entry                               0x08004143   Thumb Code     0  ddiv.o(x$fpl$ddiv)
    x$fpl$dfixu                              0x080043ec   Section       90  dfixu.o(x$fpl$dfixu)
    x$fpl$dfltu                              0x08004446   Section       38  dflt_clz.o(x$fpl$dfltu)
    x$fpl$dmul                               0x0800446c   Section      340  dmul.o(x$fpl$dmul)
    x$fpl$dnaninf                            0x080045c0   Section      156  dnaninf.o(x$fpl$dnaninf)
    x$fpl$dretinf                            0x0800465c   Section       12  dretinf.o(x$fpl$dretinf)
    .constdata                               0x08004668   Section        8  main.o(.constdata)
    x$fpl$usenofp                            0x08004668   Section        0  usenofp.o(x$fpl$usenofp)
    .constdata                               0x08004670   Section       16  system_stm32f1xx.o(.constdata)
    .constdata                               0x08004680   Section        8  system_stm32f1xx.o(.constdata)
    .constdata                               0x08004688   Section     5510  oled_new.o(.constdata)
    .constdata                               0x08005c0e   Section       17  __printf_flags_ss_wp.o(.constdata)
    maptable                                 0x08005c0e   Data          17  __printf_flags_ss_wp.o(.constdata)
    .conststring                             0x08005c20   Section      208  aliesp8266.o(.conststring)
    locale$$data                             0x08005d10   Section      272  lc_ctype_c.o(locale$$data)
    __lcctype_c_name                         0x08005d14   Data           2  lc_ctype_c.o(locale$$data)
    __lcctype_c_start                        0x08005d1c   Data           0  lc_ctype_c.o(locale$$data)
    __lcctype_c_end                          0x08005e20   Data           0  lc_ctype_c.o(locale$$data)
    .data                                    0x20000000   Section       32  main.o(.data)
    .data                                    0x20000020   Section       12  stm32f1xx_hal.o(.data)
    .data                                    0x2000002c   Section        4  system_stm32f1xx.o(.data)
    .data                                    0x20000030   Section        1  key.o(.data)
    .data                                    0x20000034   Section       28  aliesp8266.o(.data)
    cry_debounce_counter                     0x20000036   Data           1  aliesp8266.o(.data)
    cry_triggered                            0x20000037   Data           1  aliesp8266.o(.data)
    last_mode                                0x20000039   Data           1  aliesp8266.o(.data)
    last_hot_flag                            0x2000003a   Data           1  aliesp8266.o(.data)
    last_fan_flag                            0x2000003b   Data           1  aliesp8266.o(.data)
    last_crib_flag                           0x2000003c   Data           1  aliesp8266.o(.data)
    last_beep_temp                           0x2000003d   Data           1  aliesp8266.o(.data)
    last_beep_humi                           0x2000003e   Data           1  aliesp8266.o(.data)
    last_voice                               0x2000003f   Data           1  aliesp8266.o(.data)
    last_body_temp                           0x20000044   Data           2  aliesp8266.o(.data)
    last_publish_tick                        0x20000048   Data           4  aliesp8266.o(.data)
    last_cry_trigger_tick                    0x2000004c   Data           4  aliesp8266.o(.data)
    .bss                                     0x20000050   Section       48  adc.o(.bss)
    .bss                                     0x20000080   Section       72  tim.o(.bss)
    .bss                                     0x200000c8   Section       68  usart.o(.bss)
    .bss                                     0x2000010c   Section     2432  aliesp8266.o(.bss)
    json_payload                             0x2000090c   Data         256  aliesp8266.o(.bss)
    raw_cmd_header                           0x20000a0c   Data         128  aliesp8266.o(.bss)
    .bss                                     0x20000a8c   Section       96  libspace.o(.bss)
    HEAP                                     0x20000af0   Section      512  startup_stm32f103xb.o(HEAP)
    Heap_Mem                                 0x20000af0   Data         512  startup_stm32f103xb.o(HEAP)
    STACK                                    0x20000cf0   Section     1024  startup_stm32f103xb.o(STACK)
    Stack_Mem                                0x20000cf0   Data        1024  startup_stm32f103xb.o(STACK)
    __initial_sp                             0x200010f0   Data           0  startup_stm32f103xb.o(STACK)

    Global Symbols

    Symbol Name                              Value     Ov Type        Size  Object(Section)

    BuildAttributes$$THM_ISAv4$P$D$K$B$S$PE$A:L22UL41UL21$X:L11$S22US41US21$IEEE1$IW$USESV6$~STKCKD$USESV7$~SHL$OSPACE$ROPI$EBA8$UX$STANDARDLIB$REQ8$PRES8$EABIv2 0x00000000   Number         0  anon$$obj.o ABSOLUTE
    __ARM_use_no_argv                        0x00000000   Number         0  main.o ABSOLUTE
    _printf_flags                            0x00000000   Number         0  printf_stubs.o ABSOLUTE
    _printf_return_value                     0x00000000   Number         0  printf_stubs.o ABSOLUTE
    _printf_sizespec                         0x00000000   Number         0  printf_stubs.o ABSOLUTE
    _printf_widthprec                        0x00000000   Number         0  printf_stubs.o ABSOLUTE
    __ARM_exceptions_init                     - Undefined Weak Reference
    __alloca_initialize                       - Undefined Weak Reference
    __arm_fini_                               - Undefined Weak Reference
    __arm_preinit_                            - Undefined Weak Reference
    __cpp_initialize__aeabi_                  - Undefined Weak Reference
    __cxa_finalize                            - Undefined Weak Reference
    __sigvec_lookup                           - Undefined Weak Reference
    _atexit_init                              - Undefined Weak Reference
    _call_atexit_fns                          - Undefined Weak Reference
    _clock_init                               - Undefined Weak Reference
    _fp_trap_init                             - Undefined Weak Reference
    _fp_trap_shutdown                         - Undefined Weak Reference
    _get_lc_collate                           - Undefined Weak Reference
    _get_lc_monetary                          - Undefined Weak Reference
    _get_lc_numeric                           - Undefined Weak Reference
    _get_lc_time                              - Undefined Weak Reference
    _getenv_init                              - Undefined Weak Reference
    _handle_redirection                       - Undefined Weak Reference
    _init_alloc                               - Undefined Weak Reference
    _init_user_alloc                          - Undefined Weak Reference
    _initio                                   - Undefined Weak Reference
    _printf_mbtowc                            - Undefined Weak Reference
    _printf_truncate_signed                   - Undefined Weak Reference
    _printf_truncate_unsigned                 - Undefined Weak Reference
    _rand_init                                - Undefined Weak Reference
    _signal_finish                            - Undefined Weak Reference
    _signal_init                              - Undefined Weak Reference
    _terminate_alloc                          - Undefined Weak Reference
    _terminate_user_alloc                     - Undefined Weak Reference
    _terminateio                              - Undefined Weak Reference
    __Vectors_Size                           0x000000ec   Number         0  startup_stm32f103xb.o ABSOLUTE
    __Vectors                                0x08000000   Data           4  startup_stm32f103xb.o(RESET)
    __Vectors_End                            0x080000ec   Data           0  startup_stm32f103xb.o(RESET)
    __main                                   0x080000ed   Thumb Code     8  __main.o(!!!main)
    __scatterload                            0x080000f5   Thumb Code     0  __scatter.o(!!!scatter)
    __scatterload_rt2                        0x080000f5   Thumb Code    44  __scatter.o(!!!scatter)
    __scatterload_rt2_thumb_only             0x080000f5   Thumb Code     0  __scatter.o(!!!scatter)
    __scatterload_null                       0x08000103   Thumb Code     0  __scatter.o(!!!scatter)
    __scatterload_copy                       0x08000129   Thumb Code    26  __scatter_copy.o(!!handler_copy)
    __scatterload_zeroinit                   0x08000145   Thumb Code    28  __scatter_zi.o(!!handler_zi)
    _printf_d                                0x08000161   Thumb Code     0  _printf_d.o(.ARM.Collect$$_printf_percent$$00000009)
    _printf_percent                          0x08000161   Thumb Code     0  _printf_percent.o(.ARM.Collect$$_printf_percent$$00000000)
    _printf_u                                0x08000167   Thumb Code     0  _printf_u.o(.ARM.Collect$$_printf_percent$$0000000A)
    _printf_s                                0x0800016d   Thumb Code     0  _printf_s.o(.ARM.Collect$$_printf_percent$$00000014)
    _printf_percent_end                      0x08000173   Thumb Code     0  _printf_percent_end.o(.ARM.Collect$$_printf_percent$$00000017)
    __rt_lib_init                            0x08000177   Thumb Code     0  libinit.o(.ARM.Collect$$libinit$$00000000)
    __rt_lib_init_fp_1                       0x08000179   Thumb Code     0  libinit2.o(.ARM.Collect$$libinit$$00000002)
    __rt_lib_init_heap_1                     0x08000179   Thumb Code     0  libinit2.o(.ARM.Collect$$libinit$$0000000A)
    __rt_lib_init_lc_common                  0x08000179   Thumb Code     0  libinit2.o(.ARM.Collect$$libinit$$0000000F)
    __rt_lib_init_preinit_1                  0x08000179   Thumb Code     0  libinit2.o(.ARM.Collect$$libinit$$00000004)
    __rt_lib_init_rand_1                     0x08000179   Thumb Code     0  libinit2.o(.ARM.Collect$$libinit$$0000000E)
    __rt_lib_init_user_alloc_1               0x08000179   Thumb Code     0  libinit2.o(.ARM.Collect$$libinit$$0000000C)
    __rt_lib_init_lc_collate_1               0x0800017f   Thumb Code     0  libinit2.o(.ARM.Collect$$libinit$$00000011)
    __rt_lib_init_lc_ctype_2                 0x0800017f   Thumb Code     0  libinit2.o(.ARM.Collect$$libinit$$00000012)
    __rt_lib_init_alloca_1                   0x0800018b   Thumb Code     0  libinit2.o(.ARM.Collect$$libinit$$0000002E)
    __rt_lib_init_argv_1                     0x0800018b   Thumb Code     0  libinit2.o(.ARM.Collect$$libinit$$0000002C)
    __rt_lib_init_atexit_1                   0x0800018b   Thumb Code     0  libinit2.o(.ARM.Collect$$libinit$$0000001B)
    __rt_lib_init_clock_1                    0x0800018b   Thumb Code     0  libinit2.o(.ARM.Collect$$libinit$$00000021)
    __rt_lib_init_cpp_1                      0x0800018b   Thumb Code     0  libinit2.o(.ARM.Collect$$libinit$$00000032)
    __rt_lib_init_exceptions_1               0x0800018b   Thumb Code     0  libinit2.o(.ARM.Collect$$libinit$$00000030)
    __rt_lib_init_fp_trap_1                  0x0800018b   Thumb Code     0  libinit2.o(.ARM.Collect$$libinit$$0000001F)
    __rt_lib_init_getenv_1                   0x0800018b   Thumb Code     0  libinit2.o(.ARM.Collect$$libinit$$00000023)
    __rt_lib_init_lc_ctype_1                 0x0800018b   Thumb Code     0  libinit2.o(.ARM.Collect$$libinit$$00000013)
    __rt_lib_init_lc_monetary_1              0x0800018b   Thumb Code     0  libinit2.o(.ARM.Collect$$libinit$$00000015)
    __rt_lib_init_lc_numeric_1               0x0800018b   Thumb Code     0  libinit2.o(.ARM.Collect$$libinit$$00000017)
    __rt_lib_init_lc_time_1                  0x0800018b   Thumb Code     0  libinit2.o(.ARM.Collect$$libinit$$00000019)
    __rt_lib_init_return                     0x0800018b   Thumb Code     0  libinit2.o(.ARM.Collect$$libinit$$00000033)
    __rt_lib_init_signal_1                   0x0800018b   Thumb Code     0  libinit2.o(.ARM.Collect$$libinit$$0000001D)
    __rt_lib_init_stdio_1                    0x0800018b   Thumb Code     0  libinit2.o(.ARM.Collect$$libinit$$00000025)
    __rt_lib_shutdown                        0x0800018d   Thumb Code     0  libshutdown.o(.ARM.Collect$$libshutdown$$00000000)
    __rt_lib_shutdown_cpp_1                  0x0800018f   Thumb Code     0  libshutdown2.o(.ARM.Collect$$libshutdown$$00000004)
    __rt_lib_shutdown_fini_1                 0x0800018f   Thumb Code     0  libshutdown2.o(.ARM.Collect$$libshutdown$$00000002)
    __rt_lib_shutdown_fp_trap_1              0x0800018f   Thumb Code     0  libshutdown2.o(.ARM.Collect$$libshutdown$$00000009)
    __rt_lib_shutdown_heap_1                 0x0800018f   Thumb Code     0  libshutdown2.o(.ARM.Collect$$libshutdown$$00000011)
    __rt_lib_shutdown_return                 0x0800018f   Thumb Code     0  libshutdown2.o(.ARM.Collect$$libshutdown$$00000012)
    __rt_lib_shutdown_signal_1               0x0800018f   Thumb Code     0  libshutdown2.o(.ARM.Collect$$libshutdown$$0000000C)
    __rt_lib_shutdown_stdio_1                0x0800018f   Thumb Code     0  libshutdown2.o(.ARM.Collect$$libshutdown$$00000006)
    __rt_lib_shutdown_user_alloc_1           0x0800018f   Thumb Code     0  libshutdown2.o(.ARM.Collect$$libshutdown$$0000000E)
    __rt_entry                               0x08000191   Thumb Code     0  __rtentry.o(.ARM.Collect$$rtentry$$00000000)
    __rt_entry_presh_1                       0x08000191   Thumb Code     0  __rtentry2.o(.ARM.Collect$$rtentry$$00000002)
    __rt_entry_sh                            0x08000191   Thumb Code     0  __rtentry4.o(.ARM.Collect$$rtentry$$00000004)
    __rt_entry_li                            0x08000197   Thumb Code     0  __rtentry2.o(.ARM.Collect$$rtentry$$0000000A)
    __rt_entry_postsh_1                      0x08000197   Thumb Code     0  __rtentry2.o(.ARM.Collect$$rtentry$$00000009)
    __rt_entry_main                          0x0800019b   Thumb Code     0  __rtentry2.o(.ARM.Collect$$rtentry$$0000000D)
    __rt_entry_postli_1                      0x0800019b   Thumb Code     0  __rtentry2.o(.ARM.Collect$$rtentry$$0000000C)
    __rt_exit                                0x080001a3   Thumb Code     0  rtexit.o(.ARM.Collect$$rtexit$$00000000)
    __rt_exit_ls                             0x080001a5   Thumb Code     0  rtexit2.o(.ARM.Collect$$rtexit$$00000003)
    __rt_exit_prels_1                        0x080001a5   Thumb Code     0  rtexit2.o(.ARM.Collect$$rtexit$$00000002)
    __rt_exit_exit                           0x080001a9   Thumb Code     0  rtexit2.o(.ARM.Collect$$rtexit$$00000004)
    Reset_Handler                            0x080001b1   Thumb Code     8  startup_stm32f103xb.o(.text)
    ADC1_2_IRQHandler                        0x080001cb   Thumb Code     0  startup_stm32f103xb.o(.text)
    CAN1_RX1_IRQHandler                      0x080001cb   Thumb Code     0  startup_stm32f103xb.o(.text)
    CAN1_SCE_IRQHandler                      0x080001cb   Thumb Code     0  startup_stm32f103xb.o(.text)
    DMA1_Channel1_IRQHandler                 0x080001cb   Thumb Code     0  startup_stm32f103xb.o(.text)
    DMA1_Channel2_IRQHandler                 0x080001cb   Thumb Code     0  startup_stm32f103xb.o(.text)
    DMA1_Channel3_IRQHandler                 0x080001cb   Thumb Code     0  startup_stm32f103xb.o(.text)
    DMA1_Channel4_IRQHandler                 0x080001cb   Thumb Code     0  startup_stm32f103xb.o(.text)
    DMA1_Channel5_IRQHandler                 0x080001cb   Thumb Code     0  startup_stm32f103xb.o(.text)
    DMA1_Channel6_IRQHandler                 0x080001cb   Thumb Code     0  startup_stm32f103xb.o(.text)
    DMA1_Channel7_IRQHandler                 0x080001cb   Thumb Code     0  startup_stm32f103xb.o(.text)
    EXTI0_IRQHandler                         0x080001cb   Thumb Code     0  startup_stm32f103xb.o(.text)
    EXTI15_10_IRQHandler                     0x080001cb   Thumb Code     0  startup_stm32f103xb.o(.text)
    EXTI1_IRQHandler                         0x080001cb   Thumb Code     0  startup_stm32f103xb.o(.text)
    EXTI2_IRQHandler                         0x080001cb   Thumb Code     0  startup_stm32f103xb.o(.text)
    EXTI3_IRQHandler                         0x080001cb   Thumb Code     0  startup_stm32f103xb.o(.text)
    EXTI4_IRQHandler                         0x080001cb   Thumb Code     0  startup_stm32f103xb.o(.text)
    EXTI9_5_IRQHandler                       0x080001cb   Thumb Code     0  startup_stm32f103xb.o(.text)
    FLASH_IRQHandler                         0x080001cb   Thumb Code     0  startup_stm32f103xb.o(.text)
    I2C1_ER_IRQHandler                       0x080001cb   Thumb Code     0  startup_stm32f103xb.o(.text)
    I2C1_EV_IRQHandler                       0x080001cb   Thumb Code     0  startup_stm32f103xb.o(.text)
    I2C2_ER_IRQHandler                       0x080001cb   Thumb Code     0  startup_stm32f103xb.o(.text)
    I2C2_EV_IRQHandler                       0x080001cb   Thumb Code     0  startup_stm32f103xb.o(.text)
    PVD_IRQHandler                           0x080001cb   Thumb Code     0  startup_stm32f103xb.o(.text)
    RCC_IRQHandler                           0x080001cb   Thumb Code     0  startup_stm32f103xb.o(.text)
    RTC_Alarm_IRQHandler                     0x080001cb   Thumb Code     0  startup_stm32f103xb.o(.text)
    RTC_IRQHandler                           0x080001cb   Thumb Code     0  startup_stm32f103xb.o(.text)
    SPI1_IRQHandler                          0x080001cb   Thumb Code     0  startup_stm32f103xb.o(.text)
    SPI2_IRQHandler                          0x080001cb   Thumb Code     0  startup_stm32f103xb.o(.text)
    TAMPER_IRQHandler                        0x080001cb   Thumb Code     0  startup_stm32f103xb.o(.text)
    TIM1_BRK_IRQHandler                      0x080001cb   Thumb Code     0  startup_stm32f103xb.o(.text)
    TIM1_CC_IRQHandler                       0x080001cb   Thumb Code     0  startup_stm32f103xb.o(.text)
    TIM1_TRG_COM_IRQHandler                  0x080001cb   Thumb Code     0  startup_stm32f103xb.o(.text)
    TIM2_IRQHandler                          0x080001cb   Thumb Code     0  startup_stm32f103xb.o(.text)
    TIM3_IRQHandler                          0x080001cb   Thumb Code     0  startup_stm32f103xb.o(.text)
    TIM4_IRQHandler                          0x080001cb   Thumb Code     0  startup_stm32f103xb.o(.text)
    USART1_IRQHandler                        0x080001cb   Thumb Code     0  startup_stm32f103xb.o(.text)
    USART3_IRQHandler                        0x080001cb   Thumb Code     0  startup_stm32f103xb.o(.text)
    USBWakeUp_IRQHandler                     0x080001cb   Thumb Code     0  startup_stm32f103xb.o(.text)
    USB_HP_CAN1_TX_IRQHandler                0x080001cb   Thumb Code     0  startup_stm32f103xb.o(.text)
    USB_LP_CAN1_RX0_IRQHandler               0x080001cb   Thumb Code     0  startup_stm32f103xb.o(.text)
    WWDG_IRQHandler                          0x080001cb   Thumb Code     0  startup_stm32f103xb.o(.text)
    __user_initial_stackheap                 0x080001cd   Thumb Code     0  startup_stm32f103xb.o(.text)
    __2sprintf                               0x080001f1   Thumb Code    38  __2sprintf.o(.text)
    __2snprintf                              0x0800021d   Thumb Code    50  __2snprintf.o(.text)
    _printf_pre_padding                      0x08000255   Thumb Code    44  _printf_pad.o(.text)
    _printf_post_padding                     0x08000281   Thumb Code    34  _printf_pad.o(.text)
    _printf_str                              0x080002a3   Thumb Code    82  _printf_str.o(.text)
    _printf_int_dec                          0x080002f5   Thumb Code   104  _printf_dec.o(.text)
    __printf                                 0x0800036d   Thumb Code   388  __printf_flags_ss_wp.o(.text)
    atoi                                     0x080004f5   Thumb Code    26  atoi.o(.text)
    strstr                                   0x0800050f   Thumb Code    36  strstr.o(.text)
    strcpy                                   0x08000533   Thumb Code    72  strcpy.o(.text)
    strlen                                   0x0800057b   Thumb Code    62  strlen.o(.text)
    __aeabi_memclr                           0x080005b9   Thumb Code     0  rt_memclr.o(.text)
    __rt_memclr                              0x080005b9   Thumb Code    68  rt_memclr.o(.text)
    _memset                                  0x080005bd   Thumb Code     0  rt_memclr.o(.text)
    __aeabi_memclr4                          0x080005fd   Thumb Code     0  rt_memclr_w.o(.text)
    __aeabi_memclr8                          0x080005fd   Thumb Code     0  rt_memclr_w.o(.text)
    __rt_memclr_w                            0x080005fd   Thumb Code    78  rt_memclr_w.o(.text)
    _memset_w                                0x08000601   Thumb Code     0  rt_memclr_w.o(.text)
    strncpy                                  0x0800064b   Thumb Code    86  strncpy.o(.text)
    __use_two_region_memory                  0x080006a1   Thumb Code     2  heapauxi.o(.text)
    __rt_heap_escrow$2region                 0x080006a3   Thumb Code     2  heapauxi.o(.text)
    __rt_heap_expand$2region                 0x080006a5   Thumb Code     2  heapauxi.o(.text)
    __aeabi_errno_addr                       0x080006a9   Thumb Code     8  rt_errno_addr_intlibspace.o(.text)
    __errno$intlibspace                      0x080006a9   Thumb Code     0  rt_errno_addr_intlibspace.o(.text)
    __rt_errno_addr$intlibspace              0x080006a9   Thumb Code     0  rt_errno_addr_intlibspace.o(.text)
    _printf_int_common                       0x080006b1   Thumb Code   178  _printf_intcommon.o(.text)
    _printf_char_common                      0x0800076f   Thumb Code    32  _printf_char_common.o(.text)
    _sputc                                   0x08000795   Thumb Code    10  _sputc.o(.text)
    _snputc                                  0x0800079f   Thumb Code    16  _snputc.o(.text)
    _printf_cs_common                        0x080007af   Thumb Code    20  _printf_char.o(.text)
    _printf_char                             0x080007c3   Thumb Code    16  _printf_char.o(.text)
    _printf_string                           0x080007d3   Thumb Code     8  _printf_char.o(.text)
    strtol                                   0x080007db   Thumb Code   112  strtol.o(.text)
    __user_libspace                          0x0800084d   Thumb Code     8  libspace.o(.text)
    __user_perproc_libspace                  0x0800084d   Thumb Code     0  libspace.o(.text)
    __user_perthread_libspace                0x0800084d   Thumb Code     0  libspace.o(.text)
    __rt_ctype_table                         0x08000855   Thumb Code    16  rt_ctype_table.o(.text)
    _strtoul                                 0x08000865   Thumb Code   158  _strtoul.o(.text)
    __user_setup_stackheap                   0x08000903   Thumb Code    74  sys_stackheap_outer.o(.text)
    __rt_locale                              0x0800094d   Thumb Code     8  rt_locale_intlibspace.o(.text)
    _chval                                   0x08000955   Thumb Code    28  _chval.o(.text)
    exit                                     0x08000971   Thumb Code    18  exit.o(.text)
    strcmp                                   0x08000985   Thumb Code   128  strcmpv7m.o(.text)
    _sys_exit                                0x08000a05   Thumb Code     8  sys_exit.o(.text)
    __I$use$semihosting                      0x08000a11   Thumb Code     0  use_no_semi.o(.text)
    __use_no_semihosting_swi                 0x08000a11   Thumb Code     2  use_no_semi.o(.text)
    __semihosting_library_function           0x08000a13   Thumb Code     0  indicate_semi.o(.text)
    ADC_ConversionStop_Disable               0x08000a15   Thumb Code    86  stm32f1xx_hal_adc.o(i.ADC_ConversionStop_Disable)
    ADC_Enable                               0x08000a6d   Thumb Code   114  stm32f1xx_hal_adc.o(i.ADC_Enable)
    Ali_MQTT_Publish_1                       0x08000ae9   Thumb Code     2  aliesp8266.o(i.Ali_MQTT_Publish_1)
    Ali_MQTT_Publish_2                       0x08000aed   Thumb Code   126  aliesp8266.o(i.Ali_MQTT_Publish_2)
    Ali_MQTT_Publish_Status                  0x08000b91   Thumb Code   146  aliesp8266.o(i.Ali_MQTT_Publish_Status)
    Ali_MQTT_Recevie                         0x08000c95   Thumb Code   636  aliesp8266.o(i.Ali_MQTT_Recevie)
    Ali_MQTT_Trigger_CryEvent                0x080011a1   Thumb Code   148  aliesp8266.o(i.Ali_MQTT_Trigger_CryEvent)
    BusFault_Handler                         0x08001285   Thumb Code     2  stm32f1xx_it.o(i.BusFault_Handler)
    Chiclet_Keyboard_Scan                    0x08001289   Thumb Code   148  key.o(i.Chiclet_Keyboard_Scan)
    DQ_IN                                    0x08001325   Thumb Code    26  ds18b20.o(i.DQ_IN)
    DQ_OUT                                   0x08001345   Thumb Code    28  ds18b20.o(i.DQ_OUT)
    DebugMon_Handler                         0x08001365   Thumb Code     2  stm32f1xx_it.o(i.DebugMon_Handler)
    Display_function                         0x08001369   Thumb Code   174  main.o(i.Display_function)
    Ds18b20_GPIO_Init                        0x08001469   Thumb Code    50  ds18b20.o(i.Ds18b20_GPIO_Init)
    Ds18b20_Init                             0x080014a5   Thumb Code    88  ds18b20.o(i.Ds18b20_Init)
    Ds18b20_Read_Temp                        0x08001501   Thumb Code    82  ds18b20.o(i.Ds18b20_Read_Temp)
    ESP8266LinkAp                            0x08001559   Thumb Code   226  aliesp8266.o(i.ESP8266LinkAp)
    ESP8266LinkloT                           0x080016ed   Thumb Code   558  aliesp8266.o(i.ESP8266LinkloT)
    ESP8266_Clear                            0x08001a89   Thumb Code    20  aliesp8266.o(i.ESP8266_Clear)
    ESP8266_SendCmd                          0x08001aa5   Thumb Code   132  aliesp8266.o(i.ESP8266_SendCmd)
    ESP8266_WaitRecive                       0x08001b35   Thumb Code    28  aliesp8266.o(i.ESP8266_WaitRecive)
    ESP8266_init                             0x08001b55   Thumb Code    24  aliesp8266.o(i.ESP8266_init)
    Error_Handler                            0x08001b75   Thumb Code     4  main.o(i.Error_Handler)
    HAL_ADC_ConfigChannel                    0x08001b79   Thumb Code   240  stm32f1xx_hal_adc.o(i.HAL_ADC_ConfigChannel)
    HAL_ADC_GetValue                         0x08001c75   Thumb Code     6  stm32f1xx_hal_adc.o(i.HAL_ADC_GetValue)
    HAL_ADC_Init                             0x08001c7d   Thumb Code   272  stm32f1xx_hal_adc.o(i.HAL_ADC_Init)
    HAL_ADC_MspInit                          0x08001d99   Thumb Code    76  adc.o(i.HAL_ADC_MspInit)
    HAL_ADC_PollForConversion                0x08001df1   Thumb Code   304  stm32f1xx_hal_adc.o(i.HAL_ADC_PollForConversion)
    HAL_ADC_Start                            0x08001f2d   Thumb Code   184  stm32f1xx_hal_adc.o(i.HAL_ADC_Start)
    HAL_ADC_Stop                             0x08001fed   Thumb Code    52  stm32f1xx_hal_adc.o(i.HAL_ADC_Stop)
    HAL_DMA_Abort                            0x08002021   Thumb Code    70  stm32f1xx_hal_dma.o(i.HAL_DMA_Abort)
    HAL_DMA_Abort_IT                         0x08002069   Thumb Code   148  stm32f1xx_hal_dma.o(i.HAL_DMA_Abort_IT)
    HAL_Delay                                0x08002101   Thumb Code    32  stm32f1xx_hal.o(i.HAL_Delay)
    HAL_GPIO_Init                            0x08002125   Thumb Code   446  stm32f1xx_hal_gpio.o(i.HAL_GPIO_Init)
    HAL_GPIO_ReadPin                         0x08002305   Thumb Code    10  stm32f1xx_hal_gpio.o(i.HAL_GPIO_ReadPin)
    HAL_GPIO_WritePin                        0x0800230f   Thumb Code    10  stm32f1xx_hal_gpio.o(i.HAL_GPIO_WritePin)
    HAL_GetTick                              0x08002319   Thumb Code     6  stm32f1xx_hal.o(i.HAL_GetTick)
    HAL_IncTick                              0x08002325   Thumb Code    12  stm32f1xx_hal.o(i.HAL_IncTick)
    HAL_Init                                 0x08002335   Thumb Code    32  stm32f1xx_hal.o(i.HAL_Init)
    HAL_InitTick                             0x08002359   Thumb Code    54  stm32f1xx_hal.o(i.HAL_InitTick)
    HAL_MspInit                              0x08002399   Thumb Code    52  stm32f1xx_hal_msp.o(i.HAL_MspInit)
    HAL_NVIC_EnableIRQ                       0x080023d5   Thumb Code    26  stm32f1xx_hal_cortex.o(i.HAL_NVIC_EnableIRQ)
    HAL_NVIC_SetPriority                     0x080023f1   Thumb Code    60  stm32f1xx_hal_cortex.o(i.HAL_NVIC_SetPriority)
    HAL_NVIC_SetPriorityGrouping             0x08002431   Thumb Code    26  stm32f1xx_hal_cortex.o(i.HAL_NVIC_SetPriorityGrouping)
    HAL_RCCEx_GetPeriphCLKFreq               0x08002455   Thumb Code   166  stm32f1xx_hal_rcc_ex.o(i.HAL_RCCEx_GetPeriphCLKFreq)
    HAL_RCCEx_PeriphCLKConfig                0x0800251d   Thumb Code   224  stm32f1xx_hal_rcc_ex.o(i.HAL_RCCEx_PeriphCLKConfig)
    HAL_RCC_ClockConfig                      0x08002609   Thumb Code   280  stm32f1xx_hal_rcc.o(i.HAL_RCC_ClockConfig)
    HAL_RCC_GetPCLK1Freq                     0x08002735   Thumb Code    20  stm32f1xx_hal_rcc.o(i.HAL_RCC_GetPCLK1Freq)
    HAL_RCC_GetPCLK2Freq                     0x08002755   Thumb Code    20  stm32f1xx_hal_rcc.o(i.HAL_RCC_GetPCLK2Freq)
    HAL_RCC_GetSysClockFreq                  0x08002775   Thumb Code    74  stm32f1xx_hal_rcc.o(i.HAL_RCC_GetSysClockFreq)
    HAL_RCC_OscConfig                        0x080027e1   Thumb Code   778  stm32f1xx_hal_rcc.o(i.HAL_RCC_OscConfig)
    HAL_SYSTICK_Config                       0x08002b01   Thumb Code    40  stm32f1xx_hal_cortex.o(i.HAL_SYSTICK_Config)
    HAL_TIMEx_BreakCallback                  0x08002b29   Thumb Code     2  stm32f1xx_hal_tim_ex.o(i.HAL_TIMEx_BreakCallback)
    HAL_TIMEx_CommutCallback                 0x08002b2b   Thumb Code     2  stm32f1xx_hal_tim_ex.o(i.HAL_TIMEx_CommutCallback)
    HAL_TIMEx_MasterConfigSynchronization    0x08002b2d   Thumb Code    92  stm32f1xx_hal_tim_ex.o(i.HAL_TIMEx_MasterConfigSynchronization)
    HAL_TIM_Base_Init                        0x08002b95   Thumb Code    90  stm32f1xx_hal_tim.o(i.HAL_TIM_Base_Init)
    HAL_TIM_Base_MspInit                     0x08002bf1   Thumb Code    50  tim.o(i.HAL_TIM_Base_MspInit)
    HAL_TIM_Base_Start_IT                    0x08002c2d   Thumb Code    76  stm32f1xx_hal_tim.o(i.HAL_TIM_Base_Start_IT)
    HAL_TIM_ConfigClockSource                0x08002c85   Thumb Code   214  stm32f1xx_hal_tim.o(i.HAL_TIM_ConfigClockSource)
    HAL_TIM_IC_CaptureCallback               0x08002d5b   Thumb Code     2  stm32f1xx_hal_tim.o(i.HAL_TIM_IC_CaptureCallback)
    HAL_TIM_IRQHandler                       0x08002d5d   Thumb Code   358  stm32f1xx_hal_tim.o(i.HAL_TIM_IRQHandler)
    HAL_TIM_OC_DelayElapsedCallback          0x08002ec3   Thumb Code     2  stm32f1xx_hal_tim.o(i.HAL_TIM_OC_DelayElapsedCallback)
    HAL_TIM_PWM_PulseFinishedCallback        0x08002ec5   Thumb Code     2  stm32f1xx_hal_tim.o(i.HAL_TIM_PWM_PulseFinishedCallback)
    HAL_TIM_PeriodElapsedCallback            0x08002ec9   Thumb Code   172  main.o(i.HAL_TIM_PeriodElapsedCallback)
    HAL_TIM_TriggerCallback                  0x08002f85   Thumb Code     2  stm32f1xx_hal_tim.o(i.HAL_TIM_TriggerCallback)
    HAL_UARTEx_RxEventCallback               0x08002f87   Thumb Code     2  stm32f1xx_hal_uart.o(i.HAL_UARTEx_RxEventCallback)
    HAL_UART_ErrorCallback                   0x08002f89   Thumb Code     2  stm32f1xx_hal_uart.o(i.HAL_UART_ErrorCallback)
    HAL_UART_IRQHandler                      0x08002f8d   Thumb Code   520  stm32f1xx_hal_uart.o(i.HAL_UART_IRQHandler)
    HAL_UART_Init                            0x08003199   Thumb Code    98  stm32f1xx_hal_uart.o(i.HAL_UART_Init)
    HAL_UART_MspInit                         0x080031fd   Thumb Code   114  usart.o(i.HAL_UART_MspInit)
    HAL_UART_Receive_IT                      0x0800327d   Thumb Code    42  stm32f1xx_hal_uart.o(i.HAL_UART_Receive_IT)
    HAL_UART_RxCpltCallback                  0x080032a9   Thumb Code    52  main.o(i.HAL_UART_RxCpltCallback)
    HAL_UART_Transmit                        0x080032ed   Thumb Code   178  stm32f1xx_hal_uart.o(i.HAL_UART_Transmit)
    HAL_UART_TxCpltCallback                  0x0800339f   Thumb Code     2  stm32f1xx_hal_uart.o(i.HAL_UART_TxCpltCallback)
    HardFault_Handler                        0x080033a1   Thumb Code     2  stm32f1xx_it.o(i.HardFault_Handler)
    Key_function                             0x080033a5   Thumb Code    70  main.o(i.Key_function)
    MX_ADC1_Init                             0x080033f1   Thumb Code    72  adc.o(i.MX_ADC1_Init)
    MX_GPIO_Init                             0x08003441   Thumb Code   166  gpio.o(i.MX_GPIO_Init)
    MX_TIM1_Init                             0x080034f5   Thumb Code    96  tim.o(i.MX_TIM1_Init)
    MX_USART2_UART_Init                      0x0800355d   Thumb Code    48  usart.o(i.MX_USART2_UART_Init)
    MemManage_Handler                        0x08003595   Thumb Code     2  stm32f1xx_it.o(i.MemManage_Handler)
    Monitor_function                         0x08003599   Thumb Code   322  main.o(i.Monitor_function)
    NMI_Handler                              0x080036f5   Thumb Code     2  stm32f1xx_it.o(i.NMI_Handler)
    OLED_Clear                               0x080036f7   Thumb Code    52  oled_new.o(i.OLED_Clear)
    OLED_GPIO_Init                           0x0800372d   Thumb Code    86  oled_new.o(i.OLED_GPIO_Init)
    OLED_IIC_Start                           0x0800378d   Thumb Code    70  oled_new.o(i.OLED_IIC_Start)
    OLED_IIC_Stop                            0x080037d9   Thumb Code    54  oled_new.o(i.OLED_IIC_Stop)
    OLED_Init                                0x08003815   Thumb Code   186  oled_new.o(i.OLED_Init)
    OLED_Set_Pos                             0x080038cf   Thumb Code    38  oled_new.o(i.OLED_Set_Pos)
    OLED_ShowNum                             0x080038f5   Thumb Code    94  oled_new.o(i.OLED_ShowNum)
    OLED_Show_Temp                           0x08003955   Thumb Code   120  oled_new.o(i.OLED_Show_Temp)
    OLED_Write_IIC_Byte                      0x080039d5   Thumb Code   146  oled_new.o(i.OLED_Write_IIC_Byte)
    OLED_write_iic_com                       0x08003a6d   Thumb Code    34  oled_new.o(i.OLED_write_iic_com)
    OLED_write_iic_dat                       0x08003a8f   Thumb Code    34  oled_new.o(i.OLED_write_iic_dat)
    Oled_ShowCHinese                         0x08003ab1   Thumb Code   126  oled_new.o(i.Oled_ShowCHinese)
    Oled_ShowChar                            0x08003b35   Thumb Code    70  oled_new.o(i.Oled_ShowChar)
    Oled_ShowString                          0x08003b81   Thumb Code    48  oled_new.o(i.Oled_ShowString)
    PendSV_Handler                           0x08003bb1   Thumb Code     2  stm32f1xx_it.o(i.PendSV_Handler)
    SVC_Handler                              0x08003bb3   Thumb Code     2  stm32f1xx_it.o(i.SVC_Handler)
    SysTick_Handler                          0x08003bb5   Thumb Code     4  stm32f1xx_it.o(i.SysTick_Handler)
    SystemClock_Config                       0x08003bb9   Thumb Code   120  main.o(i.SystemClock_Config)
    SystemInit                               0x08003c31   Thumb Code     2  system_stm32f1xx.o(i.SystemInit)
    TIM1_UP_IRQHandler                       0x08003c35   Thumb Code     6  stm32f1xx_it.o(i.TIM1_UP_IRQHandler)
    TIM_Base_SetConfig                       0x08003c41   Thumb Code    94  stm32f1xx_hal_tim.o(i.TIM_Base_SetConfig)
    TIM_ETR_SetConfig                        0x08003cad   Thumb Code    20  stm32f1xx_hal_tim.o(i.TIM_ETR_SetConfig)
    UART_Start_Receive_IT                    0x08003ec5   Thumb Code    54  stm32f1xx_hal_uart.o(i.UART_Start_Receive_IT)
    USART2_IRQHandler                        0x08003f61   Thumb Code     6  stm32f1xx_it.o(i.USART2_IRQHandler)
    UsageFault_Handler                       0x08003f6d   Thumb Code     2  stm32f1xx_it.o(i.UsageFault_Handler)
    Usart_SendString                         0x08003f71   Thumb Code    14  aliesp8266.o(i.Usart_SendString)
    _is_digit                                0x08003fa5   Thumb Code    14  __printf_wp.o(i._is_digit)
    delay_us                                 0x08003fb3   Thumb Code    66  delay.o(i.delay_us)
    main                                     0x08003ff5   Thumb Code    78  main.o(i.main)
    oled_pow                                 0x08004051   Thumb Code    16  oled_new.o(i.oled_pow)
    read_18b20                               0x08004061   Thumb Code    84  ds18b20.o(i.read_18b20)
    write_18b20                              0x080040b9   Thumb Code    82  ds18b20.o(i.write_18b20)
    _get_lc_ctype                            0x08004111   Thumb Code    44  lc_ctype_c.o(locale$$code)
    __aeabi_ddiv                             0x0800413d   Thumb Code     0  ddiv.o(x$fpl$ddiv)
    _ddiv                                    0x0800413d   Thumb Code   552  ddiv.o(x$fpl$ddiv)
    __aeabi_d2uiz                            0x080043ed   Thumb Code     0  dfixu.o(x$fpl$dfixu)
    _dfixu                                   0x080043ed   Thumb Code    90  dfixu.o(x$fpl$dfixu)
    __aeabi_ui2d                             0x08004447   Thumb Code     0  dflt_clz.o(x$fpl$dfltu)
    _dfltu                                   0x08004447   Thumb Code    38  dflt_clz.o(x$fpl$dfltu)
    __aeabi_dmul                             0x0800446d   Thumb Code     0  dmul.o(x$fpl$dmul)
    _dmul                                    0x0800446d   Thumb Code   332  dmul.o(x$fpl$dmul)
    __fpl_dnaninf                            0x080045c1   Thumb Code   156  dnaninf.o(x$fpl$dnaninf)
    __fpl_dretinf                            0x0800465d   Thumb Code    12  dretinf.o(x$fpl$dretinf)
    Motor_Buf                                0x08004668   Data           8  main.o(.constdata)
    __I$use$fp                               0x08004668   Number         0  usenofp.o(x$fpl$usenofp)
    AHBPrescTable                            0x08004670   Data          16  system_stm32f1xx.o(.constdata)
    APBPrescTable                            0x08004680   Data           8  system_stm32f1xx.o(.constdata)
    Hzk                                      0x08004688   Data         918  oled_new.o(.constdata)
    F8X16                                    0x08004a1e   Data        1520  oled_new.o(.constdata)
    QRCode_HEX                               0x0800500e   Data         512  oled_new.o(.constdata)
    ZiMo_64X64                               0x0800520e   Data        2560  oled_new.o(.constdata)
    Region$$Table$$Base                      0x08005cf0   Number         0  anon$$obj.o(Region$$Table)
    Region$$Table$$Limit                     0x08005d10   Number         0  anon$$obj.o(Region$$Table)
    __ctype                                  0x08005d1d   Data           0  lc_ctype_c.o(locale$$data)
    key_num                                  0x20000000   Data           1  main.o(.data)
    Motor_Status                             0x20000001   Data           1  main.o(.data)
    flag_moto                                0x20000002   Data           1  main.o(.data)
    mode                                     0x20000003   Data           1  main.o(.data)
    hot_flag                                 0x20000004   Data           1  main.o(.data)
    fan_flag                                 0x20000005   Data           1  main.o(.data)
    crib_flag                                0x20000006   Data           1  main.o(.data)
    beep_temp                                0x20000007   Data           1  main.o(.data)
    beep_humi                                0x20000008   Data           1  main.o(.data)
    time_1ms                                 0x2000000a   Data           2  main.o(.data)
    time_500ms                               0x2000000c   Data           2  main.o(.data)
    Motor_Num                                0x2000000e   Data           2  main.o(.data)
    Motor_Time                               0x20000010   Data           2  main.o(.data)
    body_temp                                0x20000012   Data           2  main.o(.data)
    adc_value                                0x20000014   Data           2  main.o(.data)
    humi                                     0x20000016   Data           2  main.o(.data)
    time_1                                   0x20000018   Data           2  main.o(.data)
    flag_1                                   0x2000001a   Data           2  main.o(.data)
    time_2                                   0x2000001c   Data           2  main.o(.data)
    flag_2                                   0x2000001e   Data           2  main.o(.data)
    uwTickFreq                               0x20000020   Data           1  stm32f1xx_hal.o(.data)
    uwTickPrio                               0x20000024   Data           4  stm32f1xx_hal.o(.data)
    uwTick                                   0x20000028   Data           4  stm32f1xx_hal.o(.data)
    SystemCoreClock                          0x2000002c   Data           4  system_stm32f1xx.o(.data)
    chiclet_keyboard_num                     0x20000030   Data           1  key.o(.data)
    music_flag                               0x20000034   Data           1  aliesp8266.o(.data)
    music_app_override                       0x20000035   Data           1  aliesp8266.o(.data)
    uartwifi_value                           0x20000038   Data           1  aliesp8266.o(.data)
    ESP8266_cnt                              0x20000040   Data           2  aliesp8266.o(.data)
    ESP8266_cntPre                           0x20000042   Data           2  aliesp8266.o(.data)
    hadc1                                    0x20000050   Data          48  adc.o(.bss)
    htim1                                    0x20000080   Data          72  tim.o(.bss)
    huart2                                   0x200000c8   Data          68  usart.o(.bss)
    ESP8266_buf                              0x2000010c   Data        1024  aliesp8266.o(.bss)
    USARTWIFI_TX_BUF                         0x2000050c   Data        1024  aliesp8266.o(.bss)
    __libspace_start                         0x20000a8c   Data          96  libspace.o(.bss)
    __temporary_stack_top$libspace           0x20000aec   Data           0  libspace.o(.bss)



==============================================================================

Memory Map of the image

  Image Entry point : 0x080000ed

  Load Region LR_IROM1 (Base: 0x08000000, Size: 0x00005e70, Max: 0x00010000, ABSOLUTE)

    Execution Region ER_IROM1 (Base: 0x08000000, Size: 0x00005e20, Max: 0x00010000, ABSOLUTE)

    Base Addr    Size         Type   Attr      Idx    E Section Name        Object

    0x08000000   0x000000ec   Data   RO            3    RESET               startup_stm32f103xb.o
    0x080000ec   0x00000008   Code   RO         3582  * !!!main             c_w.l(__main.o)
    0x080000f4   0x00000034   Code   RO         3798    !!!scatter          c_w.l(__scatter.o)
    0x08000128   0x0000001a   Code   RO         3800    !!handler_copy      c_w.l(__scatter_copy.o)
    0x08000142   0x00000002   PAD
    0x08000144   0x0000001c   Code   RO         3802    !!handler_zi        c_w.l(__scatter_zi.o)
    0x08000160   0x00000000   Code   RO         3565    .ARM.Collect$$_printf_percent$$00000000  c_w.l(_printf_percent.o)
    0x08000160   0x00000006   Code   RO         3563    .ARM.Collect$$_printf_percent$$00000009  c_w.l(_printf_d.o)
    0x08000166   0x00000006   Code   RO         3564    .ARM.Collect$$_printf_percent$$0000000A  c_w.l(_printf_u.o)
    0x0800016c   0x00000006   Code   RO         3562    .ARM.Collect$$_printf_percent$$00000014  c_w.l(_printf_s.o)
    0x08000172   0x00000004   Code   RO         3616    .ARM.Collect$$_printf_percent$$00000017  c_w.l(_printf_percent_end.o)
    0x08000176   0x00000002   Code   RO         3667    .ARM.Collect$$libinit$$00000000  c_w.l(libinit.o)
    0x08000178   0x00000000   Code   RO         3673    .ARM.Collect$$libinit$$00000002  c_w.l(libinit2.o)
    0x08000178   0x00000000   Code   RO         3675    .ARM.Collect$$libinit$$00000004  c_w.l(libinit2.o)
    0x08000178   0x00000000   Code   RO         3678    .ARM.Collect$$libinit$$0000000A  c_w.l(libinit2.o)
    0x08000178   0x00000000   Code   RO         3680    .ARM.Collect$$libinit$$0000000C  c_w.l(libinit2.o)
    0x08000178   0x00000000   Code   RO         3682    .ARM.Collect$$libinit$$0000000E  c_w.l(libinit2.o)
    0x08000178   0x00000006   Code   RO         3683    .ARM.Collect$$libinit$$0000000F  c_w.l(libinit2.o)
    0x0800017e   0x00000000   Code   RO         3685    .ARM.Collect$$libinit$$00000011  c_w.l(libinit2.o)
    0x0800017e   0x0000000c   Code   RO         3686    .ARM.Collect$$libinit$$00000012  c_w.l(libinit2.o)
    0x0800018a   0x00000000   Code   RO         3687    .ARM.Collect$$libinit$$00000013  c_w.l(libinit2.o)
    0x0800018a   0x00000000   Code   RO         3689    .ARM.Collect$$libinit$$00000015  c_w.l(libinit2.o)
    0x0800018a   0x00000000   Code   RO         3691    .ARM.Collect$$libinit$$00000017  c_w.l(libinit2.o)
    0x0800018a   0x00000000   Code   RO         3693    .ARM.Collect$$libinit$$00000019  c_w.l(libinit2.o)
    0x0800018a   0x00000000   Code   RO         3695    .ARM.Collect$$libinit$$0000001B  c_w.l(libinit2.o)
    0x0800018a   0x00000000   Code   RO         3697    .ARM.Collect$$libinit$$0000001D  c_w.l(libinit2.o)
    0x0800018a   0x00000000   Code   RO         3699    .ARM.Collect$$libinit$$0000001F  c_w.l(libinit2.o)
    0x0800018a   0x00000000   Code   RO         3701    .ARM.Collect$$libinit$$00000021  c_w.l(libinit2.o)
    0x0800018a   0x00000000   Code   RO         3703    .ARM.Collect$$libinit$$00000023  c_w.l(libinit2.o)
    0x0800018a   0x00000000   Code   RO         3705    .ARM.Collect$$libinit$$00000025  c_w.l(libinit2.o)
    0x0800018a   0x00000000   Code   RO         3709    .ARM.Collect$$libinit$$0000002C  c_w.l(libinit2.o)
    0x0800018a   0x00000000   Code   RO         3711    .ARM.Collect$$libinit$$0000002E  c_w.l(libinit2.o)
    0x0800018a   0x00000000   Code   RO         3713    .ARM.Collect$$libinit$$00000030  c_w.l(libinit2.o)
    0x0800018a   0x00000000   Code   RO         3715    .ARM.Collect$$libinit$$00000032  c_w.l(libinit2.o)
    0x0800018a   0x00000002   Code   RO         3716    .ARM.Collect$$libinit$$00000033  c_w.l(libinit2.o)
    0x0800018c   0x00000002   Code   RO         3736    .ARM.Collect$$libshutdown$$00000000  c_w.l(libshutdown.o)
    0x0800018e   0x00000000   Code   RO         3749    .ARM.Collect$$libshutdown$$00000002  c_w.l(libshutdown2.o)
    0x0800018e   0x00000000   Code   RO         3751    .ARM.Collect$$libshutdown$$00000004  c_w.l(libshutdown2.o)
    0x0800018e   0x00000000   Code   RO         3753    .ARM.Collect$$libshutdown$$00000006  c_w.l(libshutdown2.o)
    0x0800018e   0x00000000   Code   RO         3756    .ARM.Collect$$libshutdown$$00000009  c_w.l(libshutdown2.o)
    0x0800018e   0x00000000   Code   RO         3759    .ARM.Collect$$libshutdown$$0000000C  c_w.l(libshutdown2.o)
    0x0800018e   0x00000000   Code   RO         3761    .ARM.Collect$$libshutdown$$0000000E  c_w.l(libshutdown2.o)
    0x0800018e   0x00000000   Code   RO         3764    .ARM.Collect$$libshutdown$$00000011  c_w.l(libshutdown2.o)
    0x0800018e   0x00000002   Code   RO         3765    .ARM.Collect$$libshutdown$$00000012  c_w.l(libshutdown2.o)
    0x08000190   0x00000000   Code   RO         3600    .ARM.Collect$$rtentry$$00000000  c_w.l(__rtentry.o)
    0x08000190   0x00000000   Code   RO         3628    .ARM.Collect$$rtentry$$00000002  c_w.l(__rtentry2.o)
    0x08000190   0x00000006   Code   RO         3640    .ARM.Collect$$rtentry$$00000004  c_w.l(__rtentry4.o)
    0x08000196   0x00000000   Code   RO         3630    .ARM.Collect$$rtentry$$00000009  c_w.l(__rtentry2.o)
    0x08000196   0x00000004   Code   RO         3631    .ARM.Collect$$rtentry$$0000000A  c_w.l(__rtentry2.o)
    0x0800019a   0x00000000   Code   RO         3633    .ARM.Collect$$rtentry$$0000000C  c_w.l(__rtentry2.o)
    0x0800019a   0x00000008   Code   RO         3634    .ARM.Collect$$rtentry$$0000000D  c_w.l(__rtentry2.o)
    0x080001a2   0x00000002   Code   RO         3668    .ARM.Collect$$rtexit$$00000000  c_w.l(rtexit.o)
    0x080001a4   0x00000000   Code   RO         3718    .ARM.Collect$$rtexit$$00000002  c_w.l(rtexit2.o)
    0x080001a4   0x00000004   Code   RO         3719    .ARM.Collect$$rtexit$$00000003  c_w.l(rtexit2.o)
    0x080001a8   0x00000006   Code   RO         3720    .ARM.Collect$$rtexit$$00000004  c_w.l(rtexit2.o)
    0x080001ae   0x00000002   PAD
    0x080001b0   0x00000040   Code   RO            4    .text               startup_stm32f103xb.o
    0x080001f0   0x0000002c   Code   RO         3526    .text               c_w.l(__2sprintf.o)
    0x0800021c   0x00000038   Code   RO         3528    .text               c_w.l(__2snprintf.o)
    0x08000254   0x0000004e   Code   RO         3536    .text               c_w.l(_printf_pad.o)
    0x080002a2   0x00000052   Code   RO         3538    .text               c_w.l(_printf_str.o)
    0x080002f4   0x00000078   Code   RO         3540    .text               c_w.l(_printf_dec.o)
    0x0800036c   0x00000188   Code   RO         3559    .text               c_w.l(__printf_flags_ss_wp.o)
    0x080004f4   0x0000001a   Code   RO         3566    .text               c_w.l(atoi.o)
    0x0800050e   0x00000024   Code   RO         3568    .text               c_w.l(strstr.o)
    0x08000532   0x00000048   Code   RO         3570    .text               c_w.l(strcpy.o)
    0x0800057a   0x0000003e   Code   RO         3572    .text               c_w.l(strlen.o)
    0x080005b8   0x00000044   Code   RO         3574    .text               c_w.l(rt_memclr.o)
    0x080005fc   0x0000004e   Code   RO         3576    .text               c_w.l(rt_memclr_w.o)
    0x0800064a   0x00000056   Code   RO         3578    .text               c_w.l(strncpy.o)
    0x080006a0   0x00000006   Code   RO         3580    .text               c_w.l(heapauxi.o)
    0x080006a6   0x00000002   PAD
    0x080006a8   0x00000008   Code   RO         3604    .text               c_w.l(rt_errno_addr_intlibspace.o)
    0x080006b0   0x000000b2   Code   RO         3606    .text               c_w.l(_printf_intcommon.o)
    0x08000762   0x00000002   PAD
    0x08000764   0x00000030   Code   RO         3608    .text               c_w.l(_printf_char_common.o)
    0x08000794   0x0000000a   Code   RO         3610    .text               c_w.l(_sputc.o)
    0x0800079e   0x00000010   Code   RO         3612    .text               c_w.l(_snputc.o)
    0x080007ae   0x0000002c   Code   RO         3614    .text               c_w.l(_printf_char.o)
    0x080007da   0x00000070   Code   RO         3617    .text               c_w.l(strtol.o)
    0x0800084a   0x00000002   PAD
    0x0800084c   0x00000008   Code   RO         3624    .text               c_w.l(libspace.o)
    0x08000854   0x00000010   Code   RO         3642    .text               c_w.l(rt_ctype_table.o)
    0x08000864   0x0000009e   Code   RO         3646    .text               c_w.l(_strtoul.o)
    0x08000902   0x0000004a   Code   RO         3648    .text               c_w.l(sys_stackheap_outer.o)
    0x0800094c   0x00000008   Code   RO         3653    .text               c_w.l(rt_locale_intlibspace.o)
    0x08000954   0x0000001c   Code   RO         3655    .text               c_w.l(_chval.o)
    0x08000970   0x00000012   Code   RO         3660    .text               c_w.l(exit.o)
    0x08000982   0x00000002   PAD
    0x08000984   0x00000080   Code   RO         3670    .text               c_w.l(strcmpv7m.o)
    0x08000a04   0x0000000c   Code   RO         3728    .text               c_w.l(sys_exit.o)
    0x08000a10   0x00000002   Code   RO         3739    .text               c_w.l(use_no_semi.o)
    0x08000a12   0x00000000   Code   RO         3741    .text               c_w.l(indicate_semi.o)
    0x08000a12   0x00000002   PAD
    0x08000a14   0x00000056   Code   RO          526    i.ADC_ConversionStop_Disable  stm32f1xx_hal_adc.o
    0x08000a6a   0x00000002   PAD
    0x08000a6c   0x0000007c   Code   RO          530    i.ADC_Enable        stm32f1xx_hal_adc.o
    0x08000ae8   0x00000002   Code   RO         3354    i.Ali_MQTT_Publish_1  aliesp8266.o
    0x08000aea   0x00000002   PAD
    0x08000aec   0x000000a4   Code   RO         3355    i.Ali_MQTT_Publish_2  aliesp8266.o
    0x08000b90   0x00000104   Code   RO         3356    i.Ali_MQTT_Publish_Status  aliesp8266.o
    0x08000c94   0x0000050c   Code   RO         3357    i.Ali_MQTT_Recevie  aliesp8266.o
    0x080011a0   0x000000e4   Code   RO         3358    i.Ali_MQTT_Trigger_CryEvent  aliesp8266.o
    0x08001284   0x00000002   Code   RO          378    i.BusFault_Handler  stm32f1xx_it.o
    0x08001286   0x00000002   PAD
    0x08001288   0x0000009c   Code   RO         3169    i.Chiclet_Keyboard_Scan  key.o
    0x08001324   0x00000020   Code   RO         3466    i.DQ_IN             ds18b20.o
    0x08001344   0x00000020   Code   RO         3467    i.DQ_OUT            ds18b20.o
    0x08001364   0x00000002   Code   RO          379    i.DebugMon_Handler  stm32f1xx_it.o
    0x08001366   0x00000002   PAD
    0x08001368   0x00000100   Code   RO           13    i.Display_function  main.o
    0x08001468   0x0000003c   Code   RO         3468    i.Ds18b20_GPIO_Init  ds18b20.o
    0x080014a4   0x0000005c   Code   RO         3469    i.Ds18b20_Init      ds18b20.o
    0x08001500   0x00000058   Code   RO         3470    i.Ds18b20_Read_Temp  ds18b20.o
    0x08001558   0x00000194   Code   RO         3359    i.ESP8266LinkAp     aliesp8266.o
    0x080016ec   0x0000039c   Code   RO         3360    i.ESP8266LinkloT    aliesp8266.o
    0x08001a88   0x0000001c   Code   RO         3361    i.ESP8266_Clear     aliesp8266.o
    0x08001aa4   0x00000090   Code   RO         3363    i.ESP8266_SendCmd   aliesp8266.o
    0x08001b34   0x00000020   Code   RO         3365    i.ESP8266_WaitRecive  aliesp8266.o
    0x08001b54   0x00000020   Code   RO         3366    i.ESP8266_init      aliesp8266.o
    0x08001b74   0x00000004   Code   RO           14    i.Error_Handler     main.o
    0x08001b78   0x000000fc   Code   RO          532    i.HAL_ADC_ConfigChannel  stm32f1xx_hal_adc.o
    0x08001c74   0x00000006   Code   RO          539    i.HAL_ADC_GetValue  stm32f1xx_hal_adc.o
    0x08001c7a   0x00000002   PAD
    0x08001c7c   0x0000011c   Code   RO          541    i.HAL_ADC_Init      stm32f1xx_hal_adc.o
    0x08001d98   0x00000058   Code   RO          253    i.HAL_ADC_MspInit   adc.o
    0x08001df0   0x0000013c   Code   RO          545    i.HAL_ADC_PollForConversion  stm32f1xx_hal_adc.o
    0x08001f2c   0x000000c0   Code   RO          547    i.HAL_ADC_Start     stm32f1xx_hal_adc.o
    0x08001fec   0x00000034   Code   RO          550    i.HAL_ADC_Stop      stm32f1xx_hal_adc.o
    0x08002020   0x00000046   Code   RO         1181    i.HAL_DMA_Abort     stm32f1xx_hal_dma.o
    0x08002066   0x00000002   PAD
    0x08002068   0x00000098   Code   RO         1182    i.HAL_DMA_Abort_IT  stm32f1xx_hal_dma.o
    0x08002100   0x00000024   Code   RO          809    i.HAL_Delay         stm32f1xx_hal.o
    0x08002124   0x000001e0   Code   RO         1117    i.HAL_GPIO_Init     stm32f1xx_hal_gpio.o
    0x08002304   0x0000000a   Code   RO         1119    i.HAL_GPIO_ReadPin  stm32f1xx_hal_gpio.o
    0x0800230e   0x0000000a   Code   RO         1121    i.HAL_GPIO_WritePin  stm32f1xx_hal_gpio.o
    0x08002318   0x0000000c   Code   RO          813    i.HAL_GetTick       stm32f1xx_hal.o
    0x08002324   0x00000010   Code   RO          819    i.HAL_IncTick       stm32f1xx_hal.o
    0x08002334   0x00000024   Code   RO          820    i.HAL_Init          stm32f1xx_hal.o
    0x08002358   0x00000040   Code   RO          821    i.HAL_InitTick      stm32f1xx_hal.o
    0x08002398   0x0000003c   Code   RO          466    i.HAL_MspInit       stm32f1xx_hal_msp.o
    0x080023d4   0x0000001a   Code   RO         1277    i.HAL_NVIC_EnableIRQ  stm32f1xx_hal_cortex.o
    0x080023ee   0x00000002   PAD
    0x080023f0   0x00000040   Code   RO         1283    i.HAL_NVIC_SetPriority  stm32f1xx_hal_cortex.o
    0x08002430   0x00000024   Code   RO         1284    i.HAL_NVIC_SetPriorityGrouping  stm32f1xx_hal_cortex.o
    0x08002454   0x000000c8   Code   RO         1079    i.HAL_RCCEx_GetPeriphCLKFreq  stm32f1xx_hal_rcc_ex.o
    0x0800251c   0x000000ec   Code   RO         1080    i.HAL_RCCEx_PeriphCLKConfig  stm32f1xx_hal_rcc_ex.o
    0x08002608   0x0000012c   Code   RO          977    i.HAL_RCC_ClockConfig  stm32f1xx_hal_rcc.o
    0x08002734   0x00000020   Code   RO          984    i.HAL_RCC_GetPCLK1Freq  stm32f1xx_hal_rcc.o
    0x08002754   0x00000020   Code   RO          985    i.HAL_RCC_GetPCLK2Freq  stm32f1xx_hal_rcc.o
    0x08002774   0x0000006c   Code   RO          986    i.HAL_RCC_GetSysClockFreq  stm32f1xx_hal_rcc.o
    0x080027e0   0x00000320   Code   RO          989    i.HAL_RCC_OscConfig  stm32f1xx_hal_rcc.o
    0x08002b00   0x00000028   Code   RO         1288    i.HAL_SYSTICK_Config  stm32f1xx_hal_cortex.o
    0x08002b28   0x00000002   Code   RO         2483    i.HAL_TIMEx_BreakCallback  stm32f1xx_hal_tim_ex.o
    0x08002b2a   0x00000002   Code   RO         2484    i.HAL_TIMEx_CommutCallback  stm32f1xx_hal_tim_ex.o
    0x08002b2c   0x00000068   Code   RO         2502    i.HAL_TIMEx_MasterConfigSynchronization  stm32f1xx_hal_tim_ex.o
    0x08002b94   0x0000005a   Code   RO         1779    i.HAL_TIM_Base_Init  stm32f1xx_hal_tim.o
    0x08002bee   0x00000002   PAD
    0x08002bf0   0x0000003c   Code   RO          295    i.HAL_TIM_Base_MspInit  tim.o
    0x08002c2c   0x00000058   Code   RO         1784    i.HAL_TIM_Base_Start_IT  stm32f1xx_hal_tim.o
    0x08002c84   0x000000d6   Code   RO         1788    i.HAL_TIM_ConfigClockSource  stm32f1xx_hal_tim.o
    0x08002d5a   0x00000002   Code   RO         1813    i.HAL_TIM_IC_CaptureCallback  stm32f1xx_hal_tim.o
    0x08002d5c   0x00000166   Code   RO         1827    i.HAL_TIM_IRQHandler  stm32f1xx_hal_tim.o
    0x08002ec2   0x00000002   Code   RO         1830    i.HAL_TIM_OC_DelayElapsedCallback  stm32f1xx_hal_tim.o
    0x08002ec4   0x00000002   Code   RO         1857    i.HAL_TIM_PWM_PulseFinishedCallback  stm32f1xx_hal_tim.o
    0x08002ec6   0x00000002   PAD
    0x08002ec8   0x000000bc   Code   RO           15    i.HAL_TIM_PeriodElapsedCallback  main.o
    0x08002f84   0x00000002   Code   RO         1870    i.HAL_TIM_TriggerCallback  stm32f1xx_hal_tim.o
    0x08002f86   0x00000002   Code   RO         2761    i.HAL_UARTEx_RxEventCallback  stm32f1xx_hal_uart.o
    0x08002f88   0x00000002   Code   RO         2775    i.HAL_UART_ErrorCallback  stm32f1xx_hal_uart.o
    0x08002f8a   0x00000002   PAD
    0x08002f8c   0x0000020c   Code   RO         2778    i.HAL_UART_IRQHandler  stm32f1xx_hal_uart.o
    0x08003198   0x00000062   Code   RO         2779    i.HAL_UART_Init     stm32f1xx_hal_uart.o
    0x080031fa   0x00000002   PAD
    0x080031fc   0x00000080   Code   RO          337    i.HAL_UART_MspInit  usart.o
    0x0800327c   0x0000002a   Code   RO         2784    i.HAL_UART_Receive_IT  stm32f1xx_hal_uart.o
    0x080032a6   0x00000002   PAD
    0x080032a8   0x00000044   Code   RO           16    i.HAL_UART_RxCpltCallback  main.o
    0x080032ec   0x000000b2   Code   RO         2787    i.HAL_UART_Transmit  stm32f1xx_hal_uart.o
    0x0800339e   0x00000002   Code   RO         2790    i.HAL_UART_TxCpltCallback  stm32f1xx_hal_uart.o
    0x080033a0   0x00000002   Code   RO          380    i.HardFault_Handler  stm32f1xx_it.o
    0x080033a2   0x00000002   PAD
    0x080033a4   0x0000004c   Code   RO           17    i.Key_function      main.o
    0x080033f0   0x00000050   Code   RO          254    i.MX_ADC1_Init      adc.o
    0x08003440   0x000000b4   Code   RO          224    i.MX_GPIO_Init      gpio.o
    0x080034f4   0x00000068   Code   RO          296    i.MX_TIM1_Init      tim.o
    0x0800355c   0x00000038   Code   RO          338    i.MX_USART2_UART_Init  usart.o
    0x08003594   0x00000002   Code   RO          381    i.MemManage_Handler  stm32f1xx_it.o
    0x08003596   0x00000002   PAD
    0x08003598   0x0000015c   Code   RO           18    i.Monitor_function  main.o
    0x080036f4   0x00000002   Code   RO          382    i.NMI_Handler       stm32f1xx_it.o
    0x080036f6   0x00000034   Code   RO         3196    i.OLED_Clear        oled_new.o
    0x0800372a   0x00000002   PAD
    0x0800372c   0x00000060   Code   RO         3201    i.OLED_GPIO_Init    oled_new.o
    0x0800378c   0x0000004c   Code   RO         3202    i.OLED_IIC_Start    oled_new.o
    0x080037d8   0x0000003c   Code   RO         3203    i.OLED_IIC_Stop     oled_new.o
    0x08003814   0x000000ba   Code   RO         3204    i.OLED_Init         oled_new.o
    0x080038ce   0x00000026   Code   RO         3205    i.OLED_Set_Pos      oled_new.o
    0x080038f4   0x0000005e   Code   RO         3206    i.OLED_ShowNum      oled_new.o
    0x08003952   0x00000002   PAD
    0x08003954   0x00000080   Code   RO         3208    i.OLED_Show_Temp    oled_new.o
    0x080039d4   0x00000098   Code   RO         3210    i.OLED_Write_IIC_Byte  oled_new.o
    0x08003a6c   0x00000022   Code   RO         3211    i.OLED_write_iic_com  oled_new.o
    0x08003a8e   0x00000022   Code   RO         3212    i.OLED_write_iic_dat  oled_new.o
    0x08003ab0   0x00000084   Code   RO         3213    i.Oled_ShowCHinese  oled_new.o
    0x08003b34   0x0000004c   Code   RO         3214    i.Oled_ShowChar     oled_new.o
    0x08003b80   0x00000030   Code   RO         3215    i.Oled_ShowString   oled_new.o
    0x08003bb0   0x00000002   Code   RO          383    i.PendSV_Handler    stm32f1xx_it.o
    0x08003bb2   0x00000002   Code   RO          384    i.SVC_Handler       stm32f1xx_it.o
    0x08003bb4   0x00000004   Code   RO          385    i.SysTick_Handler   stm32f1xx_it.o
    0x08003bb8   0x00000078   Code   RO           19    i.SystemClock_Config  main.o
    0x08003c30   0x00000002   Code   RO         3108    i.SystemInit        system_stm32f1xx.o
    0x08003c32   0x00000002   PAD
    0x08003c34   0x0000000c   Code   RO          386    i.TIM1_UP_IRQHandler  stm32f1xx_it.o
    0x08003c40   0x0000006c   Code   RO         1872    i.TIM_Base_SetConfig  stm32f1xx_hal_tim.o
    0x08003cac   0x00000014   Code   RO         1883    i.TIM_ETR_SetConfig  stm32f1xx_hal_tim.o
    0x08003cc0   0x00000010   Code   RO         1884    i.TIM_ITRx_SetConfig  stm32f1xx_hal_tim.o
    0x08003cd0   0x00000022   Code   RO         1890    i.TIM_TI1_ConfigInputStage  stm32f1xx_hal_tim.o
    0x08003cf2   0x00000024   Code   RO         1892    i.TIM_TI2_ConfigInputStage  stm32f1xx_hal_tim.o
    0x08003d16   0x00000010   Code   RO         2792    i.UART_DMAAbortOnError  stm32f1xx_hal_uart.o
    0x08003d26   0x00000030   Code   RO         2802    i.UART_EndRxTransfer  stm32f1xx_hal_uart.o
    0x08003d56   0x000000b6   Code   RO         2804    i.UART_Receive_IT   stm32f1xx_hal_uart.o
    0x08003e0c   0x000000b8   Code   RO         2805    i.UART_SetConfig    stm32f1xx_hal_uart.o
    0x08003ec4   0x00000036   Code   RO         2807    i.UART_Start_Receive_IT  stm32f1xx_hal_uart.o
    0x08003efa   0x00000064   Code   RO         2808    i.UART_WaitOnFlagUntilTimeout  stm32f1xx_hal_uart.o
    0x08003f5e   0x00000002   PAD
    0x08003f60   0x0000000c   Code   RO          387    i.USART2_IRQHandler  stm32f1xx_it.o
    0x08003f6c   0x00000002   Code   RO          388    i.UsageFault_Handler  stm32f1xx_it.o
    0x08003f6e   0x00000002   PAD
    0x08003f70   0x00000014   Code   RO         3367    i.Usart_SendString  aliesp8266.o
    0x08003f84   0x00000020   Code   RO         1290    i.__NVIC_SetPriority  stm32f1xx_hal_cortex.o
    0x08003fa4   0x0000000e   Code   RO         3552    i._is_digit         c_w.l(__printf_wp.o)
    0x08003fb2   0x00000042   Code   RO         3145    i.delay_us          delay.o
    0x08003ff4   0x0000005c   Code   RO           20    i.main              main.o
    0x08004050   0x00000010   Code   RO         3216    i.oled_pow          oled_new.o
    0x08004060   0x00000058   Code   RO         3471    i.read_18b20        ds18b20.o
    0x080040b8   0x00000058   Code   RO         3472    i.write_18b20       ds18b20.o
    0x08004110   0x0000002c   Code   RO         3658    locale$$code        c_w.l(lc_ctype_c.o)
    0x0800413c   0x000002b0   Code   RO         3585    x$fpl$ddiv          fz_ws.l(ddiv.o)
    0x080043ec   0x0000005a   Code   RO         3588    x$fpl$dfixu         fz_ws.l(dfixu.o)
    0x08004446   0x00000026   Code   RO         3592    x$fpl$dfltu         fz_ws.l(dflt_clz.o)
    0x0800446c   0x00000154   Code   RO         3598    x$fpl$dmul          fz_ws.l(dmul.o)
    0x080045c0   0x0000009c   Code   RO         3619    x$fpl$dnaninf       fz_ws.l(dnaninf.o)
    0x0800465c   0x0000000c   Code   RO         3621    x$fpl$dretinf       fz_ws.l(dretinf.o)
    0x08004668   0x00000000   Code   RO         3623    x$fpl$usenofp       fz_ws.l(usenofp.o)
    0x08004668   0x00000008   Data   RO           22    .constdata          main.o
    0x08004670   0x00000010   Data   RO         3109    .constdata          system_stm32f1xx.o
    0x08004680   0x00000008   Data   RO         3110    .constdata          system_stm32f1xx.o
    0x08004688   0x00001586   Data   RO         3219    .constdata          oled_new.o
    0x08005c0e   0x00000011   Data   RO         3560    .constdata          c_w.l(__printf_flags_ss_wp.o)
    0x08005c1f   0x00000001   PAD
    0x08005c20   0x000000d0   Data   RO         3369    .conststring        aliesp8266.o
    0x08005cf0   0x00000020   Data   RO         3796    Region$$Table       anon$$obj.o
    0x08005d10   0x00000110   Data   RO         3657    locale$$data        c_w.l(lc_ctype_c.o)


    Execution Region RW_IRAM1 (Base: 0x20000000, Size: 0x000010f0, Max: 0x00005000, ABSOLUTE)

    Base Addr    Size         Type   Attr      Idx    E Section Name        Object

    0x20000000   0x00000020   Data   RW           23    .data               main.o
    0x20000020   0x0000000c   Data   RW          827    .data               stm32f1xx_hal.o
    0x2000002c   0x00000004   Data   RW         3111    .data               system_stm32f1xx.o
    0x20000030   0x00000001   Data   RW         3170    .data               key.o
    0x20000031   0x00000003   PAD
    0x20000034   0x0000001c   Data   RW         3370    .data               aliesp8266.o
    0x20000050   0x00000030   Zero   RW          255    .bss                adc.o
    0x20000080   0x00000048   Zero   RW          297    .bss                tim.o
    0x200000c8   0x00000044   Zero   RW          339    .bss                usart.o
    0x2000010c   0x00000980   Zero   RW         3368    .bss                aliesp8266.o
    0x20000a8c   0x00000060   Zero   RW         3625    .bss                c_w.l(libspace.o)
    0x20000aec   0x00000004   PAD
    0x20000af0   0x00000200   Zero   RW            2    HEAP                startup_stm32f103xb.o
    0x20000cf0   0x00000400   Zero   RW            1    STACK               startup_stm32f103xb.o


==============================================================================

Image component sizes


      Code (inc. data)   RO Data    RW Data    ZI Data      Debug   Object Name

       168         20          0          0         48       1601   adc.o
      3530       1470        208         28       2432      11278   aliesp8266.o
        66          0          0          0          0        675   delay.o
       480         40          0          0          0       3989   ds18b20.o
       180         14          0          0          0        887   gpio.o
       156          8          0          1          0        839   key.o
      1152        160          8         32          0     446220   main.o
      1222         48       5510          0          0      10621   oled_new.o
        64         26        236          0       1536        800   startup_stm32f103xb.o
       164         28          0         12          0       5805   stm32f1xx_hal.o
      1312         54          0          0          0       7119   stm32f1xx_hal_adc.o
       198         14          0          0          0      28863   stm32f1xx_hal_cortex.o
       222          4          0          0          0       1735   stm32f1xx_hal_dma.o
       500         34          0          0          0       3471   stm32f1xx_hal_gpio.o
        60          8          0          0          0        846   stm32f1xx_hal_msp.o
      1272        100          0          0          0       5116   stm32f1xx_hal_rcc.o
       436         46          0          0          0       2493   stm32f1xx_hal_rcc_ex.o
       972         26          0          0          0       9489   stm32f1xx_hal_tim.o
       108         12          0          0          0       2321   stm32f1xx_hal_tim_ex.o
      1432         10          0          0          0      10356   stm32f1xx_hal_uart.o
        44         12          0          0          0       4607   stm32f1xx_it.o
         2          0         24          4          0       1083   system_stm32f1xx.o
       164         18          0          0         72       1614   tim.o
       184         22          0          0         68       1638   usart.o

    ----------------------------------------------------------------------
     14126       2174       6018         80       4156     563466   Object Totals
         0          0         32          0          0          0   (incl. Generated)
        38          0          0          3          0          0   (incl. Padding)

    ----------------------------------------------------------------------

      Code (inc. data)   RO Data    RW Data    ZI Data      Debug   Library Member Name

        56          6          0          0          0         88   __2snprintf.o
        44          6          0          0          0         84   __2sprintf.o
         8          0          0          0          0         68   __main.o
       392          4         17          0          0         92   __printf_flags_ss_wp.o
        14          0          0          0          0         68   __printf_wp.o
         0          0          0          0          0          0   __rtentry.o
        12          0          0          0          0          0   __rtentry2.o
         6          0          0          0          0          0   __rtentry4.o
        52          8          0          0          0          0   __scatter.o
        26          0          0          0          0          0   __scatter_copy.o
        28          0          0          0          0          0   __scatter_zi.o
        28          0          0          0          0         68   _chval.o
        44          0          0          0          0        108   _printf_char.o
        48          6          0          0          0         96   _printf_char_common.o
         6          0          0          0          0          0   _printf_d.o
       120         16          0          0          0         92   _printf_dec.o
       178          0          0          0          0         88   _printf_intcommon.o
        78          0          0          0          0        108   _printf_pad.o
         0          0          0          0          0          0   _printf_percent.o
         4          0          0          0          0          0   _printf_percent_end.o
         6          0          0          0          0          0   _printf_s.o
        82          0          0          0          0         80   _printf_str.o
         6          0          0          0          0          0   _printf_u.o
        16          0          0          0          0         68   _snputc.o
        10          0          0          0          0         68   _sputc.o
       158          0          0          0          0         92   _strtoul.o
        26          0          0          0          0         80   atoi.o
        18          0          0          0          0         80   exit.o
         6          0          0          0          0        152   heapauxi.o
         0          0          0          0          0          0   indicate_semi.o
        44         10        272          0          0         76   lc_ctype_c.o
         2          0          0          0          0          0   libinit.o
        20          0          0          0          0          0   libinit2.o
         2          0          0          0          0          0   libshutdown.o
         2          0          0          0          0          0   libshutdown2.o
         8          4          0          0         96         68   libspace.o
        16          4          0          0          0         76   rt_ctype_table.o
         8          4          0          0          0         68   rt_errno_addr_intlibspace.o
         8          4          0          0          0         68   rt_locale_intlibspace.o
        68          0          0          0          0         68   rt_memclr.o
        78          0          0          0          0         80   rt_memclr_w.o
         2          0          0          0          0          0   rtexit.o
        10          0          0          0          0          0   rtexit2.o
       128          0          0          0          0         68   strcmpv7m.o
        72          0          0          0          0         80   strcpy.o
        62          0          0          0          0         76   strlen.o
        86          0          0          0          0         76   strncpy.o
        36          0          0          0          0         80   strstr.o
       112          0          0          0          0         88   strtol.o
        12          4          0          0          0         68   sys_exit.o
        74          0          0          0          0         80   sys_stackheap_outer.o
         2          0          0          0          0         68   use_no_semi.o
       688        140          0          0          0        208   ddiv.o
        90          4          0          0          0         92   dfixu.o
        38          0          0          0          0         68   dflt_clz.o
       340         12          0          0          0        104   dmul.o
       156          4          0          0          0         92   dnaninf.o
        12          0          0          0          0         68   dretinf.o
         0          0          0          0          0          0   usenofp.o

    ----------------------------------------------------------------------
      3662        236        290          0        100       3400   Library Totals
        14          0          1          0          4          0   (incl. Padding)

    ----------------------------------------------------------------------

      Code (inc. data)   RO Data    RW Data    ZI Data      Debug   Library Name

      2324         76        289          0         96       2768   c_w.l
      1324        160          0          0          0        632   fz_ws.l

    ----------------------------------------------------------------------
      3662        236        290          0        100       3400   Library Totals

    ----------------------------------------------------------------------

==============================================================================


      Code (inc. data)   RO Data    RW Data    ZI Data      Debug   

     17788       2410       6308         80       4256     558906   Grand Totals
     17788       2410       6308         80       4256     558906   ELF Image Totals
     17788       2410       6308         80          0          0   ROM Totals

==============================================================================

    Total RO  Size (Code + RO Data)                24096 (  23.53kB)
    Total RW  Size (RW Data + ZI Data)              4336 (   4.23kB)
    Total ROM Size (Code + RO Data + RW Data)      24176 (  23.61kB)

==============================================================================

